Archive member included to satisfy reference by file (symbol)

.\CortexM3\ARM_GCC_541\Debug\write_fonction_spi.a(SPIM.o)
                              .\CortexM3\ARM_GCC_541\Debug\dwm1000.o (SPIM_ReadTxStatus)
.\CortexM3\ARM_GCC_541\Debug\write_fonction_spi.a(SPIM_INT.o)
                              .\CortexM3\ARM_GCC_541\Debug\write_fonction_spi.a(SPIM.o) (SPIM_RX_ISR)
.\CortexM3\ARM_GCC_541\Debug\write_fonction_spi.a(IRQ.o)
                              .\CortexM3\ARM_GCC_541\Debug\main.o (IRQ_SetPriority)
.\CortexM3\ARM_GCC_541\Debug\write_fonction_spi.a(pin_1.o)
                              .\CortexM3\ARM_GCC_541\Debug\main.o (pin_1_ClearInterrupt)
.\CortexM3\ARM_GCC_541\Debug\write_fonction_spi.a(LED_1.o)
                              .\CortexM3\ARM_GCC_541\Debug\main.o (LED_1_Write)
.\CortexM3\ARM_GCC_541\Debug\write_fonction_spi.a(USBP.o)
                              .\CortexM3\ARM_GCC_541\Debug\main.o (USBP_Start)
.\CortexM3\ARM_GCC_541\Debug\write_fonction_spi.a(USBP_drv.o)
                              .\CortexM3\ARM_GCC_541\Debug\write_fonction_spi.a(USBP.o) (USBP_lastPacketSize)
.\CortexM3\ARM_GCC_541\Debug\write_fonction_spi.a(USBP_episr.o)
                              .\CortexM3\ARM_GCC_541\Debug\write_fonction_spi.a(USBP.o) (USBP_EP_1_ISR)
.\CortexM3\ARM_GCC_541\Debug\write_fonction_spi.a(USBP_pm.o)
                              .\CortexM3\ARM_GCC_541\Debug\write_fonction_spi.a(USBP.o) (USBP_DP_ISR)
.\CortexM3\ARM_GCC_541\Debug\write_fonction_spi.a(USBP_std.o)
                              .\CortexM3\ARM_GCC_541\Debug\write_fonction_spi.a(USBP_pm.o) (USBP_ConfigReg)
.\CortexM3\ARM_GCC_541\Debug\write_fonction_spi.a(USBP_vnd.o)
                              .\CortexM3\ARM_GCC_541\Debug\write_fonction_spi.a(USBP_drv.o) (USBP_HandleVendorRqst)
.\CortexM3\ARM_GCC_541\Debug\write_fonction_spi.a(LED_2.o)
                              .\CortexM3\ARM_GCC_541\Debug\main.o (LED_2_Write)
.\CortexM3\ARM_GCC_541\Debug\write_fonction_spi.a(LED_3.o)
                              .\CortexM3\ARM_GCC_541\Debug\main.o (LED_3_Write)
.\CortexM3\ARM_GCC_541\Debug\write_fonction_spi.a(LED_4.o)
                              .\CortexM3\ARM_GCC_541\Debug\main.o (LED_4_Write)
.\CortexM3\ARM_GCC_541\Debug\write_fonction_spi.a(Timer_1.o)
                              .\CortexM3\ARM_GCC_541\Debug\main.o (Timer_1_Start)
.\CortexM3\ARM_GCC_541\Debug\write_fonction_spi.a(USBP_Dp.o)
                              .\CortexM3\ARM_GCC_541\Debug\write_fonction_spi.a(USBP.o) (USBP_Dp_ClearInterrupt)
.\CortexM3\ARM_GCC_541\Debug\write_fonction_spi.a(CyLib.o)
                              .\CortexM3\ARM_GCC_541\Debug\Cm3Start.o (CyHalt)
.\CortexM3\ARM_GCC_541\Debug\write_fonction_spi.a(cyPm.o)
                              .\CortexM3\ARM_GCC_541\Debug\write_fonction_spi.a(CyLib.o) (CyPmReadStatus)
.\CortexM3\ARM_GCC_541\Debug\write_fonction_spi.a(CyBootAsmGnu.o)
                              .\CortexM3\ARM_GCC_541\Debug\cyfitter_cfg.o (CyDelayCycles)
.\CortexM3\ARM_GCC_541\Debug\write_fonction_spi.a(USBP_cls.o)
                              .\CortexM3\ARM_GCC_541\Debug\write_fonction_spi.a(USBP_drv.o) (USBP_DispatchClassRqst)
.\CortexM3\ARM_GCC_541\Debug\write_fonction_spi.a(USBP_descr.o)
                              .\CortexM3\ARM_GCC_541\Debug\write_fonction_spi.a(USBP_std.o) (USBP_TABLE)
.\CortexM3\ARM_GCC_541\Debug\write_fonction_spi.a(CyFlash.o)
                              .\CortexM3\ARM_GCC_541\Debug\write_fonction_spi.a(cyPm.o) (CyFlash_SetWaitCycles)
.\CortexM3\ARM_GCC_541\Debug\write_fonction_spi.a(CySpc.o)
                              .\CortexM3\ARM_GCC_541\Debug\write_fonction_spi.a(CyFlash.o) (CySpcStart)
c:/program files (x86)/cypress/psoc creator/4.3/psoc creator/import/gnu/arm/5.4.1/bin/../lib/gcc/arm-none-eabi/5.4.1/../../../../arm-none-eabi/lib/armv7-m\libg_nano.a(lib_a-errno.o)
                              .\CortexM3\ARM_GCC_541\Debug\Cm3Start.o (__errno)
c:/program files (x86)/cypress/psoc creator/4.3/psoc creator/import/gnu/arm/5.4.1/bin/../lib/gcc/arm-none-eabi/5.4.1/../../../../arm-none-eabi/lib/armv7-m\libg_nano.a(lib_a-exit.o)
                              c:/program files (x86)/cypress/psoc creator/4.3/psoc creator/import/gnu/arm/5.4.1/bin/../lib/gcc/arm-none-eabi/5.4.1/../../../../arm-none-eabi/lib/armv7-m/crt0.o (exit)
c:/program files (x86)/cypress/psoc creator/4.3/psoc creator/import/gnu/arm/5.4.1/bin/../lib/gcc/arm-none-eabi/5.4.1/../../../../arm-none-eabi/lib/armv7-m\libg_nano.a(lib_a-impure.o)
                              c:/program files (x86)/cypress/psoc creator/4.3/psoc creator/import/gnu/arm/5.4.1/bin/../lib/gcc/arm-none-eabi/5.4.1/../../../../arm-none-eabi/lib/armv7-m\libg_nano.a(lib_a-exit.o) (_global_impure_ptr)
c:/program files (x86)/cypress/psoc creator/4.3/psoc creator/import/gnu/arm/5.4.1/bin/../lib/gcc/arm-none-eabi/5.4.1/../../../../arm-none-eabi/lib/armv7-m\libg_nano.a(lib_a-init.o)
[...]
Memory Configuration

Name             Origin             Length             Attributes
rom              0x00000000         0x00040000         xr
ram              0x1fff8000         0x00010000         xrw
*default*        0x00000000         0xffffffff

Linker script and memory map

LOAD c:/program files (x86)/cypress/psoc creator/4.3/psoc creator/import/gnu/arm/5.4.1/bin/../lib/gcc/arm-none-eabi/5.4.1/armv7-m/crti.o
LOAD c:/program files (x86)/cypress/psoc creator/4.3/psoc creator/import/gnu/arm/5.4.1/bin/../lib/gcc/arm-none-eabi/5.4.1/armv7-m/crtbegin.o
LOAD c:/program files (x86)/cypress/psoc creator/4.3/psoc creator/import/gnu/arm/5.4.1/bin/../lib/gcc/arm-none-eabi/5.4.1/../../../../arm-none-eabi/lib/armv7-m/crt0.o
START GROUP
LOAD .\CortexM3\ARM_GCC_541\Debug\croutine.o
LOAD .\CortexM3\ARM_GCC_541\Debug\event_groups.o
LOAD .\CortexM3\ARM_GCC_541\Debug\heap_2.o
LOAD .\CortexM3\ARM_GCC_541\Debug\list.o
LOAD .\CortexM3\ARM_GCC_541\Debug\mpu_wrappers.o
LOAD .\CortexM3\ARM_GCC_541\Debug\port.o
LOAD .\CortexM3\ARM_GCC_541\Debug\queue.o
LOAD .\CortexM3\ARM_GCC_541\Debug\stream_buffer.o
LOAD .\CortexM3\ARM_GCC_541\Debug\tasks.o
LOAD .\CortexM3\ARM_GCC_541\Debug\timers.o
LOAD .\CortexM3\ARM_GCC_541\Debug\main.o
LOAD .\CortexM3\ARM_GCC_541\Debug\dwm1000.o
LOAD .\CortexM3\ARM_GCC_541\Debug\cyfitter_cfg.o
LOAD .\CortexM3\ARM_GCC_541\Debug\cymetadata.o
LOAD .\CortexM3\ARM_GCC_541\Debug\Cm3Start.o
LOAD .\CortexM3\ARM_GCC_541\Debug\write_fonction_spi.a
LOAD C:\Program Files (x86)\Cypress\PSoC Creator\4.3\PSoC Creator\psoc\content\cycomponentlibrary\CyComponentLibrary.cylib\CortexM3\ARM_GCC_541\Debug\CyComponentLibrary.a
END GROUP
START GROUP
LOAD c:/program files (x86)/cypress/psoc creator/4.3/psoc creator/import/gnu/arm/5.4.1/bin/../lib/gcc/arm-none-eabi/5.4.1/armv7-m\libgcc.a
LOAD c:/program files (x86)/cypress/psoc creator/4.3/psoc creator/import/gnu/arm/5.4.1/bin/../lib/gcc/arm-none-eabi/5.4.1/../../../../arm-none-eabi/lib/armv7-m\libg_nano.a
LOAD c:/program files (x86)/cypress/psoc creator/4.3/psoc creator/import/gnu/arm/5.4.1/bin/../lib/gcc/arm-none-eabi/5.4.1/../../../../arm-none-eabi/lib/armv7-m\libc_nano.a
END GROUP
START GROUP
LOAD c:/program files (x86)/cypress/psoc creator/4.3/psoc creator/import/gnu/arm/5.4.1/bin/../lib/gcc/arm-none-eabi/5.4.1/armv7-m\libgcc.a
LOAD c:/program files (x86)/cypress/psoc creator/4.3/psoc creator/import/gnu/arm/5.4.1/bin/../lib/gcc/arm-none-eabi/5.4.1/../../../../arm-none-eabi/lib/armv7-m\libc_nano.a
END GROUP
LOAD c:/program files (x86)/cypress/psoc creator/4.3/psoc creator/import/gnu/arm/5.4.1/bin/../lib/gcc/arm-none-eabi/5.4.1/armv7-m/crtend.o
LOAD c:/program files (x86)/cypress/psoc creator/4.3/psoc creator/import/gnu/arm/5.4.1/bin/../lib/gcc/arm-none-eabi/5.4.1/armv7-m/crtn.o
START GROUP
LOAD c:/program files (x86)/cypress/psoc creator/4.3/psoc creator/import/gnu/arm/5.4.1/bin/../lib/gcc/arm-none-eabi/5.4.1/armv7-m\libgcc.a
LOAD c:/program files (x86)/cypress/psoc creator/4.3/psoc creator/import/gnu/arm/5.4.1/bin/../lib/gcc/arm-none-eabi/5.4.1/../../../../arm-none-eabi/lib/armv7-m\libc.a
LOAD c:/program files (x86)/cypress/psoc creator/4.3/psoc creator/import/gnu/arm/5.4.1/bin/../lib/gcc/arm-none-eabi/5.4.1/../../../../arm-none-eabi/lib/armv7-m\libnosys.a
END GROUP
                0x00000000                CY_APPL_ORIGIN = 0x0
                0x00000100                CY_FLASH_ROW_SIZE = 0x100
                0x00000020                CY_ECC_ROW_SIZE = 0x20
                0x00000000                CY_EE_IN_BTLDR = 0x0
                0x00000000                CY_APPL_LOADABLE = 0x0
                0x00000800                CY_EE_SIZE = 0x800
                0x00000001                CY_APPL_NUM = 0x1
                0x00000001                CY_APPL_MAX = 0x1
                0x00000040                CY_METADATA_SIZE = 0x40
                0x00000000                CY_APPL_LOADABLE = 0x0
                0x00000000                CY_CHECKSUM_EXCLUDE_SIZE = ALIGN (0x0, CY_FLASH_ROW_SIZE)
                [!provide]                PROVIDE (__cy_heap_start, _end)
                0x00000001                PROVIDE (__cy_region_num, ((__cy_regions_end - __cy_regions) / 0x10))
                0x20008000                PROVIDE (__cy_stack, (ORIGIN (ram) + LENGTH (ram)))
                [!provide]                PROVIDE (__cy_heap_end, (__cy_stack - 0x800))

.cybootloader   0x00000000        0x0
 *(.cybootloader)
                0x00000000                appl1_start = CY_APPL_ORIGIN?CY_APPL_ORIGIN:ALIGN (CY_FLASH_ROW_SIZE)
                0x0001ff00                appl2_start = (appl1_start + ALIGN ((((LENGTH (rom) - appl1_start) - (0x2 * CY_FLASH_ROW_SIZE)) / 0x2), CY_FLASH_ROW_SIZE))
                0x00000000                appl_start = (CY_APPL_NUM == 0x1)?appl1_start:appl2_start
                0x00000000                ecc_offset = ((appl_start / CY_FLASH_ROW_SIZE) * CY_ECC_ROW_SIZE)
                0x00000000                ee_offset = (CY_APPL_LOADABLE && ! (CY_EE_IN_BTLDR))?((CY_EE_SIZE / CY_APPL_MAX) * (CY_APPL_NUM - 0x1)):0x0
                0x00000800                ee_size = (CY_APPL_LOADABLE && ! (CY_EE_IN_BTLDR))?(CY_EE_SIZE / CY_APPL_MAX):CY_EE_SIZE
                [!provide]                PROVIDE (CY_ECC_OFFSET, ecc_offset)

.text           0x00000000     0x48ae
 CREATE_OBJECT_SYMBOLS
                0x00000000                PROVIDE (__cy_interrupt_vector, RomVectors)
 *(.romvectors)
 .romvectors    0x00000000       0x10 .\CortexM3\ARM_GCC_541\Debug\Cm3Start.o
                0x00000000                RomVectors
                0x00000001                ASSERT ((. != __cy_interrupt_vector), No interrupt vector)
                0x00000001                ASSERT (CY_APPL_ORIGIN?(SIZEOF (.cybootloader) <= CY_APPL_ORIGIN):0x1, Wrong image location)
                0x00000010                PROVIDE (__cy_reset, Reset)
 *(.text.Reset)
 .text.Reset    0x00000010       0x18 .\CortexM3\ARM_GCC_541\Debug\Cm3Start.o
                0x00000010                Reset
                0x00000001                ASSERT ((. != __cy_reset), No reset code)
 *(.dma_init)
                0x00000001                ASSERT ((((appl_start + .) <= 0x10000) || 0x1), DMA Init must be within the first 64k of flash)
 *(.text .text.* .gnu.linkonce.t.*)
 .text          0x00000028       0x5c c:/program files (x86)/cypress/psoc creator/4.3/psoc creator/import/gnu/arm/5.4.1/bin/../lib/gcc/arm-none-eabi/5.4.1/armv7-m/crtbegin.o
 .text.prvHeapInit
                0x00000084       0x30 .\CortexM3\ARM_GCC_541\Debug\heap_2.o
 .text.pvPortMalloc
                0x000000b4       0xac .\CortexM3\ARM_GCC_541\Debug\heap_2.o
                0x000000b4                pvPortMalloc
 .text.vPortFree
                0x00000160       0x44 .\CortexM3\ARM_GCC_541\Debug\heap_2.o
                0x00000160                vPortFree
 .text.vListInitialise
                0x000001a4       0x18 .\CortexM3\ARM_GCC_541\Debug\list.o
                0x000001a4                vListInitialise
 .text.vListInitialiseItem
                0x000001bc        0x8 .\CortexM3\ARM_GCC_541\Debug\list.o
                0x000001bc                vListInitialiseItem
 .text.vListInsertEnd
                0x000001c4       0x18 .\CortexM3\ARM_GCC_541\Debug\list.o
                0x000001c4                vListInsertEnd
 .text.vListInsert
                0x000001dc       0x34 .\CortexM3\ARM_GCC_541\Debug\list.o
                0x000001dc                vListInsert
 .text.uxListRemove
                0x00000210       0x28 .\CortexM3\ARM_GCC_541\Debug\list.o
                0x00000210                uxListRemove
 .text.prvTaskExitError
                0x00000238       0x20 .\CortexM3\ARM_GCC_541\Debug\port.o
 .text.prvPortStartFirstTask
                0x00000258       0x20 .\CortexM3\ARM_GCC_541\Debug\port.o
 .text.pxPortInitialiseStack
                0x00000278       0x24 .\CortexM3\ARM_GCC_541\Debug\port.o
                0x00000278                pxPortInitialiseStack
 *fill*         0x0000029c        0x4 
 .text.vPortSVCHandler
                0x000002a0       0x24 .\CortexM3\ARM_GCC_541\Debug\port.o
                0x000002a0                vPortSVCHandler
 .text.vPortEnterCritical
                0x000002c4       0x20 .\CortexM3\ARM_GCC_541\Debug\port.o
                0x000002c4                vPortEnterCritical
 .text.vPortExitCritical
                0x000002e4       0x14 .\CortexM3\ARM_GCC_541\Debug\port.o
                0x000002e4                vPortExitCritical
 *fill*         0x000002f8        0x8 
 .text.xPortPendSVHandler
                0x00000300       0x44 .\CortexM3\ARM_GCC_541\Debug\port.o
                0x00000300                xPortPendSVHandler
 .text.xPortSysTickHandler
                0x00000344       0x2c .\CortexM3\ARM_GCC_541\Debug\port.o
                0x00000344                xPortSysTickHandler
 .text.vPortSetupTimerInterrupt
                0x00000370       0x24 .\CortexM3\ARM_GCC_541\Debug\port.o
                0x00000370                vPortSetupTimerInterrupt
 .text.xPortStartScheduler
                0x00000394       0x38 .\CortexM3\ARM_GCC_541\Debug\port.o
                0x00000394                xPortStartScheduler
 .text.prvGetDisinheritPriorityAfterTimeout
                0x000003cc       0x14 .\CortexM3\ARM_GCC_541\Debug\queue.o
 .text.prvIsQueueFull
                0x000003e0       0x20 .\CortexM3\ARM_GCC_541\Debug\queue.o
 .text.prvIsQueueEmpty
                0x00000400       0x1c .\CortexM3\ARM_GCC_541\Debug\queue.o
 .text.prvCopyDataToQueue
                0x0000041c       0x78 .\CortexM3\ARM_GCC_541\Debug\queue.o
 .text.prvCopyDataFromQueue
                0x00000494       0x24 .\CortexM3\ARM_GCC_541\Debug\queue.o
 .text.prvUnlockQueue
                0x000004b8       0x68 .\CortexM3\ARM_GCC_541\Debug\queue.o
 .text.xQueueGenericReset
                0x00000520       0x6c .\CortexM3\ARM_GCC_541\Debug\queue.o
                0x00000520                xQueueGenericReset
 .text.prvInitialiseNewQueue
                0x0000058c       0x1c .\CortexM3\ARM_GCC_541\Debug\queue.o
 .text.xQueueGenericCreate
                0x000005a8       0x34 .\CortexM3\ARM_GCC_541\Debug\queue.o
                0x000005a8                xQueueGenericCreate
 .text.xQueueGenericSend
                0x000005dc      0x108 .\CortexM3\ARM_GCC_541\Debug\queue.o
                0x000005dc                xQueueGenericSend
 .text.prvInitialiseMutex
                0x000006e4       0x18 .\CortexM3\ARM_GCC_541\Debug\queue.o
 .text.xQueueCreateMutex
                0x000006fc       0x18 .\CortexM3\ARM_GCC_541\Debug\queue.o
                0x000006fc                xQueueCreateMutex
 .text.xQueueGenericSendFromISR
                0x00000714       0x70 .\CortexM3\ARM_GCC_541\Debug\queue.o
                0x00000714                xQueueGenericSendFromISR
 .text.xQueueReceive
                0x00000784       0xf8 .\CortexM3\ARM_GCC_541\Debug\queue.o
                0x00000784                xQueueReceive
 .text.xQueueSemaphoreTake
                0x0000087c      0x128 .\CortexM3\ARM_GCC_541\Debug\queue.o
                0x0000087c                xQueueSemaphoreTake
 .text.vQueueAddToRegistry
                0x000009a4       0x28 .\CortexM3\ARM_GCC_541\Debug\queue.o
                0x000009a4                vQueueAddToRegistry
 .text.vQueueWaitForMessageRestricted
                0x000009cc       0x4c .\CortexM3\ARM_GCC_541\Debug\queue.o
                0x000009cc                vQueueWaitForMessageRestricted
 .text.prvTaskIsTaskSuspended
                0x00000a18       0x2c .\CortexM3\ARM_GCC_541\Debug\tasks.o
 .text.prvResetNextTaskUnblockTime
                0x00000a44       0x24 .\CortexM3\ARM_GCC_541\Debug\tasks.o
 .text.prvDeleteTCB
                0x00000a68       0x14 .\CortexM3\ARM_GCC_541\Debug\tasks.o
 .text.prvInitialiseNewTask
                0x00000a7c       0x90 .\CortexM3\ARM_GCC_541\Debug\tasks.o
 .text.prvInitialiseTaskLists
                0x00000b0c       0x58 .\CortexM3\ARM_GCC_541\Debug\tasks.o
 .text.prvAddNewTaskToReadyList
                0x00000b64       0xac .\CortexM3\ARM_GCC_541\Debug\tasks.o
 .text.prvCheckTasksWaitingTermination
                0x00000c10       0x44 .\CortexM3\ARM_GCC_541\Debug\tasks.o
 .text.prvIdleTask
                0x00000c54        0x8 .\CortexM3\ARM_GCC_541\Debug\tasks.o
 .text.prvAddCurrentTaskToDelayedList
                0x00000c5c       0x84 .\CortexM3\ARM_GCC_541\Debug\tasks.o
 .text.xTaskCreate
                0x00000ce0       0x64 .\CortexM3\ARM_GCC_541\Debug\tasks.o
                0x00000ce0                xTaskCreate
 .text.uxTaskPriorityGet
                0x00000d44       0x20 .\CortexM3\ARM_GCC_541\Debug\tasks.o
                0x00000d44                uxTaskPriorityGet
 .text.vTaskPrioritySet
                0x00000d64       0xe0 .\CortexM3\ARM_GCC_541\Debug\tasks.o
                0x00000d64                vTaskPrioritySet
 .text.vTaskResume
                0x00000e44       0x78 .\CortexM3\ARM_GCC_541\Debug\tasks.o
                0x00000e44                vTaskResume
 .text.vTaskStartScheduler
                0x00000ebc       0x60 .\CortexM3\ARM_GCC_541\Debug\tasks.o
                0x00000ebc                vTaskStartScheduler
 .text.vTaskSuspendAll
                0x00000f1c       0x14 .\CortexM3\ARM_GCC_541\Debug\tasks.o
                0x00000f1c                vTaskSuspendAll
 .text.xTaskGetTickCount
                0x00000f30        0xc .\CortexM3\ARM_GCC_541\Debug\tasks.o
                0x00000f30                xTaskGetTickCount
 .text.xTaskIncrementTick
                0x00000f3c      0x100 .\CortexM3\ARM_GCC_541\Debug\tasks.o
                0x00000f3c                xTaskIncrementTick
 .text.xTaskResumeAll
                0x0000103c       0xd8 .\CortexM3\ARM_GCC_541\Debug\tasks.o
                0x0000103c                xTaskResumeAll
 .text.vTaskSwitchContext
                0x00001114       0x70 .\CortexM3\ARM_GCC_541\Debug\tasks.o
                0x00001114                vTaskSwitchContext
 .text.vTaskSuspend
                0x00001184       0xc0 .\CortexM3\ARM_GCC_541\Debug\tasks.o
                0x00001184                vTaskSuspend
 .text.vTaskPlaceOnEventList
                0x00001244       0x20 .\CortexM3\ARM_GCC_541\Debug\tasks.o
                0x00001244                vTaskPlaceOnEventList
 .text.vTaskPlaceOnEventListRestricted
                0x00001264       0x28 .\CortexM3\ARM_GCC_541\Debug\tasks.o
                0x00001264                vTaskPlaceOnEventListRestricted
 .text.xTaskRemoveFromEventList
                0x0000128c       0x74 .\CortexM3\ARM_GCC_541\Debug\tasks.o
                0x0000128c                xTaskRemoveFromEventList
 .text.vTaskInternalSetTimeOutState
                0x00001300       0x14 .\CortexM3\ARM_GCC_541\Debug\tasks.o
                0x00001300                vTaskInternalSetTimeOutState
 .text.xTaskCheckForTimeOut
                0x00001314       0x58 .\CortexM3\ARM_GCC_541\Debug\tasks.o
                0x00001314                xTaskCheckForTimeOut
 .text.vTaskMissedYield
                0x0000136c       0x10 .\CortexM3\ARM_GCC_541\Debug\tasks.o
                0x0000136c                vTaskMissedYield
 .text.xTaskGetSchedulerState
                0x0000137c       0x20 .\CortexM3\ARM_GCC_541\Debug\tasks.o
                0x0000137c                xTaskGetSchedulerState
 .text.xTaskPriorityInherit
                0x0000139c       0xc8 .\CortexM3\ARM_GCC_541\Debug\tasks.o
                0x0000139c                xTaskPriorityInherit
 .text.xTaskPriorityDisinherit
                0x00001464       0x88 .\CortexM3\ARM_GCC_541\Debug\tasks.o
                0x00001464                xTaskPriorityDisinherit
 .text.vTaskPriorityDisinheritAfterTimeout
                0x000014ec       0x98 .\CortexM3\ARM_GCC_541\Debug\tasks.o
                0x000014ec                vTaskPriorityDisinheritAfterTimeout
 .text.pvTaskIncrementMutexHeldCount
                0x00001584       0x20 .\CortexM3\ARM_GCC_541\Debug\tasks.o
                0x00001584                pvTaskIncrementMutexHeldCount
 .text.prvGetNextExpireTime
                0x000015a4       0x20 .\CortexM3\ARM_GCC_541\Debug\timers.o
 .text.prvInsertTimerInActiveList
                0x000015c4       0x44 .\CortexM3\ARM_GCC_541\Debug\timers.o
 .text.prvCheckForValidListAndQueue
                0x00001608       0x48 .\CortexM3\ARM_GCC_541\Debug\timers.o
 .text.xTimerCreateTimerTask
                0x00001650       0x40 .\CortexM3\ARM_GCC_541\Debug\timers.o
                0x00001650                xTimerCreateTimerTask
 .text.xTimerGenericCommand
                0x00001690       0x58 .\CortexM3\ARM_GCC_541\Debug\timers.o
                0x00001690                xTimerGenericCommand
 .text.prvSwitchTimerLists
                0x000016e8       0x60 .\CortexM3\ARM_GCC_541\Debug\timers.o
 .text.prvSampleTimeNow
                0x00001748       0x2c .\CortexM3\ARM_GCC_541\Debug\timers.o
 .text.prvProcessExpiredTimer
                0x00001774       0x48 .\CortexM3\ARM_GCC_541\Debug\timers.o
 .text.prvProcessTimerOrBlockTask
                0x000017bc       0x70 .\CortexM3\ARM_GCC_541\Debug\timers.o
 .text.prvProcessReceivedCommands
                0x0000182c       0x94 .\CortexM3\ARM_GCC_541\Debug\timers.o
 .text.prvTimerTask
                0x000018c0       0x18 .\CortexM3\ARM_GCC_541\Debug\timers.o
 .text.freeRTOSInit
                0x000018d8       0x20 .\CortexM3\ARM_GCC_541\Debug\main.o
 .text.ISR      0x000018f8       0x30 .\CortexM3\ARM_GCC_541\Debug\main.o
                0x000018f8                ISR
 .text.change_priorities
                0x00001928       0xd4 .\CortexM3\ARM_GCC_541\Debug\main.o
 .text.usb_in   0x000019fc       0x70 .\CortexM3\ARM_GCC_541\Debug\main.o
 .text.usb_out  0x00001a6c       0x50 .\CortexM3\ARM_GCC_541\Debug\main.o
 .text.state_machine_task
                0x00001abc      0x4e4 .\CortexM3\ARM_GCC_541\Debug\main.o
 .text.interrupt_routine
                0x00001fa0      0x134 .\CortexM3\ARM_GCC_541\Debug\main.o
 .text.main     0x000020d4      0x158 .\CortexM3\ARM_GCC_541\Debug\main.o
                0x000020d4                main
 .text.CHANNEL_ValidPreambleCode
                0x0000222c       0x90 .\CortexM3\ARM_GCC_541\Debug\dwm1000.o
 .text.CHANNEL_ValidPreambleSize
                0x000022bc       0x40 .\CortexM3\ARM_GCC_541\Debug\dwm1000.o
 .text.CHANNEL_Init
                0x000022fc       0x24 .\CortexM3\ARM_GCC_541\Debug\dwm1000.o
 .text.setBit   0x00002320       0x30 .\CortexM3\ARM_GCC_541\Debug\dwm1000.o
                0x00002320                setBit
 .text.int2Bytes
                0x00002350       0x10 .\CortexM3\ARM_GCC_541\Debug\dwm1000.o
                0x00002350                int2Bytes
 .text.short2Bytes
                0x00002360        0x8 .\CortexM3\ARM_GCC_541\Debug\dwm1000.o
                0x00002360                short2Bytes
 .text.DWM_ReadSPI_ext
                0x00002368       0xc0 .\CortexM3\ARM_GCC_541\Debug\dwm1000.o
                0x00002368                DWM_ReadSPI_ext
 .text.DWM_WriteSPI_ext
                0x00002428       0xa4 .\CortexM3\ARM_GCC_541\Debug\dwm1000.o
                0x00002428                DWM_WriteSPI_ext
 .text.TRANSMITTER_UpdatePreambleCode
                0x000024cc       0x4c .\CortexM3\ARM_GCC_541\Debug\dwm1000.o
 .text.TRANSMITTER_UpdatePreambleSize
                0x00002518       0x28 .\CortexM3\ARM_GCC_541\Debug\dwm1000.o
 .text.TRANSMITTER_UpdateTxPower
                0x00002540      0x1a0 .\CortexM3\ARM_GCC_541\Debug\dwm1000.o
 .text.TRANSMITTER_UpdateChannel
                0x000026e0       0xb4 .\CortexM3\ARM_GCC_541\Debug\dwm1000.o
 .text.TRANSMITTER_UpdateBitrate
                0x00002794       0x2c .\CortexM3\ARM_GCC_541\Debug\dwm1000.o
 .text.TRANSMITTER_UpdatePrf
                0x000027c0       0x2c .\CortexM3\ARM_GCC_541\Debug\dwm1000.o
 .text.TRANSMITTER_Init
                0x000027ec       0x24 .\CortexM3\ARM_GCC_541\Debug\dwm1000.o
 .text.RECEIVER_UpdatePreambleCode
                0x00002810       0x3c .\CortexM3\ARM_GCC_541\Debug\dwm1000.o
 .text.RECEIVER_UpdatePacSize
                0x0000284c      0x100 .\CortexM3\ARM_GCC_541\Debug\dwm1000.o
 .text.RECEIVER_UpdateSFDTimeout
                0x0000294c       0x74 .\CortexM3\ARM_GCC_541\Debug\dwm1000.o
 .text.RECEIVER_UpdatePreambleSize
                0x000029c0       0x88 .\CortexM3\ARM_GCC_541\Debug\dwm1000.o
 .text.RECEIVER_UpdateChannel
                0x00002a48       0x40 .\CortexM3\ARM_GCC_541\Debug\dwm1000.o
 .text.RECEIVER_UpdateBitrate
                0x00002a88       0x60 .\CortexM3\ARM_GCC_541\Debug\dwm1000.o
 .text.RECEIVER_UpdatePrf
                0x00002ae8       0xa8 .\CortexM3\ARM_GCC_541\Debug\dwm1000.o
 .text.RECEIVER_UpdateFrameTimeoutDelay
                0x00002b90       0x58 .\CortexM3\ARM_GCC_541\Debug\dwm1000.o
 .text.RECEIVER_Init
                0x00002be8       0x2c .\CortexM3\ARM_GCC_541\Debug\dwm1000.o
 .text.DWM_UpdateChannel
                0x00002c14       0xa4 .\CortexM3\ARM_GCC_541\Debug\dwm1000.o
 .text.DWM_Reset
                0x00002cb8       0xa0 .\CortexM3\ARM_GCC_541\Debug\dwm1000.o
 .text.CONFIG_Init
                0x00002d58       0x20 .\CortexM3\ARM_GCC_541\Debug\dwm1000.o
 .text.DWM_Init
                0x00002d78      0x16c .\CortexM3\ARM_GCC_541\Debug\dwm1000.o
                0x00002d78                DWM_Init
 .text.idle     0x00002ee4       0x74 .\CortexM3\ARM_GCC_541\Debug\dwm1000.o
                0x00002ee4                idle
 .text.DWM_Reset_Rx
                0x00002f58       0x30 .\CortexM3\ARM_GCC_541\Debug\dwm1000.o
                0x00002f58                DWM_Reset_Rx
 .text.DWM_Enable_Rx
                0x00002f88       0x2c .\CortexM3\ARM_GCC_541\Debug\dwm1000.o
                0x00002f88                DWM_Enable_Rx
 .text.DWM_SendData
                0x00002fb4       0x6c .\CortexM3\ARM_GCC_541\Debug\dwm1000.o
                0x00002fb4                DWM_SendData
 .text.DWM_ReceiveData
                0x00003020       0x68 .\CortexM3\ARM_GCC_541\Debug\dwm1000.o
                0x00003020                DWM_ReceiveData
 .text.CyClockStartupError
                0x00003088        0x4 .\CortexM3\ARM_GCC_541\Debug\cyfitter_cfg.o
 .text.cfg_write_bytes32
                0x0000308c       0x34 .\CortexM3\ARM_GCC_541\Debug\cyfitter_cfg.o
 .text.AnalogSetDefault
                0x000030c0       0x28 .\CortexM3\ARM_GCC_541\Debug\cyfitter_cfg.o
 .text.CYMEMZERO
                0x000030e8        0xc .\CortexM3\ARM_GCC_541\Debug\cyfitter_cfg.o
 .text.ClockSetup
                0x000030f4       0xcc .\CortexM3\ARM_GCC_541\Debug\cyfitter_cfg.o
 .text.CYCONFIGCPY
                0x000031c0        0x8 .\CortexM3\ARM_GCC_541\Debug\cyfitter_cfg.o
 .text.cyfitter_cfg
                0x000031c8      0x104 .\CortexM3\ARM_GCC_541\Debug\cyfitter_cfg.o
                0x000031c8                cyfitter_cfg
 .text.IntDefaultHandler
                0x000032cc       0x10 .\CortexM3\ARM_GCC_541\Debug\Cm3Start.o
                0x000032cc                IntDefaultHandler
 .text.Start_c  0x000032dc       0x4c .\CortexM3\ARM_GCC_541\Debug\Cm3Start.o
                0x000032dc                Start_c
 .text.initialize_psoc
                0x00003328       0x68 .\CortexM3\ARM_GCC_541\Debug\Cm3Start.o
                0x00003328                initialize_psoc
 .text.SPIM_EnableRxInt
                0x00003390        0xc .\CortexM3\ARM_GCC_541\Debug\write_fonction_spi.a(SPIM.o)
                0x00003390                SPIM_EnableRxInt
 .text.SPIM_Enable
                0x0000339c       0x34 .\CortexM3\ARM_GCC_541\Debug\write_fonction_spi.a(SPIM.o)
                0x0000339c                SPIM_Enable
 .text.SPIM_DisableRxInt
                0x000033d0        0xc .\CortexM3\ARM_GCC_541\Debug\write_fonction_spi.a(SPIM.o)
                0x000033d0                SPIM_DisableRxInt
 .text.SPIM_ReadTxStatus
                0x000033dc        0xc .\CortexM3\ARM_GCC_541\Debug\write_fonction_spi.a(SPIM.o)
                0x000033dc                SPIM_ReadTxStatus
 .text.SPIM_ReadRxStatus
                0x000033e8       0x28 .\CortexM3\ARM_GCC_541\Debug\write_fonction_spi.a(SPIM.o)
                0x000033e8                SPIM_ReadRxStatus
 .text.SPIM_WriteTxData
                0x00003410       0x18 .\CortexM3\ARM_GCC_541\Debug\write_fonction_spi.a(SPIM.o)
                0x00003410                SPIM_WriteTxData
 .text.SPIM_ReadRxData
                0x00003428       0x64 .\CortexM3\ARM_GCC_541\Debug\write_fonction_spi.a(SPIM.o)
                0x00003428                SPIM_ReadRxData
 .text.SPIM_ClearFIFO
                0x0000348c       0x3c .\CortexM3\ARM_GCC_541\Debug\write_fonction_spi.a(SPIM.o)
                0x0000348c                SPIM_ClearFIFO
 .text.SPIM_Init
                0x000034c8       0x60 .\CortexM3\ARM_GCC_541\Debug\write_fonction_spi.a(SPIM.o)
                0x000034c8                SPIM_Init
 .text.SPIM_Start
                0x00003528       0x1c .\CortexM3\ARM_GCC_541\Debug\write_fonction_spi.a(SPIM.o)
                0x00003528                SPIM_Start
 .text.SPIM_RX_ISR
                0x00003544       0xa0 .\CortexM3\ARM_GCC_541\Debug\write_fonction_spi.a(SPIM_INT.o)
                0x00003544                SPIM_RX_ISR
 .text.IRQ_SetVector
                0x000035e4        0xc .\CortexM3\ARM_GCC_541\Debug\write_fonction_spi.a(IRQ.o)
                0x000035e4                IRQ_SetVector
 .text.IRQ_SetPriority
                0x000035f0       0x10 .\CortexM3\ARM_GCC_541\Debug\write_fonction_spi.a(IRQ.o)
                0x000035f0                IRQ_SetPriority
 .text.IRQ_Enable
                0x00003600        0xc .\CortexM3\ARM_GCC_541\Debug\write_fonction_spi.a(IRQ.o)
                0x00003600                IRQ_Enable
 .text.IRQ_GetState
                0x0000360c       0x10 .\CortexM3\ARM_GCC_541\Debug\write_fonction_spi.a(IRQ.o)
                0x0000360c                IRQ_GetState
 .text.IRQ_Disable
                0x0000361c        0xc .\CortexM3\ARM_GCC_541\Debug\write_fonction_spi.a(IRQ.o)
                0x0000361c                IRQ_Disable
 .text.IRQ_StartEx
                0x00003628       0x1c .\CortexM3\ARM_GCC_541\Debug\write_fonction_spi.a(IRQ.o)
                0x00003628                IRQ_StartEx
 .text.IRQ_ClearPending
                0x00003644        0xc .\CortexM3\ARM_GCC_541\Debug\write_fonction_spi.a(IRQ.o)
                0x00003644                IRQ_ClearPending
 .text.pin_1_ClearInterrupt
                0x00003650       0x10 .\CortexM3\ARM_GCC_541\Debug\write_fonction_spi.a(pin_1.o)
                0x00003650                pin_1_ClearInterrupt
 .text.LED_1_Write
                0x00003660       0x18 .\CortexM3\ARM_GCC_541\Debug\write_fonction_spi.a(LED_1.o)
                0x00003660                LED_1_Write
 .text.USBP_Init
                0x00003678      0x12c .\CortexM3\ARM_GCC_541\Debug\write_fonction_spi.a(USBP.o)
                0x00003678                USBP_Init
 .text.USBP_InitComponent
                0x000037a4       0xb4 .\CortexM3\ARM_GCC_541\Debug\write_fonction_spi.a(USBP.o)
                0x000037a4                USBP_InitComponent
 .text.USBP_Start
                0x00003858       0x24 .\CortexM3\ARM_GCC_541\Debug\write_fonction_spi.a(USBP.o)
                0x00003858                USBP_Start
 .text.USBP_ReInitComponent
                0x0000387c       0x4c .\CortexM3\ARM_GCC_541\Debug\write_fonction_spi.a(USBP.o)
                0x0000387c                USBP_ReInitComponent
 .text.USBP_GetConfiguration
                0x000038c8        0xc .\CortexM3\ARM_GCC_541\Debug\write_fonction_spi.a(USBP.o)
                0x000038c8                USBP_GetConfiguration
 .text.USBP_GetEPCount
                0x000038d4       0x28 .\CortexM3\ARM_GCC_541\Debug\write_fonction_spi.a(USBP.o)
                0x000038d4                USBP_GetEPCount
 .text.USBP_LoadInEP
                0x000038fc       0x94 .\CortexM3\ARM_GCC_541\Debug\write_fonction_spi.a(USBP.o)
                0x000038fc                USBP_LoadInEP
 .text.USBP_EnableOutEP
                0x00003990       0x2c .\CortexM3\ARM_GCC_541\Debug\write_fonction_spi.a(USBP.o)
                0x00003990                USBP_EnableOutEP
 .text.USBP_ReadOutEP
                0x000039bc       0x50 .\CortexM3\ARM_GCC_541\Debug\write_fonction_spi.a(USBP.o)
                0x000039bc                USBP_ReadOutEP
 .text.USBP_DisableOutEP
                0x00003a0c       0x18 .\CortexM3\ARM_GCC_541\Debug\write_fonction_spi.a(USBP.o)
                0x00003a0c                USBP_DisableOutEP
 .text.USBP_GetEPAckState
                0x00003a24       0x20 .\CortexM3\ARM_GCC_541\Debug\write_fonction_spi.a(USBP.o)
                0x00003a24                USBP_GetEPAckState
 .text.USBP_LoadEP0
                0x00003a44       0x98 .\CortexM3\ARM_GCC_541\Debug\write_fonction_spi.a(USBP_drv.o)
                0x00003a44                USBP_LoadEP0
 .text.USBP_InitZeroLengthControlTransfer
                0x00003adc       0x34 .\CortexM3\ARM_GCC_541\Debug\write_fonction_spi.a(USBP_drv.o)
                0x00003adc                USBP_InitZeroLengthControlTransfer
 .text.USBP_ControlReadDataStage
                0x00003b10        0x8 .\CortexM3\ARM_GCC_541\Debug\write_fonction_spi.a(USBP_drv.o)
                0x00003b10                USBP_ControlReadDataStage
 .text.USBP_ControlWriteDataStage
                0x00003b18       0x84 .\CortexM3\ARM_GCC_541\Debug\write_fonction_spi.a(USBP_drv.o)
                0x00003b18                USBP_ControlWriteDataStage
 .text.USBP_InitNoDataControlTransfer
                0x00003b9c       0x2c .\CortexM3\ARM_GCC_541\Debug\write_fonction_spi.a(USBP_drv.o)
                0x00003b9c                USBP_InitNoDataControlTransfer
 .text.USBP_UpdateStatusBlock
                0x00003bc8       0x24 .\CortexM3\ARM_GCC_541\Debug\write_fonction_spi.a(USBP_drv.o)
                0x00003bc8                USBP_UpdateStatusBlock
 .text.USBP_HandleSetup
                0x00003bec       0x5c .\CortexM3\ARM_GCC_541\Debug\write_fonction_spi.a(USBP_drv.o)
                0x00003bec                USBP_HandleSetup
 .text.USBP_ControlReadStatusStage
                0x00003c48       0x38 .\CortexM3\ARM_GCC_541\Debug\write_fonction_spi.a(USBP_drv.o)
                0x00003c48                USBP_ControlReadStatusStage
 .text.USBP_HandleOUT
                0x00003c80       0x38 .\CortexM3\ARM_GCC_541\Debug\write_fonction_spi.a(USBP_drv.o)
                0x00003c80                USBP_HandleOUT
 .text.USBP_ControlWriteStatusStage
                0x00003cb8       0x20 .\CortexM3\ARM_GCC_541\Debug\write_fonction_spi.a(USBP_drv.o)
                0x00003cb8                USBP_ControlWriteStatusStage
 .text.USBP_NoDataControlStatusStage
                0x00003cd8       0x40 .\CortexM3\ARM_GCC_541\Debug\write_fonction_spi.a(USBP_drv.o)
                0x00003cd8                USBP_NoDataControlStatusStage
 .text.USBP_HandleIN
                0x00003d18       0x2c .\CortexM3\ARM_GCC_541\Debug\write_fonction_spi.a(USBP_drv.o)
                0x00003d18                USBP_HandleIN
 .text.USBP_EP_0_ISR
                0x00003d44       0xb8 .\CortexM3\ARM_GCC_541\Debug\write_fonction_spi.a(USBP_drv.o)
                0x00003d44                USBP_EP_0_ISR
 .text.USBP_InitializeStatusBlock
                0x00003dfc       0x24 .\CortexM3\ARM_GCC_541\Debug\write_fonction_spi.a(USBP_drv.o)
                0x00003dfc                USBP_InitializeStatusBlock
 .text.USBP_InitControlRead
                0x00003e20       0x50 .\CortexM3\ARM_GCC_541\Debug\write_fonction_spi.a(USBP_drv.o)
                0x00003e20                USBP_InitControlRead
 .text.USBP_EP_1_ISR
                0x00003e70       0x30 .\CortexM3\ARM_GCC_541\Debug\write_fonction_spi.a(USBP_episr.o)
                0x00003e70                USBP_EP_1_ISR
 .text.USBP_EP_2_ISR
                0x00003ea0       0x34 .\CortexM3\ARM_GCC_541\Debug\write_fonction_spi.a(USBP_episr.o)
                0x00003ea0                USBP_EP_2_ISR
 .text.USBP_SOF_ISR
                0x00003ed4        0x4 .\CortexM3\ARM_GCC_541\Debug\write_fonction_spi.a(USBP_episr.o)
                0x00003ed4                USBP_SOF_ISR
 .text.USBP_BUS_RESET_ISR
                0x00003ed8        0x8 .\CortexM3\ARM_GCC_541\Debug\write_fonction_spi.a(USBP_episr.o)
                0x00003ed8                USBP_BUS_RESET_ISR
 .text.USBP_DP_ISR
                0x00003ee0        0x8 .\CortexM3\ARM_GCC_541\Debug\write_fonction_spi.a(USBP_pm.o)
                0x00003ee0                USBP_DP_ISR
 .text.USBP_ConfigReg
                0x00003ee8       0xa4 .\CortexM3\ARM_GCC_541\Debug\write_fonction_spi.a(USBP_std.o)
                0x00003ee8                USBP_ConfigReg
 .text.USBP_GetConfigTablePtr
                0x00003f8c       0x28 .\CortexM3\ARM_GCC_541\Debug\write_fonction_spi.a(USBP_std.o)
                0x00003f8c                USBP_GetConfigTablePtr
 .text.USBP_GetDeviceTablePtr
                0x00003fb4       0x18 .\CortexM3\ARM_GCC_541\Debug\write_fonction_spi.a(USBP_std.o)
                0x00003fb4                USBP_GetDeviceTablePtr
 .text.USBP_GetInterfaceClassTablePtr
                0x00003fcc       0x28 .\CortexM3\ARM_GCC_541\Debug\write_fonction_spi.a(USBP_std.o)
                0x00003fcc                USBP_GetInterfaceClassTablePtr
 .text.USBP_Config
                0x00003ff4      0x188 .\CortexM3\ARM_GCC_541\Debug\write_fonction_spi.a(USBP_std.o)
                0x00003ff4                USBP_Config
 .text.USBP_SetEndpointHalt
                0x0000417c       0x64 .\CortexM3\ARM_GCC_541\Debug\write_fonction_spi.a(USBP_std.o)
                0x0000417c                USBP_SetEndpointHalt
 .text.USBP_ClearEndpointHalt
                0x000041e0       0xac .\CortexM3\ARM_GCC_541\Debug\write_fonction_spi.a(USBP_std.o)
                0x000041e0                USBP_ClearEndpointHalt
 .text.USBP_ValidateAlternateSetting
                0x0000428c       0x4c .\CortexM3\ARM_GCC_541\Debug\write_fonction_spi.a(USBP_std.o)
                0x0000428c                USBP_ValidateAlternateSetting
 .text.USBP_HandleStandardRqst
                0x000042d8      0x328 .\CortexM3\ARM_GCC_541\Debug\write_fonction_spi.a(USBP_std.o)
                0x000042d8                USBP_HandleStandardRqst
 .text.USBP_HandleVendorRqst
                0x00004600       0x18 .\CortexM3\ARM_GCC_541\Debug\write_fonction_spi.a(USBP_vnd.o)
                0x00004600                USBP_HandleVendorRqst
 .text.LED_2_Write
                0x00004618       0x18 .\CortexM3\ARM_GCC_541\Debug\write_fonction_spi.a(LED_2.o)
                0x00004618                LED_2_Write
 .text.LED_3_Write
                0x00004630       0x18 .\CortexM3\ARM_GCC_541\Debug\write_fonction_spi.a(LED_3.o)
                0x00004630                LED_3_Write
 .text.LED_4_Write
                0x00004648       0x18 .\CortexM3\ARM_GCC_541\Debug\write_fonction_spi.a(LED_4.o)
                0x00004648                LED_4_Write
 .text.Timer_1_Enable
                0x00004660       0x28 .\CortexM3\ARM_GCC_541\Debug\write_fonction_spi.a(Timer_1.o)
                0x00004660                Timer_1_Enable
 .text.Timer_1_SetInterruptMode
                0x00004688        0xc .\CortexM3\ARM_GCC_541\Debug\write_fonction_spi.a(Timer_1.o)
                0x00004688                Timer_1_SetInterruptMode
 .text.Timer_1_WritePeriod
                0x00004694        0xc .\CortexM3\ARM_GCC_541\Debug\write_fonction_spi.a(Timer_1.o)
                0x00004694                Timer_1_WritePeriod
 .text.Timer_1_WriteCounter
                0x000046a0        0xc .\CortexM3\ARM_GCC_541\Debug\write_fonction_spi.a(Timer_1.o)
                0x000046a0                Timer_1_WriteCounter
 .text.Timer_1_Init
                0x000046ac       0x64 .\CortexM3\ARM_GCC_541\Debug\write_fonction_spi.a(Timer_1.o)
                0x000046ac                Timer_1_Init
 .text.Timer_1_Start
                0x00004710       0x1c .\CortexM3\ARM_GCC_541\Debug\write_fonction_spi.a(Timer_1.o)
                0x00004710                Timer_1_Start
 .text.USBP_Dp_ClearInterrupt
                0x0000472c       0x10 .\CortexM3\ARM_GCC_541\Debug\write_fonction_spi.a(USBP_Dp.o)
                0x0000472c                USBP_Dp_ClearInterrupt
 .text.CyHalt   0x0000473c        0x4 .\CortexM3\ARM_GCC_541\Debug\write_fonction_spi.a(CyLib.o)
                0x0000473c                CyHalt
 .text.CyDelay  0x00004740       0x2c .\CortexM3\ARM_GCC_541\Debug\write_fonction_spi.a(CyLib.o)
                0x00004740                CyDelay
 .text.CyDelayUs
                0x0000476c       0x14 .\CortexM3\ARM_GCC_541\Debug\write_fonction_spi.a(CyLib.o)
                0x0000476c                CyDelayUs
 .text.CyIntSetVector
                0x00004780       0x28 .\CortexM3\ARM_GCC_541\Debug\write_fonction_spi.a(CyLib.o)
                0x00004780                CyIntSetVector
 .text.CyIntSetPriority
                0x000047a8       0x30 .\CortexM3\ARM_GCC_541\Debug\write_fonction_spi.a(CyLib.o)
                0x000047a8                CyIntSetPriority
 .text          0x000047d8       0x20 .\CortexM3\ARM_GCC_541\Debug\write_fonction_spi.a(CyBootAsmGnu.o)
                0x000047d8                CyDelayCycles
                0x000047e8                CyEnterCriticalSection
                0x000047f0                CyExitCriticalSection
 .text.USBP_DispatchClassRqst
                0x000047f8       0x38 .\CortexM3\ARM_GCC_541\Debug\write_fonction_spi.a(USBP_cls.o)
                0x000047f8                USBP_DispatchClassRqst
 .text.__errno  0x00004830        0xc c:/program files (x86)/cypress/psoc creator/4.3/psoc creator/import/gnu/arm/5.4.1/bin/../lib/gcc/arm-none-eabi/5.4.1/../../../../arm-none-eabi/lib/armv7-m\libg_nano.a(lib_a-errno.o)
                0x00004830                __errno
 .text.__libc_init_array
                0x0000483c       0x4c c:/program files (x86)/cypress/psoc creator/4.3/psoc creator/import/gnu/arm/5.4.1/bin/../lib/gcc/arm-none-eabi/5.4.1/../../../../arm-none-eabi/lib/armv7-m\libg_nano.a(lib_a-init.o)
                0x0000483c                __libc_init_array
 .text.memcpy   0x00004888       0x16 c:/program files (x86)/cypress/psoc creator/4.3/psoc creator/import/gnu/arm/5.4.1/bin/../lib/gcc/arm-none-eabi/5.4.1/../../../../arm-none-eabi/lib/armv7-m\libg_nano.a(lib_a-memcpy-stub.o)
                0x00004888                memcpy
 .text.memset   0x0000489e       0x10 c:/program files (x86)/cypress/psoc creator/4.3/psoc creator/import/gnu/arm/5.4.1/bin/../lib/gcc/arm-none-eabi/5.4.1/../../../../arm-none-eabi/lib/armv7-m\libg_nano.a(lib_a-memset.o)
                0x0000489e                memset
 *(.plt)
 *(.gnu.warning)
 *(.glue_7t)
 .glue_7t       0x000048ae        0x0 linker stubs
 *(.glue_7)
 .glue_7        0x000048ae        0x0 linker stubs
 *(.vfp11_veneer)
 .vfp11_veneer  0x000048ae        0x0 linker stubs
 *(.bootloader)
 *(.ARM.extab* .gnu.linkonce.armextab.*)
 *(.gcc_except_table)

.v4_bx          0x000048b0        0x0
 .v4_bx         0x000048b0        0x0 linker stubs

.iplt           0x000048b0        0x0
 .iplt          0x000048b0        0x0 c:/program files (x86)/cypress/psoc creator/4.3/psoc creator/import/gnu/arm/5.4.1/bin/../lib/gcc/arm-none-eabi/5.4.1/armv7-m/crtbegin.o

.eh_frame_hdr
 *(.eh_frame_hdr)

.eh_frame       0x000048b0        0x4
 *(.eh_frame)
 .eh_frame      0x000048b0        0x0 c:/program files (x86)/cypress/psoc creator/4.3/psoc creator/import/gnu/arm/5.4.1/bin/../lib/gcc/arm-none-eabi/5.4.1/armv7-m/crtbegin.o
 .eh_frame      0x000048b0        0x4 c:/program files (x86)/cypress/psoc creator/4.3/psoc creator/import/gnu/arm/5.4.1/bin/../lib/gcc/arm-none-eabi/5.4.1/armv7-m/crtend.o
                [!provide]                PROVIDE (__exidx_start, .)

.ARM.exidx
 *(.ARM.exidx* .gnu.linkonce.armexidx.*)
                0x000048b4                __exidx_end = .

.rodata         0x000048b4      0x19c
 *(.rodata .rodata.* .gnu.linkonce.r.*)
 .rodata.str1.4
                0x000048b4        0x5 .\CortexM3\ARM_GCC_541\Debug\tasks.o
 *fill*         0x000048b9        0x3 
 .rodata.str1.4
                0x000048bc       0x10 .\CortexM3\ARM_GCC_541\Debug\timers.o
 .rodata.str1.4
                0x000048cc       0x3c .\CortexM3\ARM_GCC_541\Debug\main.o
                                 0x3b (size before relaxing)
 .rodata        0x00004908        0x4 .\CortexM3\ARM_GCC_541\Debug\dwm1000.o
 .rodata        0x0000490c       0x46 .\CortexM3\ARM_GCC_541\Debug\cyfitter_cfg.o
 *fill*         0x00004952        0x2 
 .rodata        0x00004954       0xc2 .\CortexM3\ARM_GCC_541\Debug\write_fonction_spi.a(USBP_descr.o)
                0x00004954                USBP_TABLE
                0x0000495c                USBP_DEVICE0_TABLE
                0x00004974                USBP_DEVICE0_CONFIGURATION0_TABLE
                0x00004994                USBP_DEVICE0_CONFIGURATION0_INTERFACE_CLASS
                0x00004998                USBP_DEVICE0_CONFIGURATION0_EP_SETTINGS_TABLE
                0x000049a8                USBP_STRING_DESCRIPTORS
                0x000049e4                USBP_DEVICE0_CONFIGURATION0_DESCR
                0x00004a04                USBP_DEVICE0_DESCR
 .rodata.str1.1
                0x00004a16        0x2 c:/program files (x86)/cypress/psoc creator/4.3/psoc creator/import/gnu/arm/5.4.1/bin/../lib/gcc/arm-none-eabi/5.4.1/../../../../arm-none-eabi/lib/armv7-m\libg_nano.a(lib_a-impure.o)
                0x00004a18                . = ALIGN (0x4)
 *(.init)
 .init          0x00004a18        0x4 c:/program files (x86)/cypress/psoc creator/4.3/psoc creator/import/gnu/arm/5.4.1/bin/../lib/gcc/arm-none-eabi/5.4.1/armv7-m/crti.o
                0x00004a18                _init
 .init          0x00004a1c        0x8 c:/program files (x86)/cypress/psoc creator/4.3/psoc creator/import/gnu/arm/5.4.1/bin/../lib/gcc/arm-none-eabi/5.4.1/armv7-m/crtn.o
                0x00004a24                . = ALIGN (0x4)
                0x00004a24                __preinit_array_start = .
 *(.preinit_array)
                0x00004a24                __preinit_array_end = .
                0x00004a24                . = ALIGN (0x4)
                0x00004a24                __init_array_start = .
 *(SORT(.init_array.*))
 *(.init_array)
 .init_array    0x00004a24        0x4 c:/program files (x86)/cypress/psoc creator/4.3/psoc creator/import/gnu/arm/5.4.1/bin/../lib/gcc/arm-none-eabi/5.4.1/armv7-m/crtbegin.o
 .init_array    0x00004a28        0x4 .\CortexM3\ARM_GCC_541\Debug\Cm3Start.o
                0x00004a2c                __init_array_end = .
                0x00004a2c                . = ALIGN (0x4)
 *(.fini)
 .fini          0x00004a2c        0x4 c:/program files (x86)/cypress/psoc creator/4.3/psoc creator/import/gnu/arm/5.4.1/bin/../lib/gcc/arm-none-eabi/5.4.1/armv7-m/crti.o
                0x00004a2c                _fini
 .fini          0x00004a30        0x8 c:/program files (x86)/cypress/psoc creator/4.3/psoc creator/import/gnu/arm/5.4.1/bin/../lib/gcc/arm-none-eabi/5.4.1/armv7-m/crtn.o
                0x00004a38                . = ALIGN (0x4)
                0x00004a38                __fini_array_start = .
 *(.fini_array)
 .fini_array    0x00004a38        0x4 c:/program files (x86)/cypress/psoc creator/4.3/psoc creator/import/gnu/arm/5.4.1/bin/../lib/gcc/arm-none-eabi/5.4.1/armv7-m/crtbegin.o
 *(SORT(.fini_array.*))
                0x00004a3c                __fini_array_end = .
                0x00004a3c                . = ALIGN (0x4)
 *crtbegin.o(.ctors)
 *(EXCLUDE_FILE(*crtend.o) .ctors)
 *(SORT(.ctors.*))
 *crtend.o(.ctors)
                0x00004a3c                . = ALIGN (0x4)
 *crtbegin.o(.dtors)
 *(EXCLUDE_FILE(*crtend.o) .dtors)
 *(SORT(.dtors.*))
 *crtend.o(.dtors)
                0x00004a3c                . = ALIGN (0x4)
                0x00004a3c                __cy_regions = .
                0x00004a3c        0x4 LONG 0x4a50 __cy_region_init_ram
                0x00004a40        0x4 LONG 0x1fff80c8 __cy_region_start_data
                0x00004a44        0x4 LONG 0x88 __cy_region_init_size_ram
                0x00004a48        0x4 LONG 0x85a0 __cy_region_zero_size_ram
                0x00004a4c                __cy_regions_end = .
                0x00004a50                . = ALIGN (0x8)
 *fill*         0x00004a4c        0x4 
                0x00004a50                _etext = .

.cy_checksum_exclude
                0x00004a50        0x0
 *(.cy_checksum_exclude)

.ramvectors     0x1fff8000       0xc0
                0x1fff8000                __cy_region_start_ram = .
 *(.ramvectors)
 .ramvectors    0x1fff8000       0xc0 .\CortexM3\ARM_GCC_541\Debug\Cm3Start.o
                0x1fff8000                CyRamVectors

.noinit         0x1fff80c0        0x1
 *(.noinit)
 .noinit        0x1fff80c0        0x1 .\CortexM3\ARM_GCC_541\Debug\write_fonction_spi.a(CyLib.o)
                0x1fff80c0                CyResetStatus

.data           0x1fff80c8       0x88 load address 0x00004a50
                0x1fff80c8                __cy_region_start_data = .
 *(.jcr)
 .jcr           0x1fff80c8        0x0 c:/program files (x86)/cypress/psoc creator/4.3/psoc creator/import/gnu/arm/5.4.1/bin/../lib/gcc/arm-none-eabi/5.4.1/armv7-m/crtbegin.o
 .jcr           0x1fff80c8        0x4 c:/program files (x86)/cypress/psoc creator/4.3/psoc creator/import/gnu/arm/5.4.1/bin/../lib/gcc/arm-none-eabi/5.4.1/armv7-m/crtend.o
 *(.got.plt)
 *(.got)
 *(.shdata)
 *(.data .data.* .gnu.linkonce.d.*)
 .data          0x1fff80cc        0x4 .\CortexM3\ARM_GCC_541\Debug\heap_2.o
 .data          0x1fff80d0        0x4 .\CortexM3\ARM_GCC_541\Debug\port.o
 .data          0x1fff80d4        0x6 .\CortexM3\ARM_GCC_541\Debug\main.o
                0x1fff80d4                prio1
                0x1fff80d5                prio2
                0x1fff80d6                prio3
                0x1fff80d7                usb_out_prio
                0x1fff80d8                usb_in_prio
                0x1fff80d9                prio4
 *fill*         0x1fff80da        0x2 
 .data          0x1fff80dc       0x10 .\CortexM3\ARM_GCC_541\Debug\write_fonction_spi.a(CyLib.o)
                0x1fff80dc                cydelay_32k_ms
                0x1fff80e0                cydelay_freq_khz
                0x1fff80e4                cydelay_freq_mhz
                0x1fff80e8                cydelay_freq_hz
 .data.impure_data
                0x1fff80ec       0x60 c:/program files (x86)/cypress/psoc creator/4.3/psoc creator/import/gnu/arm/5.4.1/bin/../lib/gcc/arm-none-eabi/5.4.1/../../../../arm-none-eabi/lib/armv7-m\libg_nano.a(lib_a-impure.o)
 .data._impure_ptr
                0x1fff814c        0x4 c:/program files (x86)/cypress/psoc creator/4.3/psoc creator/import/gnu/arm/5.4.1/bin/../lib/gcc/arm-none-eabi/5.4.1/../../../../arm-none-eabi/lib/armv7-m\libg_nano.a(lib_a-impure.o)
                0x1fff814c                _impure_ptr
                0x1fff8150                . = ALIGN (0x8)
 *(.ram)
                0x1fff8150                _edata = .

.igot.plt       0x1fff8150        0x0 load address 0x00004ad8
 .igot.plt      0x1fff8150        0x0 c:/program files (x86)/cypress/psoc creator/4.3/psoc creator/import/gnu/arm/5.4.1/bin/../lib/gcc/arm-none-eabi/5.4.1/armv7-m/crtbegin.o

.bss            0x1fff8150     0x85a0 load address 0x00004ad8
                0x1fff8150                PROVIDE (__bss_start__, .)
 *(.shbss)
 *(.bss .bss.* .gnu.linkonce.b.*)
 .bss           0x1fff8150       0x1c c:/program files (x86)/cypress/psoc creator/4.3/psoc creator/import/gnu/arm/5.4.1/bin/../lib/gcc/arm-none-eabi/5.4.1/armv7-m/crtbegin.o
 .bss           0x1fff816c     0x8014 .\CortexM3\ARM_GCC_541\Debug\heap_2.o
 .bss           0x20000180      0x320 .\CortexM3\ARM_GCC_541\Debug\tasks.o
                0x20000474                pxCurrentTCB
 .bss           0x200004a0       0x3c .\CortexM3\ARM_GCC_541\Debug\timers.o
 *fill*         0x200004dc        0x4 
 .bss           0x200004e0       0x85 .\CortexM3\ARM_GCC_541\Debug\main.o
                0x200004e4                prio_matrice
                0x200004f4                number_bytes_receive
                0x200004f8                all_clock_time
                0x20000558                TxOk
                0x20000564                found
 *fill*         0x20000565        0x3 
 .bss           0x20000568       0x14 .\CortexM3\ARM_GCC_541\Debug\dwm1000.o
 .bss           0x2000057c        0x1 .\CortexM3\ARM_GCC_541\Debug\write_fonction_spi.a(SPIM.o)
                0x2000057c                SPIM_initVar
 .bss           0x2000057d        0x1 .\CortexM3\ARM_GCC_541\Debug\write_fonction_spi.a(USBP.o)
                0x2000057d                USBP_initVar
 *fill*         0x2000057e        0x2 
 .bss           0x20000580        0x2 .\CortexM3\ARM_GCC_541\Debug\write_fonction_spi.a(USBP_std.o)
 .bss           0x20000582        0x1 .\CortexM3\ARM_GCC_541\Debug\write_fonction_spi.a(Timer_1.o)
                0x20000582                Timer_1_initVar
 *(COMMON)
 *fill*         0x20000583        0x1 
 COMMON         0x20000584       0x50 .\CortexM3\ARM_GCC_541\Debug\queue.o
                0x20000584                xQueueRegistry
 COMMON         0x200005d4       0x68 .\CortexM3\ARM_GCC_541\Debug\main.o
                0x200005d4                usbOutHandler
                0x200005d8                taskHandler3
                0x200005dc                taskHandler2
                0x200005e0                state
                0x200005e4                TxPhoneData
                0x20000624                semaphoreBuf1
                0x20000628                usbInHandler
                0x2000062c                taskHandler4
                0x20000630                RxPhoneData
                0x20000638                taskHandler1
 COMMON         0x2000063c       0x16 .\CortexM3\ARM_GCC_541\Debug\write_fonction_spi.a(SPIM.o)
                0x2000063c                SPIM_rxBufferFull
                0x2000063d                SPIM_swStatusTx
                0x20000640                SPIM_rxBuffer
                0x2000064f                SPIM_rxBufferWrite
                0x20000650                SPIM_rxBufferRead
                0x20000651                SPIM_swStatusRx
 *fill*         0x20000652        0x2 
 COMMON         0x20000654       0x95 .\CortexM3\ARM_GCC_541\Debug\write_fonction_spi.a(USBP_drv.o)
                0x20000654                USBP_EP
                0x200006c0                USBP_deviceStatus
                0x200006c1                USBP_lastPacketSize
                0x200006c2                USBP_transferByteCount
                0x200006c4                USBP_interfaceSetting
                0x200006c5                USBP_ep0Mode
                0x200006c6                USBP_ep0Count
                0x200006c7                USBP_transferState
                0x200006c8                USBP_configurationChanged
                0x200006cc                USBP_interfaceStatus
                0x200006cd                USBP_configuration
                0x200006d0                USBP_interfaceSettingLast
                0x200006d4                USBP_interfaceClass
                0x200006d8                USBP_interfaceNumber
                0x200006d9                USBP_device
                0x200006da                USBP_ep0Toggle
                0x200006dc                USBP_currentTD
                0x200006e8                USBP_deviceAddress
                0x200006f0                . = ALIGN (0x8)
 *fill*         0x200006e9        0x7 
 *(.ram.b)
                0x200006f0                _end = .
                0x200006f0                __end = .
                0x200006f0                PROVIDE (end, .)
                0x200006f0                PROVIDE (__bss_end__, .)
                0x00004a50                __cy_region_init_ram = LOADADDR (.data)
                0x00000088                __cy_region_init_size_ram = (_edata - ADDR (.data))
                0x000085a0                __cy_region_zero_size_ram = (_end - _edata)

.heap           0x200006f0       0x80 load address 0x00004ad8
                0x200006f0                . = _end
                0x20000770                . = (. + 0x80)
 *fill*         0x200006f0       0x80 
                0x20000770                __cy_heap_limit = .

.stack          0x20007800      0x800
                0x20007800                __cy_stack_limit = .
                0x20008000                . = (. + 0x800)
 *fill*         0x20007800      0x800 
                0x00000001                ASSERT ((__cy_stack_limit >= __cy_heap_limit), region RAM overflowed with stack)
                0x00000000                cy_checksum_exclude_size = (CY_APPL_LOADABLE == 0x1)?SIZEOF (.cy_checksum_exclude):0x0
                0x00000001                ASSERT ((cy_checksum_exclude_size <= CY_CHECKSUM_EXCLUDE_SIZE), CY_BOOT: Section .cy_checksum_exclude size exceedes specified limit.)

.cyloadermeta
 *(.cyloadermeta)

.cyloadablemeta
 *(.cyloadablemeta)

.cyconfigecc    0x80000000      0x2cc
 *(.cyconfigecc)
 .cyconfigecc   0x80000000      0x2cc .\CortexM3\ARM_GCC_541\Debug\cymetadata.o
                0x80000000                cy_meta_configecc

.cycustnvl      0x90000000        0x4
 *(.cycustnvl)
 .cycustnvl     0x90000000        0x4 .\CortexM3\ARM_GCC_541\Debug\cymetadata.o
                0x90000000                cy_meta_custnvl

.cywolatch      0x90100000        0x4
 *(.cywolatch)
 .cywolatch     0x90100000        0x4 .\CortexM3\ARM_GCC_541\Debug\cymetadata.o
                0x90100000                cy_meta_wonvl

.cyeeprom       0x90200000        0x0
 *(.cyeeprom)
                0x00000001                ASSERT ((. <= ((0x90200000 + ee_offset) + ee_size)), .cyeeprom data will not fit in EEPROM)

.cyflashprotect
                0x90400000      0x100
 *(.cyflashprotect)
 .cyflashprotect
                0x90400000      0x100 .\CortexM3\ARM_GCC_541\Debug\cymetadata.o
                0x90400000                cy_meta_flashprotect

.cymeta         0x90500000        0xc
 *(.cymeta)
 .cymeta        0x90500000        0xc .\CortexM3\ARM_GCC_541\Debug\cymetadata.o
                0x90500000                cy_metadata

.rel.dyn        0x00004ad8        0x0 load address 0x9050000c
 .rel.iplt      0x00004ad8        0x0 c:/program files (x86)/cypress/psoc creator/4.3/psoc creator/import/gnu/arm/5.4.1/bin/../lib/gcc/arm-none-eabi/5.4.1/armv7-m/crtbegin.o

.stab
 *(.stab)

.stabstr
 *(.stabstr)

.debug
 *(.debug)

.line
 *(.line)

.debug_srcinfo
 *(.debug_srcinfo)

.debug_sfnames
 *(.debug_sfnames)

.debug_aranges  0x00000000     0x1548
 *(.debug_aranges)
 .debug_aranges
                0x00000000       0x18 .\CortexM3\ARM_GCC_541\Debug\croutine.o
 .debug_aranges
                0x00000018       0x68 .\CortexM3\ARM_GCC_541\Debug\event_groups.o
 .debug_aranges
                0x00000080       0x40 .\CortexM3\ARM_GCC_541\Debug\heap_2.o
 .debug_aranges
                0x000000c0       0x40 .\CortexM3\ARM_GCC_541\Debug\list.o
 .debug_aranges
                0x00000100      0x260 .\CortexM3\ARM_GCC_541\Debug\mpu_wrappers.o
 .debug_aranges
                0x00000360       0x70 .\CortexM3\ARM_GCC_541\Debug\port.o
 .debug_aranges
                0x000003d0      0x118 .\CortexM3\ARM_GCC_541\Debug\queue.o
 .debug_aranges
                0x000004e8       0xc0 .\CortexM3\ARM_GCC_541\Debug\stream_buffer.o
 .debug_aranges
                0x000005a8      0x1c8 .\CortexM3\ARM_GCC_541\Debug\tasks.o
 .debug_aranges
                0x00000770       0xb8 .\CortexM3\ARM_GCC_541\Debug\timers.o
 .debug_aranges
                0x00000828       0x58 .\CortexM3\ARM_GCC_541\Debug\main.o
 .debug_aranges
                0x00000880      0x190 .\CortexM3\ARM_GCC_541\Debug\dwm1000.o
 .debug_aranges
                0x00000a10       0x58 .\CortexM3\ARM_GCC_541\Debug\cyfitter_cfg.o
 .debug_aranges
                0x00000a68       0x18 .\CortexM3\ARM_GCC_541\Debug\cymetadata.o
 .debug_aranges
                0x00000a80       0x48 .\CortexM3\ARM_GCC_541\Debug\Cm3Start.o
 .debug_aranges
                0x00000ac8       0xd8 .\CortexM3\ARM_GCC_541\Debug\write_fonction_spi.a(SPIM.o)
 .debug_aranges
                0x00000ba0       0x28 .\CortexM3\ARM_GCC_541\Debug\write_fonction_spi.a(SPIM_INT.o)
 .debug_aranges
                0x00000bc8       0x80 .\CortexM3\ARM_GCC_541\Debug\write_fonction_spi.a(IRQ.o)
 .debug_aranges
                0x00000c48       0x48 .\CortexM3\ARM_GCC_541\Debug\write_fonction_spi.a(pin_1.o)
 .debug_aranges
                0x00000c90       0x38 .\CortexM3\ARM_GCC_541\Debug\write_fonction_spi.a(LED_1.o)
 .debug_aranges
                0x00000cc8       0xc8 .\CortexM3\ARM_GCC_541\Debug\write_fonction_spi.a(USBP.o)
 .debug_aranges
                0x00000d90       0x98 .\CortexM3\ARM_GCC_541\Debug\write_fonction_spi.a(USBP_drv.o)
 .debug_aranges
                0x00000e28       0x38 .\CortexM3\ARM_GCC_541\Debug\write_fonction_spi.a(USBP_episr.o)
 .debug_aranges
                0x00000e60       0x40 .\CortexM3\ARM_GCC_541\Debug\write_fonction_spi.a(USBP_pm.o)
 .debug_aranges
                0x00000ea0       0x78 .\CortexM3\ARM_GCC_541\Debug\write_fonction_spi.a(USBP_std.o)
 .debug_aranges
                0x00000f18       0x20 .\CortexM3\ARM_GCC_541\Debug\write_fonction_spi.a(USBP_vnd.o)
 .debug_aranges
                0x00000f38       0x38 .\CortexM3\ARM_GCC_541\Debug\write_fonction_spi.a(LED_2.o)
 .debug_aranges
                0x00000f70       0x38 .\CortexM3\ARM_GCC_541\Debug\write_fonction_spi.a(LED_3.o)
 .debug_aranges
                0x00000fa8       0x38 .\CortexM3\ARM_GCC_541\Debug\write_fonction_spi.a(LED_4.o)
 .debug_aranges
                0x00000fe0       0x88 .\CortexM3\ARM_GCC_541\Debug\write_fonction_spi.a(Timer_1.o)
 .debug_aranges
                0x00001068       0x48 .\CortexM3\ARM_GCC_541\Debug\write_fonction_spi.a(USBP_Dp.o)
 .debug_aranges
                0x000010b0      0x2a0 .\CortexM3\ARM_GCC_541\Debug\write_fonction_spi.a(CyLib.o)
 .debug_aranges
                0x00001350       0x98 .\CortexM3\ARM_GCC_541\Debug\write_fonction_spi.a(cyPm.o)
 .debug_aranges
                0x000013e8       0x20 .\CortexM3\ARM_GCC_541\Debug\write_fonction_spi.a(CyBootAsmGnu.o)
 .debug_aranges
                0x00001408       0x20 .\CortexM3\ARM_GCC_541\Debug\write_fonction_spi.a(USBP_cls.o)
 .debug_aranges
                0x00001428       0x18 .\CortexM3\ARM_GCC_541\Debug\write_fonction_spi.a(USBP_descr.o)
 .debug_aranges
                0x00001440       0x88 .\CortexM3\ARM_GCC_541\Debug\write_fonction_spi.a(CyFlash.o)
 .debug_aranges
                0x000014c8       0x80 .\CortexM3\ARM_GCC_541\Debug\write_fonction_spi.a(CySpc.o)

.debug_pubnames
 *(.debug_pubnames)

.debug_info     0x00000000    0x13d7f
 *(.debug_info .gnu.linkonce.wi.*)
 .debug_info    0x00000000       0x79 .\CortexM3\ARM_GCC_541\Debug\croutine.o
 .debug_info    0x00000079      0x8f1 .\CortexM3\ARM_GCC_541\Debug\event_groups.o
 .debug_info    0x0000096a      0x32e .\CortexM3\ARM_GCC_541\Debug\heap_2.o
 .debug_info    0x00000c98      0x2ac .\CortexM3\ARM_GCC_541\Debug\list.o
 .debug_info    0x00000f44     0x3182 .\CortexM3\ARM_GCC_541\Debug\mpu_wrappers.o
 .debug_info    0x000040c6      0x32e .\CortexM3\ARM_GCC_541\Debug\port.o
 .debug_info    0x000043f4     0x19c8 .\CortexM3\ARM_GCC_541\Debug\queue.o
 .debug_info    0x00005dbc     0x123f .\CortexM3\ARM_GCC_541\Debug\stream_buffer.o
 .debug_info    0x00006ffb     0x206f .\CortexM3\ARM_GCC_541\Debug\tasks.o
 .debug_info    0x0000906a      0xe72 .\CortexM3\ARM_GCC_541\Debug\timers.o
 .debug_info    0x00009edc     0x11b0 .\CortexM3\ARM_GCC_541\Debug\main.o
 .debug_info    0x0000b08c     0x20c8 .\CortexM3\ARM_GCC_541\Debug\dwm1000.o
 .debug_info    0x0000d154      0x595 .\CortexM3\ARM_GCC_541\Debug\cyfitter_cfg.o
 .debug_info    0x0000d6e9      0x135 .\CortexM3\ARM_GCC_541\Debug\cymetadata.o
 .debug_info    0x0000d81e      0x3bb .\CortexM3\ARM_GCC_541\Debug\Cm3Start.o
 .debug_info    0x0000dbd9      0x5dd .\CortexM3\ARM_GCC_541\Debug\write_fonction_spi.a(SPIM.o)
 .debug_info    0x0000e1b6      0x13d .\CortexM3\ARM_GCC_541\Debug\write_fonction_spi.a(SPIM_INT.o)
 .debug_info    0x0000e2f3      0x2d2 .\CortexM3\ARM_GCC_541\Debug\write_fonction_spi.a(IRQ.o)
 .debug_info    0x0000e5c5      0x174 .\CortexM3\ARM_GCC_541\Debug\write_fonction_spi.a(pin_1.o)
 .debug_info    0x0000e739      0x11f .\CortexM3\ARM_GCC_541\Debug\write_fonction_spi.a(LED_1.o)
 .debug_info    0x0000e858      0x966 .\CortexM3\ARM_GCC_541\Debug\write_fonction_spi.a(USBP.o)
 .debug_info    0x0000f1be      0x655 .\CortexM3\ARM_GCC_541\Debug\write_fonction_spi.a(USBP_drv.o)
 .debug_info    0x0000f813      0x243 .\CortexM3\ARM_GCC_541\Debug\write_fonction_spi.a(USBP_episr.o)
 .debug_info    0x0000fa56      0x2e4 .\CortexM3\ARM_GCC_541\Debug\write_fonction_spi.a(USBP_pm.o)
 .debug_info    0x0000fd3a      0x9f7 .\CortexM3\ARM_GCC_541\Debug\write_fonction_spi.a(USBP_std.o)
 .debug_info    0x00010731       0xed .\CortexM3\ARM_GCC_541\Debug\write_fonction_spi.a(USBP_vnd.o)
 .debug_info    0x0001081e      0x11f .\CortexM3\ARM_GCC_541\Debug\write_fonction_spi.a(LED_2.o)
 .debug_info    0x0001093d      0x11f .\CortexM3\ARM_GCC_541\Debug\write_fonction_spi.a(LED_3.o)
 .debug_info    0x00010a5c      0x11f .\CortexM3\ARM_GCC_541\Debug\write_fonction_spi.a(LED_4.o)
 .debug_info    0x00010b7b      0x293 .\CortexM3\ARM_GCC_541\Debug\write_fonction_spi.a(Timer_1.o)
 .debug_info    0x00010e0e      0x174 .\CortexM3\ARM_GCC_541\Debug\write_fonction_spi.a(USBP_Dp.o)
 .debug_info    0x00010f82     0x1374 .\CortexM3\ARM_GCC_541\Debug\write_fonction_spi.a(CyLib.o)
 .debug_info    0x000122f6      0xa2a .\CortexM3\ARM_GCC_541\Debug\write_fonction_spi.a(cyPm.o)
 .debug_info    0x00012d20       0xaa .\CortexM3\ARM_GCC_541\Debug\write_fonction_spi.a(CyBootAsmGnu.o)
 .debug_info    0x00012dca      0x1ad .\CortexM3\ARM_GCC_541\Debug\write_fonction_spi.a(USBP_cls.o)
 .debug_info    0x00012f77      0x26b .\CortexM3\ARM_GCC_541\Debug\write_fonction_spi.a(USBP_descr.o)
 .debug_info    0x000131e2      0x64d .\CortexM3\ARM_GCC_541\Debug\write_fonction_spi.a(CyFlash.o)
 .debug_info    0x0001382f      0x550 .\CortexM3\ARM_GCC_541\Debug\write_fonction_spi.a(CySpc.o)

.debug_abbrev   0x00000000     0x346d
 *(.debug_abbrev)
 .debug_abbrev  0x00000000       0x26 .\CortexM3\ARM_GCC_541\Debug\croutine.o
 .debug_abbrev  0x00000026      0x215 .\CortexM3\ARM_GCC_541\Debug\event_groups.o
 .debug_abbrev  0x0000023b      0x17f .\CortexM3\ARM_GCC_541\Debug\heap_2.o
 .debug_abbrev  0x000003ba       0xe3 .\CortexM3\ARM_GCC_541\Debug\list.o
 .debug_abbrev  0x0000049d      0x201 .\CortexM3\ARM_GCC_541\Debug\mpu_wrappers.o
 .debug_abbrev  0x0000069e      0x1ca .\CortexM3\ARM_GCC_541\Debug\port.o
 .debug_abbrev  0x00000868      0x2b7 .\CortexM3\ARM_GCC_541\Debug\queue.o
 .debug_abbrev  0x00000b1f      0x264 .\CortexM3\ARM_GCC_541\Debug\stream_buffer.o
 .debug_abbrev  0x00000d83      0x2f1 .\CortexM3\ARM_GCC_541\Debug\tasks.o
 .debug_abbrev  0x00001074      0x23a .\CortexM3\ARM_GCC_541\Debug\timers.o
 .debug_abbrev  0x000012ae      0x20f .\CortexM3\ARM_GCC_541\Debug\main.o
 .debug_abbrev  0x000014bd      0x26e .\CortexM3\ARM_GCC_541\Debug\dwm1000.o
 .debug_abbrev  0x0000172b      0x20d .\CortexM3\ARM_GCC_541\Debug\cyfitter_cfg.o
 .debug_abbrev  0x00001938       0x66 .\CortexM3\ARM_GCC_541\Debug\cymetadata.o
 .debug_abbrev  0x0000199e      0x1e8 .\CortexM3\ARM_GCC_541\Debug\Cm3Start.o
 .debug_abbrev  0x00001b86      0x171 .\CortexM3\ARM_GCC_541\Debug\write_fonction_spi.a(SPIM.o)
 .debug_abbrev  0x00001cf7       0xa2 .\CortexM3\ARM_GCC_541\Debug\write_fonction_spi.a(SPIM_INT.o)
 .debug_abbrev  0x00001d99      0x173 .\CortexM3\ARM_GCC_541\Debug\write_fonction_spi.a(IRQ.o)
 .debug_abbrev  0x00001f0c       0x90 .\CortexM3\ARM_GCC_541\Debug\write_fonction_spi.a(pin_1.o)
 .debug_abbrev  0x00001f9c       0x90 .\CortexM3\ARM_GCC_541\Debug\write_fonction_spi.a(LED_1.o)
 .debug_abbrev  0x0000202c      0x215 .\CortexM3\ARM_GCC_541\Debug\write_fonction_spi.a(USBP.o)
 .debug_abbrev  0x00002241      0x189 .\CortexM3\ARM_GCC_541\Debug\write_fonction_spi.a(USBP_drv.o)
 .debug_abbrev  0x000023ca      0x11b .\CortexM3\ARM_GCC_541\Debug\write_fonction_spi.a(USBP_episr.o)
 .debug_abbrev  0x000024e5      0x108 .\CortexM3\ARM_GCC_541\Debug\write_fonction_spi.a(USBP_pm.o)
 .debug_abbrev  0x000025ed      0x1d8 .\CortexM3\ARM_GCC_541\Debug\write_fonction_spi.a(USBP_std.o)
 .debug_abbrev  0x000027c5       0x9b .\CortexM3\ARM_GCC_541\Debug\write_fonction_spi.a(USBP_vnd.o)
 .debug_abbrev  0x00002860       0x90 .\CortexM3\ARM_GCC_541\Debug\write_fonction_spi.a(LED_2.o)
 .debug_abbrev  0x000028f0       0x90 .\CortexM3\ARM_GCC_541\Debug\write_fonction_spi.a(LED_3.o)
 .debug_abbrev  0x00002980       0x90 .\CortexM3\ARM_GCC_541\Debug\write_fonction_spi.a(LED_4.o)
 .debug_abbrev  0x00002a10      0x11a .\CortexM3\ARM_GCC_541\Debug\write_fonction_spi.a(Timer_1.o)
 .debug_abbrev  0x00002b2a       0x90 .\CortexM3\ARM_GCC_541\Debug\write_fonction_spi.a(USBP_Dp.o)
 .debug_abbrev  0x00002bba      0x254 .\CortexM3\ARM_GCC_541\Debug\write_fonction_spi.a(CyLib.o)
 .debug_abbrev  0x00002e0e      0x1ab .\CortexM3\ARM_GCC_541\Debug\write_fonction_spi.a(cyPm.o)
 .debug_abbrev  0x00002fb9       0x14 .\CortexM3\ARM_GCC_541\Debug\write_fonction_spi.a(CyBootAsmGnu.o)
 .debug_abbrev  0x00002fcd       0xc2 .\CortexM3\ARM_GCC_541\Debug\write_fonction_spi.a(USBP_cls.o)
 .debug_abbrev  0x0000308f       0xa3 .\CortexM3\ARM_GCC_541\Debug\write_fonction_spi.a(USBP_descr.o)
 .debug_abbrev  0x00003132      0x1a7 .\CortexM3\ARM_GCC_541\Debug\write_fonction_spi.a(CyFlash.o)
 .debug_abbrev  0x000032d9      0x194 .\CortexM3\ARM_GCC_541\Debug\write_fonction_spi.a(CySpc.o)

.debug_line     0x00000000     0x60e6
 *(.debug_line)
 .debug_line    0x00000000       0x1d .\CortexM3\ARM_GCC_541\Debug\croutine.o
 .debug_line    0x0000001d      0x2f5 .\CortexM3\ARM_GCC_541\Debug\event_groups.o
 .debug_line    0x00000312      0x28a .\CortexM3\ARM_GCC_541\Debug\heap_2.o
 .debug_line    0x0000059c      0x1d9 .\CortexM3\ARM_GCC_541\Debug\list.o
 .debug_line    0x00000775      0x7e1 .\CortexM3\ARM_GCC_541\Debug\mpu_wrappers.o
 .debug_line    0x00000f56      0x274 .\CortexM3\ARM_GCC_541\Debug\port.o
 .debug_line    0x000011ca      0x6e0 .\CortexM3\ARM_GCC_541\Debug\queue.o
 .debug_line    0x000018aa      0x4e5 .\CortexM3\ARM_GCC_541\Debug\stream_buffer.o
 .debug_line    0x00001d8f      0xa9f .\CortexM3\ARM_GCC_541\Debug\tasks.o
 .debug_line    0x0000282e      0x3b8 .\CortexM3\ARM_GCC_541\Debug\timers.o
 .debug_line    0x00002be6      0x3f2 .\CortexM3\ARM_GCC_541\Debug\main.o
 .debug_line    0x00002fd8      0x6e4 .\CortexM3\ARM_GCC_541\Debug\dwm1000.o
 .debug_line    0x000036bc      0x1f4 .\CortexM3\ARM_GCC_541\Debug\cyfitter_cfg.o
 .debug_line    0x000038b0      0x141 .\CortexM3\ARM_GCC_541\Debug\cymetadata.o
 .debug_line    0x000039f1      0x234 .\CortexM3\ARM_GCC_541\Debug\Cm3Start.o
 .debug_line    0x00003c25      0x256 .\CortexM3\ARM_GCC_541\Debug\write_fonction_spi.a(SPIM.o)
 .debug_line    0x00003e7b       0x93 .\CortexM3\ARM_GCC_541\Debug\write_fonction_spi.a(SPIM_INT.o)
 .debug_line    0x00003f0e      0x130 .\CortexM3\ARM_GCC_541\Debug\write_fonction_spi.a(IRQ.o)
 .debug_line    0x0000403e       0xb6 .\CortexM3\ARM_GCC_541\Debug\write_fonction_spi.a(pin_1.o)
 .debug_line    0x000040f4       0x92 .\CortexM3\ARM_GCC_541\Debug\write_fonction_spi.a(LED_1.o)
 .debug_line    0x00004186      0x2cc .\CortexM3\ARM_GCC_541\Debug\write_fonction_spi.a(USBP.o)
 .debug_line    0x00004452      0x218 .\CortexM3\ARM_GCC_541\Debug\write_fonction_spi.a(USBP_drv.o)
 .debug_line    0x0000466a       0xc2 .\CortexM3\ARM_GCC_541\Debug\write_fonction_spi.a(USBP_episr.o)
 .debug_line    0x0000472c      0x102 .\CortexM3\ARM_GCC_541\Debug\write_fonction_spi.a(USBP_pm.o)
 .debug_line    0x0000482e      0x352 .\CortexM3\ARM_GCC_541\Debug\write_fonction_spi.a(USBP_std.o)
 .debug_line    0x00004b80       0x6d .\CortexM3\ARM_GCC_541\Debug\write_fonction_spi.a(USBP_vnd.o)
 .debug_line    0x00004bed       0x92 .\CortexM3\ARM_GCC_541\Debug\write_fonction_spi.a(LED_2.o)
 .debug_line    0x00004c7f       0x92 .\CortexM3\ARM_GCC_541\Debug\write_fonction_spi.a(LED_3.o)
 .debug_line    0x00004d11       0x92 .\CortexM3\ARM_GCC_541\Debug\write_fonction_spi.a(LED_4.o)
 .debug_line    0x00004da3      0x155 .\CortexM3\ARM_GCC_541\Debug\write_fonction_spi.a(Timer_1.o)
 .debug_line    0x00004ef8       0xb8 .\CortexM3\ARM_GCC_541\Debug\write_fonction_spi.a(USBP_Dp.o)
 .debug_line    0x00004fb0      0x816 .\CortexM3\ARM_GCC_541\Debug\write_fonction_spi.a(CyLib.o)
 .debug_line    0x000057c6      0x367 .\CortexM3\ARM_GCC_541\Debug\write_fonction_spi.a(cyPm.o)
 .debug_line    0x00005b2d       0x66 .\CortexM3\ARM_GCC_541\Debug\write_fonction_spi.a(CyBootAsmGnu.o)
 .debug_line    0x00005b93       0x7e .\CortexM3\ARM_GCC_541\Debug\write_fonction_spi.a(USBP_cls.o)
 .debug_line    0x00005c11       0x5b .\CortexM3\ARM_GCC_541\Debug\write_fonction_spi.a(USBP_descr.o)
 .debug_line    0x00005c6c      0x21a .\CortexM3\ARM_GCC_541\Debug\write_fonction_spi.a(CyFlash.o)
 .debug_line    0x00005e86      0x260 .\CortexM3\ARM_GCC_541\Debug\write_fonction_spi.a(CySpc.o)

.debug_frame    0x00000000     0x3df8
 *(.debug_frame)
 .debug_frame   0x00000000      0x13c .\CortexM3\ARM_GCC_541\Debug\event_groups.o
 .debug_frame   0x0000013c       0x8c .\CortexM3\ARM_GCC_541\Debug\heap_2.o
 .debug_frame   0x000001c8       0x70 .\CortexM3\ARM_GCC_541\Debug\list.o
 .debug_frame   0x00000238      0x9b8 .\CortexM3\ARM_GCC_541\Debug\mpu_wrappers.o
 .debug_frame   0x00000bf0       0xe0 .\CortexM3\ARM_GCC_541\Debug\port.o
 .debug_frame   0x00000cd0      0x3c0 .\CortexM3\ARM_GCC_541\Debug\queue.o
 .debug_frame   0x00001090      0x2f0 .\CortexM3\ARM_GCC_541\Debug\stream_buffer.o
 .debug_frame   0x00001380      0x664 .\CortexM3\ARM_GCC_541\Debug\tasks.o
 .debug_frame   0x000019e4      0x260 .\CortexM3\ARM_GCC_541\Debug\timers.o
 .debug_frame   0x00001c44      0x110 .\CortexM3\ARM_GCC_541\Debug\main.o
 .debug_frame   0x00001d54      0x574 .\CortexM3\ARM_GCC_541\Debug\dwm1000.o
 .debug_frame   0x000022c8       0xe4 .\CortexM3\ARM_GCC_541\Debug\cyfitter_cfg.o
 .debug_frame   0x000023ac       0xb8 .\CortexM3\ARM_GCC_541\Debug\Cm3Start.o
 .debug_frame   0x00002464      0x23c .\CortexM3\ARM_GCC_541\Debug\write_fonction_spi.a(SPIM.o)
 .debug_frame   0x000026a0       0x30 .\CortexM3\ARM_GCC_541\Debug\write_fonction_spi.a(SPIM_INT.o)
 .debug_frame   0x000026d0      0x104 .\CortexM3\ARM_GCC_541\Debug\write_fonction_spi.a(IRQ.o)
 .debug_frame   0x000027d4       0x70 .\CortexM3\ARM_GCC_541\Debug\write_fonction_spi.a(pin_1.o)
 .debug_frame   0x00002844       0x50 .\CortexM3\ARM_GCC_541\Debug\write_fonction_spi.a(LED_1.o)
 .debug_frame   0x00002894      0x1dc .\CortexM3\ARM_GCC_541\Debug\write_fonction_spi.a(USBP.o)
 .debug_frame   0x00002a70      0x194 .\CortexM3\ARM_GCC_541\Debug\write_fonction_spi.a(USBP_drv.o)
 .debug_frame   0x00002c04       0x5c .\CortexM3\ARM_GCC_541\Debug\write_fonction_spi.a(USBP_episr.o)
 .debug_frame   0x00002c60       0xa0 .\CortexM3\ARM_GCC_541\Debug\write_fonction_spi.a(USBP_pm.o)
 .debug_frame   0x00002d00      0x150 .\CortexM3\ARM_GCC_541\Debug\write_fonction_spi.a(USBP_std.o)
 .debug_frame   0x00002e50       0x20 .\CortexM3\ARM_GCC_541\Debug\write_fonction_spi.a(USBP_vnd.o)
 .debug_frame   0x00002e70       0x50 .\CortexM3\ARM_GCC_541\Debug\write_fonction_spi.a(LED_2.o)
 .debug_frame   0x00002ec0       0x50 .\CortexM3\ARM_GCC_541\Debug\write_fonction_spi.a(LED_3.o)
 .debug_frame   0x00002f10       0x50 .\CortexM3\ARM_GCC_541\Debug\write_fonction_spi.a(LED_4.o)
 .debug_frame   0x00002f60      0x108 .\CortexM3\ARM_GCC_541\Debug\write_fonction_spi.a(Timer_1.o)
 .debug_frame   0x00003068       0x70 .\CortexM3\ARM_GCC_541\Debug\write_fonction_spi.a(USBP_Dp.o)
 .debug_frame   0x000030d8      0x738 .\CortexM3\ARM_GCC_541\Debug\write_fonction_spi.a(CyLib.o)
 .debug_frame   0x00003810      0x1f8 .\CortexM3\ARM_GCC_541\Debug\write_fonction_spi.a(cyPm.o)
 .debug_frame   0x00003a08       0x20 .\CortexM3\ARM_GCC_541\Debug\write_fonction_spi.a(USBP_cls.o)
 .debug_frame   0x00003a28      0x194 .\CortexM3\ARM_GCC_541\Debug\write_fonction_spi.a(CyFlash.o)
 .debug_frame   0x00003bbc      0x180 .\CortexM3\ARM_GCC_541\Debug\write_fonction_spi.a(CySpc.o)
 .debug_frame   0x00003d3c       0x20 c:/program files (x86)/cypress/psoc creator/4.3/psoc creator/import/gnu/arm/5.4.1/bin/../lib/gcc/arm-none-eabi/5.4.1/../../../../arm-none-eabi/lib/armv7-m\libg_nano.a(lib_a-errno.o)
 .debug_frame   0x00003d5c       0x28 c:/program files (x86)/cypress/psoc creator/4.3/psoc creator/import/gnu/arm/5.4.1/bin/../lib/gcc/arm-none-eabi/5.4.1/../../../../arm-none-eabi/lib/armv7-m\libg_nano.a(lib_a-exit.o)
 .debug_frame   0x00003d84       0x2c c:/program files (x86)/cypress/psoc creator/4.3/psoc creator/import/gnu/arm/5.4.1/bin/../lib/gcc/arm-none-eabi/5.4.1/../../../../arm-none-eabi/lib/armv7-m\libg_nano.a(lib_a-init.o)
 .debug_frame   0x00003db0       0x28 c:/program files (x86)/cypress/psoc creator/4.3/psoc creator/import/gnu/arm/5.4.1/bin/../lib/gcc/arm-none-eabi/5.4.1/../../../../arm-none-eabi/lib/armv7-m\libg_nano.a(lib_a-memcpy-stub.o)
 .debug_frame   0x00003dd8       0x20 c:/program files (x86)/cypress/psoc creator/4.3/psoc creator/import/gnu/arm/5.4.1/bin/../lib/gcc/arm-none-eabi/5.4.1/../../../../arm-none-eabi/lib/armv7-m\libg_nano.a(lib_a-memset.o)

.debug_str      0x00000000     0x5102
 *(.debug_str)
 .debug_str     0x00000000      0x16a .\CortexM3\ARM_GCC_541\Debug\croutine.o
                                0x1a3 (size before relaxing)
 .debug_str     0x0000016a      0x3a9 .\CortexM3\ARM_GCC_541\Debug\event_groups.o
                                0x624 (size before relaxing)
 .debug_str     0x00000513      0x12f .\CortexM3\ARM_GCC_541\Debug\heap_2.o
                                0x34b (size before relaxing)
 .debug_str     0x00000642       0x86 .\CortexM3\ARM_GCC_541\Debug\list.o
                                0x2f2 (size before relaxing)
 .debug_str     0x000006c8      0xc23 .\CortexM3\ARM_GCC_541\Debug\mpu_wrappers.o
                               0x1490 (size before relaxing)
 .debug_str     0x000012eb      0x12d .\CortexM3\ARM_GCC_541\Debug\port.o
                                0x367 (size before relaxing)
 .debug_str     0x00001418      0x4bf .\CortexM3\ARM_GCC_541\Debug\queue.o
                                0xab7 (size before relaxing)
 .debug_str     0x000018d7      0x254 .\CortexM3\ARM_GCC_541\Debug\stream_buffer.o
                                0x858 (size before relaxing)
 .debug_str     0x00001b2b      0x5b8 .\CortexM3\ARM_GCC_541\Debug\tasks.o
                                0xfd1 (size before relaxing)
 .debug_str     0x000020e3      0x2b3 .\CortexM3\ARM_GCC_541\Debug\timers.o
                                0x882 (size before relaxing)
 .debug_str     0x00002396      0x4d0 .\CortexM3\ARM_GCC_541\Debug\main.o
                                0x80e (size before relaxing)
 .debug_str     0x00002866      0x5f0 .\CortexM3\ARM_GCC_541\Debug\dwm1000.o
                                0x876 (size before relaxing)
 .debug_str     0x00002e56      0x1ee .\CortexM3\ARM_GCC_541\Debug\cyfitter_cfg.o
                                0x35e (size before relaxing)
 .debug_str     0x00003044       0x75 .\CortexM3\ARM_GCC_541\Debug\cymetadata.o
                                0x1fe (size before relaxing)
 .debug_str     0x000030b9      0x12a .\CortexM3\ARM_GCC_541\Debug\Cm3Start.o
                                0x324 (size before relaxing)
 .debug_str     0x000031e3      0x27a .\CortexM3\ARM_GCC_541\Debug\write_fonction_spi.a(SPIM.o)
                                0x471 (size before relaxing)
 .debug_str     0x0000345d       0x3a .\CortexM3\ARM_GCC_541\Debug\write_fonction_spi.a(SPIM_INT.o)
                                0x240 (size before relaxing)
 .debug_str     0x00003497       0x91 .\CortexM3\ARM_GCC_541\Debug\write_fonction_spi.a(IRQ.o)
                                0x2a4 (size before relaxing)
 .debug_str     0x00003528       0x8b .\CortexM3\ARM_GCC_541\Debug\write_fonction_spi.a(pin_1.o)
                                0x238 (size before relaxing)
 .debug_str     0x000035b3       0x4f .\CortexM3\ARM_GCC_541\Debug\write_fonction_spi.a(LED_1.o)
                                0x1fc (size before relaxing)
 .debug_str     0x00003602      0x346 .\CortexM3\ARM_GCC_541\Debug\write_fonction_spi.a(USBP.o)
                                0x60c (size before relaxing)
 .debug_str     0x00003948      0x2fd .\CortexM3\ARM_GCC_541\Debug\write_fonction_spi.a(USBP_drv.o)
                                0x5e4 (size before relaxing)
 .debug_str     0x00003c45       0x60 .\CortexM3\ARM_GCC_541\Debug\write_fonction_spi.a(USBP_episr.o)
                                0x2ca (size before relaxing)
 .debug_str     0x00003ca5       0xb4 .\CortexM3\ARM_GCC_541\Debug\write_fonction_spi.a(USBP_pm.o)
                                0x2e6 (size before relaxing)
 .debug_str     0x00003d59      0x216 .\CortexM3\ARM_GCC_541\Debug\write_fonction_spi.a(USBP_std.o)
                                0x6bf (size before relaxing)
 .debug_str     0x00003f6f       0x22 .\CortexM3\ARM_GCC_541\Debug\write_fonction_spi.a(USBP_vnd.o)
                                0x1fe (size before relaxing)
 .debug_str     0x00003f91       0x4f .\CortexM3\ARM_GCC_541\Debug\write_fonction_spi.a(LED_2.o)
                                0x1fc (size before relaxing)
 .debug_str     0x00003fe0       0x4f .\CortexM3\ARM_GCC_541\Debug\write_fonction_spi.a(LED_3.o)
                                0x1fc (size before relaxing)
 .debug_str     0x0000402f       0x4f .\CortexM3\ARM_GCC_541\Debug\write_fonction_spi.a(LED_4.o)
                                0x1fc (size before relaxing)
 .debug_str     0x0000407e      0x174 .\CortexM3\ARM_GCC_541\Debug\write_fonction_spi.a(Timer_1.o)
                                0x32f (size before relaxing)
 .debug_str     0x000041f2       0x7e .\CortexM3\ARM_GCC_541\Debug\write_fonction_spi.a(USBP_Dp.o)
                                0x246 (size before relaxing)
 .debug_str     0x00004270      0x7c3 .\CortexM3\ARM_GCC_541\Debug\write_fonction_spi.a(CyLib.o)
                                0xa61 (size before relaxing)
 .debug_str     0x00004a33      0x365 .\CortexM3\ARM_GCC_541\Debug\write_fonction_spi.a(cyPm.o)
                                0x74d (size before relaxing)
 .debug_str     0x00004d98       0x22 .\CortexM3\ARM_GCC_541\Debug\write_fonction_spi.a(USBP_cls.o)
                                0x283 (size before relaxing)
 .debug_str     0x00004dba       0xe8 .\CortexM3\ARM_GCC_541\Debug\write_fonction_spi.a(USBP_descr.o)
                                0x30e (size before relaxing)
 .debug_str     0x00004ea2      0x1b4 .\CortexM3\ARM_GCC_541\Debug\write_fonction_spi.a(CyFlash.o)
                                0x3da (size before relaxing)
 .debug_str     0x00005056       0xac .\CortexM3\ARM_GCC_541\Debug\write_fonction_spi.a(CySpc.o)
                                0x352 (size before relaxing)

.debug_loc      0x00000000     0xa921
 *(.debug_loc)
 .debug_loc     0x00000000      0x6e0 .\CortexM3\ARM_GCC_541\Debug\event_groups.o
 .debug_loc     0x000006e0      0x1cc .\CortexM3\ARM_GCC_541\Debug\heap_2.o
 .debug_loc     0x000008ac       0x65 .\CortexM3\ARM_GCC_541\Debug\list.o
 .debug_loc     0x00000911     0x2060 .\CortexM3\ARM_GCC_541\Debug\mpu_wrappers.o
 .debug_loc     0x00002971       0xa8 .\CortexM3\ARM_GCC_541\Debug\port.o
 .debug_loc     0x00002a19     0x146c .\CortexM3\ARM_GCC_541\Debug\queue.o
 .debug_loc     0x00003e85     0x10b5 .\CortexM3\ARM_GCC_541\Debug\stream_buffer.o
 .debug_loc     0x00004f3a     0x16c9 .\CortexM3\ARM_GCC_541\Debug\tasks.o
 .debug_loc     0x00006603      0x9d7 .\CortexM3\ARM_GCC_541\Debug\timers.o
 .debug_loc     0x00006fda      0x444 .\CortexM3\ARM_GCC_541\Debug\main.o
 .debug_loc     0x0000741e      0x8df .\CortexM3\ARM_GCC_541\Debug\dwm1000.o
 .debug_loc     0x00007cfd      0x25a .\CortexM3\ARM_GCC_541\Debug\cyfitter_cfg.o
 .debug_loc     0x00007f57      0x144 .\CortexM3\ARM_GCC_541\Debug\Cm3Start.o
 .debug_loc     0x0000809b      0x15e .\CortexM3\ARM_GCC_541\Debug\write_fonction_spi.a(SPIM.o)
 .debug_loc     0x000081f9       0x49 .\CortexM3\ARM_GCC_541\Debug\write_fonction_spi.a(SPIM_INT.o)
 .debug_loc     0x00008242       0x56 .\CortexM3\ARM_GCC_541\Debug\write_fonction_spi.a(IRQ.o)
 .debug_loc     0x00008298       0x84 .\CortexM3\ARM_GCC_541\Debug\write_fonction_spi.a(pin_1.o)
 .debug_loc     0x0000831c       0x42 .\CortexM3\ARM_GCC_541\Debug\write_fonction_spi.a(LED_1.o)
 .debug_loc     0x0000835e      0x3e1 .\CortexM3\ARM_GCC_541\Debug\write_fonction_spi.a(USBP.o)
 .debug_loc     0x0000873f      0x171 .\CortexM3\ARM_GCC_541\Debug\write_fonction_spi.a(USBP_drv.o)
 .debug_loc     0x000088b0       0x26 .\CortexM3\ARM_GCC_541\Debug\write_fonction_spi.a(USBP_pm.o)
 .debug_loc     0x000088d6      0x855 .\CortexM3\ARM_GCC_541\Debug\write_fonction_spi.a(USBP_std.o)
 .debug_loc     0x0000912b       0x42 .\CortexM3\ARM_GCC_541\Debug\write_fonction_spi.a(LED_2.o)
 .debug_loc     0x0000916d       0x42 .\CortexM3\ARM_GCC_541\Debug\write_fonction_spi.a(LED_3.o)
 .debug_loc     0x000091af       0x42 .\CortexM3\ARM_GCC_541\Debug\write_fonction_spi.a(LED_4.o)
 .debug_loc     0x000091f1       0x84 .\CortexM3\ARM_GCC_541\Debug\write_fonction_spi.a(USBP_Dp.o)
 .debug_loc     0x00009275      0xa11 .\CortexM3\ARM_GCC_541\Debug\write_fonction_spi.a(CyLib.o)
 .debug_loc     0x00009c86      0x1e4 .\CortexM3\ARM_GCC_541\Debug\write_fonction_spi.a(cyPm.o)
 .debug_loc     0x00009e6a      0x3b2 .\CortexM3\ARM_GCC_541\Debug\write_fonction_spi.a(CyFlash.o)
 .debug_loc     0x0000a21c      0x705 .\CortexM3\ARM_GCC_541\Debug\write_fonction_spi.a(CySpc.o)

.debug_macinfo
 *(.debug_macinfo)

.debug_ranges   0x00000000     0x1378
 *(.debug_ranges)
 .debug_ranges  0x00000000       0x70 .\CortexM3\ARM_GCC_541\Debug\event_groups.o
 .debug_ranges  0x00000070       0x30 .\CortexM3\ARM_GCC_541\Debug\heap_2.o
 .debug_ranges  0x000000a0       0x30 .\CortexM3\ARM_GCC_541\Debug\list.o
 .debug_ranges  0x000000d0      0x250 .\CortexM3\ARM_GCC_541\Debug\mpu_wrappers.o
 .debug_ranges  0x00000320       0x60 .\CortexM3\ARM_GCC_541\Debug\port.o
 .debug_ranges  0x00000380      0x150 .\CortexM3\ARM_GCC_541\Debug\queue.o
 .debug_ranges  0x000004d0       0xb0 .\CortexM3\ARM_GCC_541\Debug\stream_buffer.o
 .debug_ranges  0x00000580      0x1f8 .\CortexM3\ARM_GCC_541\Debug\tasks.o
 .debug_ranges  0x00000778       0xa8 .\CortexM3\ARM_GCC_541\Debug\timers.o
 .debug_ranges  0x00000820       0x48 .\CortexM3\ARM_GCC_541\Debug\main.o
 .debug_ranges  0x00000868      0x180 .\CortexM3\ARM_GCC_541\Debug\dwm1000.o
 .debug_ranges  0x000009e8       0x48 .\CortexM3\ARM_GCC_541\Debug\cyfitter_cfg.o
 .debug_ranges  0x00000a30       0x38 .\CortexM3\ARM_GCC_541\Debug\Cm3Start.o
 .debug_ranges  0x00000a68       0xc8 .\CortexM3\ARM_GCC_541\Debug\write_fonction_spi.a(SPIM.o)
 .debug_ranges  0x00000b30       0x18 .\CortexM3\ARM_GCC_541\Debug\write_fonction_spi.a(SPIM_INT.o)
 .debug_ranges  0x00000b48       0x70 .\CortexM3\ARM_GCC_541\Debug\write_fonction_spi.a(IRQ.o)
 .debug_ranges  0x00000bb8       0x38 .\CortexM3\ARM_GCC_541\Debug\write_fonction_spi.a(pin_1.o)
 .debug_ranges  0x00000bf0       0x28 .\CortexM3\ARM_GCC_541\Debug\write_fonction_spi.a(LED_1.o)
 .debug_ranges  0x00000c18       0xd0 .\CortexM3\ARM_GCC_541\Debug\write_fonction_spi.a(USBP.o)
 .debug_ranges  0x00000ce8       0x88 .\CortexM3\ARM_GCC_541\Debug\write_fonction_spi.a(USBP_drv.o)
 .debug_ranges  0x00000d70       0x28 .\CortexM3\ARM_GCC_541\Debug\write_fonction_spi.a(USBP_episr.o)
 .debug_ranges  0x00000d98       0x30 .\CortexM3\ARM_GCC_541\Debug\write_fonction_spi.a(USBP_pm.o)
 .debug_ranges  0x00000dc8       0x68 .\CortexM3\ARM_GCC_541\Debug\write_fonction_spi.a(USBP_std.o)
 .debug_ranges  0x00000e30       0x10 .\CortexM3\ARM_GCC_541\Debug\write_fonction_spi.a(USBP_vnd.o)
 .debug_ranges  0x00000e40       0x28 .\CortexM3\ARM_GCC_541\Debug\write_fonction_spi.a(LED_2.o)
 .debug_ranges  0x00000e68       0x28 .\CortexM3\ARM_GCC_541\Debug\write_fonction_spi.a(LED_3.o)
 .debug_ranges  0x00000e90       0x28 .\CortexM3\ARM_GCC_541\Debug\write_fonction_spi.a(LED_4.o)
 .debug_ranges  0x00000eb8       0x78 .\CortexM3\ARM_GCC_541\Debug\write_fonction_spi.a(Timer_1.o)
 .debug_ranges  0x00000f30       0x38 .\CortexM3\ARM_GCC_541\Debug\write_fonction_spi.a(USBP_Dp.o)
 .debug_ranges  0x00000f68      0x290 .\CortexM3\ARM_GCC_541\Debug\write_fonction_spi.a(CyLib.o)
 .debug_ranges  0x000011f8       0x88 .\CortexM3\ARM_GCC_541\Debug\write_fonction_spi.a(cyPm.o)
 .debug_ranges  0x00001280       0x10 .\CortexM3\ARM_GCC_541\Debug\write_fonction_spi.a(USBP_cls.o)
 .debug_ranges  0x00001290       0x78 .\CortexM3\ARM_GCC_541\Debug\write_fonction_spi.a(CyFlash.o)
 .debug_ranges  0x00001308       0x70 .\CortexM3\ARM_GCC_541\Debug\write_fonction_spi.a(CySpc.o)

.comment        0x00000000       0x6e
 .comment       0x00000000       0x6e .\CortexM3\ARM_GCC_541\Debug\croutine.o
                                 0x6f (size before relaxing)
 .comment       0x0000006e       0x6f .\CortexM3\ARM_GCC_541\Debug\event_groups.o
 .comment       0x0000006e       0x6f .\CortexM3\ARM_GCC_541\Debug\heap_2.o
 .comment       0x0000006e       0x6f .\CortexM3\ARM_GCC_541\Debug\list.o
 .comment       0x0000006e       0x6f .\CortexM3\ARM_GCC_541\Debug\mpu_wrappers.o
 .comment       0x0000006e       0x6f .\CortexM3\ARM_GCC_541\Debug\port.o
 .comment       0x0000006e       0x6f .\CortexM3\ARM_GCC_541\Debug\queue.o
 .comment       0x0000006e       0x6f .\CortexM3\ARM_GCC_541\Debug\stream_buffer.o
 .comment       0x0000006e       0x6f .\CortexM3\ARM_GCC_541\Debug\tasks.o
 .comment       0x0000006e       0x6f .\CortexM3\ARM_GCC_541\Debug\timers.o
 .comment       0x0000006e       0x6f .\CortexM3\ARM_GCC_541\Debug\main.o
 .comment       0x0000006e       0x6f .\CortexM3\ARM_GCC_541\Debug\dwm1000.o
 .comment       0x0000006e       0x6f .\CortexM3\ARM_GCC_541\Debug\cyfitter_cfg.o
 .comment       0x0000006e       0x6f .\CortexM3\ARM_GCC_541\Debug\cymetadata.o
 .comment       0x0000006e       0x6f .\CortexM3\ARM_GCC_541\Debug\Cm3Start.o
 .comment       0x0000006e       0x6f .\CortexM3\ARM_GCC_541\Debug\write_fonction_spi.a(SPIM.o)
 .comment       0x0000006e       0x6f .\CortexM3\ARM_GCC_541\Debug\write_fonction_spi.a(SPIM_INT.o)
 .comment       0x0000006e       0x6f .\CortexM3\ARM_GCC_541\Debug\write_fonction_spi.a(IRQ.o)
 .comment       0x0000006e       0x6f .\CortexM3\ARM_GCC_541\Debug\write_fonction_spi.a(pin_1.o)
 .comment       0x0000006e       0x6f .\CortexM3\ARM_GCC_541\Debug\write_fonction_spi.a(LED_1.o)
 .comment       0x0000006e       0x6f .\CortexM3\ARM_GCC_541\Debug\write_fonction_spi.a(USBP.o)
 .comment       0x0000006e       0x6f .\CortexM3\ARM_GCC_541\Debug\write_fonction_spi.a(USBP_drv.o)
 .comment       0x0000006e       0x6f .\CortexM3\ARM_GCC_541\Debug\write_fonction_spi.a(USBP_episr.o)
 .comment       0x0000006e       0x6f .\CortexM3\ARM_GCC_541\Debug\write_fonction_spi.a(USBP_pm.o)
 .comment       0x0000006e       0x6f .\CortexM3\ARM_GCC_541\Debug\write_fonction_spi.a(USBP_std.o)
 .comment       0x0000006e       0x6f .\CortexM3\ARM_GCC_541\Debug\write_fonction_spi.a(USBP_vnd.o)
 .comment       0x0000006e       0x6f .\CortexM3\ARM_GCC_541\Debug\write_fonction_spi.a(LED_2.o)
 .comment       0x0000006e       0x6f .\CortexM3\ARM_GCC_541\Debug\write_fonction_spi.a(LED_3.o)
 .comment       0x0000006e       0x6f .\CortexM3\ARM_GCC_541\Debug\write_fonction_spi.a(LED_4.o)
 .comment       0x0000006e       0x6f .\CortexM3\ARM_GCC_541\Debug\write_fonction_spi.a(Timer_1.o)
 .comment       0x0000006e       0x6f .\CortexM3\ARM_GCC_541\Debug\write_fonction_spi.a(USBP_Dp.o)
 .comment       0x0000006e       0x6f .\CortexM3\ARM_GCC_541\Debug\write_fonction_spi.a(CyLib.o)
 .comment       0x0000006e       0x6f .\CortexM3\ARM_GCC_541\Debug\write_fonction_spi.a(cyPm.o)
 .comment       0x0000006e       0x6f .\CortexM3\ARM_GCC_541\Debug\write_fonction_spi.a(USBP_cls.o)
 .comment       0x0000006e       0x6f .\CortexM3\ARM_GCC_541\Debug\write_fonction_spi.a(USBP_descr.o)
 .comment       0x0000006e       0x6f .\CortexM3\ARM_GCC_541\Debug\write_fonction_spi.a(CyFlash.o)
 .comment       0x0000006e       0x6f .\CortexM3\ARM_GCC_541\Debug\write_fonction_spi.a(CySpc.o)

.debug_weaknames
 *(.debug_weaknames)

.debug_funcnames
 *(.debug_funcnames)

.debug_typenames
 *(.debug_typenames)

.debug_varnames
 *(.debug_varnames)

.note.gnu.arm.ident
 *(.note.gnu.arm.ident)

.ARM.attributes
                0x00000000       0x29
 *(.ARM.attributes)
 .ARM.attributes
                0x00000000       0x1d c:/program files (x86)/cypress/psoc creator/4.3/psoc creator/import/gnu/arm/5.4.1/bin/../lib/gcc/arm-none-eabi/5.4.1/armv7-m/crti.o
 .ARM.attributes
                0x0000001d       0x2d c:/program files (x86)/cypress/psoc creator/4.3/psoc creator/import/gnu/arm/5.4.1/bin/../lib/gcc/arm-none-eabi/5.4.1/armv7-m/crtbegin.o
 .ARM.attributes
                0x0000004a       0x1b c:/program files (x86)/cypress/psoc creator/4.3/psoc creator/import/gnu/arm/5.4.1/bin/../lib/gcc/arm-none-eabi/5.4.1/../../../../arm-none-eabi/lib/armv7-m/crt0.o
 .ARM.attributes
                0x00000065       0x33 .\CortexM3\ARM_GCC_541\Debug\croutine.o
 .ARM.attributes
                0x00000098       0x33 .\CortexM3\ARM_GCC_541\Debug\event_groups.o
 .ARM.attributes
                0x000000cb       0x33 .\CortexM3\ARM_GCC_541\Debug\heap_2.o
 .ARM.attributes
                0x000000fe       0x33 .\CortexM3\ARM_GCC_541\Debug\list.o
 .ARM.attributes
                0x00000131       0x33 .\CortexM3\ARM_GCC_541\Debug\mpu_wrappers.o
 .ARM.attributes
                0x00000164       0x33 .\CortexM3\ARM_GCC_541\Debug\port.o
 .ARM.attributes
                0x00000197       0x33 .\CortexM3\ARM_GCC_541\Debug\queue.o
 .ARM.attributes
                0x000001ca       0x33 .\CortexM3\ARM_GCC_541\Debug\stream_buffer.o
 .ARM.attributes
                0x000001fd       0x33 .\CortexM3\ARM_GCC_541\Debug\tasks.o
 .ARM.attributes
                0x00000230       0x33 .\CortexM3\ARM_GCC_541\Debug\timers.o
 .ARM.attributes
                0x00000263       0x33 .\CortexM3\ARM_GCC_541\Debug\main.o
 .ARM.attributes
                0x00000296       0x33 .\CortexM3\ARM_GCC_541\Debug\dwm1000.o
 .ARM.attributes
                0x000002c9       0x33 .\CortexM3\ARM_GCC_541\Debug\cyfitter_cfg.o
 .ARM.attributes
                0x000002fc       0x33 .\CortexM3\ARM_GCC_541\Debug\cymetadata.o
 .ARM.attributes
                0x0000032f       0x33 .\CortexM3\ARM_GCC_541\Debug\Cm3Start.o
 .ARM.attributes
                0x00000362       0x33 .\CortexM3\ARM_GCC_541\Debug\write_fonction_spi.a(SPIM.o)
 .ARM.attributes
                0x00000395       0x33 .\CortexM3\ARM_GCC_541\Debug\write_fonction_spi.a(SPIM_INT.o)
 .ARM.attributes
                0x000003c8       0x33 .\CortexM3\ARM_GCC_541\Debug\write_fonction_spi.a(IRQ.o)
 .ARM.attributes
                0x000003fb       0x33 .\CortexM3\ARM_GCC_541\Debug\write_fonction_spi.a(pin_1.o)
 .ARM.attributes
                0x0000042e       0x33 .\CortexM3\ARM_GCC_541\Debug\write_fonction_spi.a(LED_1.o)
 .ARM.attributes
                0x00000461       0x33 .\CortexM3\ARM_GCC_541\Debug\write_fonction_spi.a(USBP.o)
 .ARM.attributes
                0x00000494       0x33 .\CortexM3\ARM_GCC_541\Debug\write_fonction_spi.a(USBP_drv.o)
 .ARM.attributes
                0x000004c7       0x33 .\CortexM3\ARM_GCC_541\Debug\write_fonction_spi.a(USBP_episr.o)
 .ARM.attributes
                0x000004fa       0x33 .\CortexM3\ARM_GCC_541\Debug\write_fonction_spi.a(USBP_pm.o)
 .ARM.attributes
                0x0000052d       0x33 .\CortexM3\ARM_GCC_541\Debug\write_fonction_spi.a(USBP_std.o)
 .ARM.attributes
                0x00000560       0x33 .\CortexM3\ARM_GCC_541\Debug\write_fonction_spi.a(USBP_vnd.o)
 .ARM.attributes
                0x00000593       0x33 .\CortexM3\ARM_GCC_541\Debug\write_fonction_spi.a(LED_2.o)
 .ARM.attributes
                0x000005c6       0x33 .\CortexM3\ARM_GCC_541\Debug\write_fonction_spi.a(LED_3.o)
 .ARM.attributes
                0x000005f9       0x33 .\CortexM3\ARM_GCC_541\Debug\write_fonction_spi.a(LED_4.o)
 .ARM.attributes
                0x0000062c       0x33 .\CortexM3\ARM_GCC_541\Debug\write_fonction_spi.a(Timer_1.o)
 .ARM.attributes
                0x0000065f       0x33 .\CortexM3\ARM_GCC_541\Debug\write_fonction_spi.a(USBP_Dp.o)
 .ARM.attributes
                0x00000692       0x33 .\CortexM3\ARM_GCC_541\Debug\write_fonction_spi.a(CyLib.o)
 .ARM.attributes
                0x000006c5       0x33 .\CortexM3\ARM_GCC_541\Debug\write_fonction_spi.a(cyPm.o)
 .ARM.attributes
                0x000006f8       0x21 .\CortexM3\ARM_GCC_541\Debug\write_fonction_spi.a(CyBootAsmGnu.o)
 .ARM.attributes
                0x00000719       0x33 .\CortexM3\ARM_GCC_541\Debug\write_fonction_spi.a(USBP_cls.o)
 .ARM.attributes
                0x0000074c       0x33 .\CortexM3\ARM_GCC_541\Debug\write_fonction_spi.a(USBP_descr.o)
 .ARM.attributes
                0x0000077f       0x33 .\CortexM3\ARM_GCC_541\Debug\write_fonction_spi.a(CyFlash.o)
 .ARM.attributes
                0x000007b2       0x33 .\CortexM3\ARM_GCC_541\Debug\write_fonction_spi.a(CySpc.o)
 .ARM.attributes
                0x000007e5       0x2d c:/program files (x86)/cypress/psoc creator/4.3/psoc creator/import/gnu/arm/5.4.1/bin/../lib/gcc/arm-none-eabi/5.4.1/../../../../arm-none-eabi/lib/armv7-m\libg_nano.a(lib_a-errno.o)
 .ARM.attributes
                0x00000812       0x2d c:/program files (x86)/cypress/psoc creator/4.3/psoc creator/import/gnu/arm/5.4.1/bin/../lib/gcc/arm-none-eabi/5.4.1/../../../../arm-none-eabi/lib/armv7-m\libg_nano.a(lib_a-exit.o)
 .ARM.attributes
                0x0000083f       0x2d c:/program files (x86)/cypress/psoc creator/4.3/psoc creator/import/gnu/arm/5.4.1/bin/../lib/gcc/arm-none-eabi/5.4.1/../../../../arm-none-eabi/lib/armv7-m\libg_nano.a(lib_a-impure.o)
 .ARM.attributes
                0x0000086c       0x2d c:/program files (x86)/cypress/psoc creator/4.3/psoc creator/import/gnu/arm/5.4.1/bin/../lib/gcc/arm-none-eabi/5.4.1/../../../../arm-none-eabi/lib/armv7-m\libg_nano.a(lib_a-init.o)
 .ARM.attributes
                0x00000899       0x2d c:/program files (x86)/cypress/psoc creator/4.3/psoc creator/import/gnu/arm/5.4.1/bin/../lib/gcc/arm-none-eabi/5.4.1/../../../../arm-none-eabi/lib/armv7-m\libg_nano.a(lib_a-memcpy-stub.o)
 .ARM.attributes
                0x000008c6       0x2d c:/program files (x86)/cypress/psoc creator/4.3/psoc creator/import/gnu/arm/5.4.1/bin/../lib/gcc/arm-none-eabi/5.4.1/../../../../arm-none-eabi/lib/armv7-m\libg_nano.a(lib_a-memset.o)
 .ARM.attributes