Archive member included to satisfy reference by file (symbol)

.\CortexM3\ARM_GCC_541\Debug\write_fonction_spi.a(SPIM.o)
                              .\CortexM3\ARM_GCC_541\Debug\dwm1000.o (SPIM_ReadTxStatus)
.\CortexM3\ARM_GCC_541\Debug\write_fonction_spi.a(SPIM_INT.o)
                              .\CortexM3\ARM_GCC_541\Debug\write_fonction_spi.a(SPIM.o) (SPIM_RX_ISR)
.\CortexM3\ARM_GCC_541\Debug\write_fonction_spi.a(IRQ.o)
                              .\CortexM3\ARM_GCC_541\Debug\main.o (IRQ_SetPriority)
.\CortexM3\ARM_GCC_541\Debug\write_fonction_spi.a(pin_1.o)
                              .\CortexM3\ARM_GCC_541\Debug\main.o (pin_1_ClearInterrupt)
.\CortexM3\ARM_GCC_541\Debug\write_fonction_spi.a(LED_1.o)
                              .\CortexM3\ARM_GCC_541\Debug\main.o (LED_1_Write)
.\CortexM3\ARM_GCC_541\Debug\write_fonction_spi.a(LED_2.o)
                              .\CortexM3\ARM_GCC_541\Debug\main.o (LED_2_Write)
.\CortexM3\ARM_GCC_541\Debug\write_fonction_spi.a(LED_3.o)
                              .\CortexM3\ARM_GCC_541\Debug\main.o (LED_3_Write)
.\CortexM3\ARM_GCC_541\Debug\write_fonction_spi.a(LED_4.o)
                              .\CortexM3\ARM_GCC_541\Debug\main.o (LED_4_Write)
.\CortexM3\ARM_GCC_541\Debug\write_fonction_spi.a(Timer_1.o)
                              .\CortexM3\ARM_GCC_541\Debug\main.o (Timer_1_Enable)
.\CortexM3\ARM_GCC_541\Debug\write_fonction_spi.a(rst_in.o)
                              .\CortexM3\ARM_GCC_541\Debug\main.o (rst_in_Write)
.\CortexM3\ARM_GCC_541\Debug\write_fonction_spi.a(CyLib.o)
                              .\CortexM3\ARM_GCC_541\Debug\Cm3Start.o (CyHalt)
.\CortexM3\ARM_GCC_541\Debug\write_fonction_spi.a(cyPm.o)
                              .\CortexM3\ARM_GCC_541\Debug\write_fonction_spi.a(CyLib.o) (CyPmReadStatus)
.\CortexM3\ARM_GCC_541\Debug\write_fonction_spi.a(USBP.o)
                              .\CortexM3\ARM_GCC_541\Debug\main.o (USBP_Start)
.\CortexM3\ARM_GCC_541\Debug\write_fonction_spi.a(USBP_drv.o)
                              .\CortexM3\ARM_GCC_541\Debug\write_fonction_spi.a(USBP.o) (USBP_lastPacketSize)
.\CortexM3\ARM_GCC_541\Debug\write_fonction_spi.a(USBP_episr.o)
                              .\CortexM3\ARM_GCC_541\Debug\write_fonction_spi.a(USBP.o) (USBP_EP_1_ISR)
.\CortexM3\ARM_GCC_541\Debug\write_fonction_spi.a(USBP_pm.o)
                              .\CortexM3\ARM_GCC_541\Debug\write_fonction_spi.a(USBP.o) (USBP_DP_ISR)
.\CortexM3\ARM_GCC_541\Debug\write_fonction_spi.a(USBP_std.o)
                              .\CortexM3\ARM_GCC_541\Debug\write_fonction_spi.a(USBP_pm.o) (USBP_ConfigReg)
.\CortexM3\ARM_GCC_541\Debug\write_fonction_spi.a(USBP_vnd.o)
                              .\CortexM3\ARM_GCC_541\Debug\write_fonction_spi.a(USBP_drv.o) (USBP_HandleVendorRqst)
.\CortexM3\ARM_GCC_541\Debug\write_fonction_spi.a(USBP_Dp.o)
                              .\CortexM3\ARM_GCC_541\Debug\write_fonction_spi.a(USBP.o) (USBP_Dp_ClearInterrupt)
.\CortexM3\ARM_GCC_541\Debug\write_fonction_spi.a(CyBootAsmGnu.o)
                              .\CortexM3\ARM_GCC_541\Debug\cyfitter_cfg.o (CyDelayCycles)
.\CortexM3\ARM_GCC_541\Debug\write_fonction_spi.a(CyFlash.o)
                              .\CortexM3\ARM_GCC_541\Debug\write_fonction_spi.a(cyPm.o) (CyFlash_SetWaitCycles)
.\CortexM3\ARM_GCC_541\Debug\write_fonction_spi.a(CySpc.o)
                              .\CortexM3\ARM_GCC_541\Debug\write_fonction_spi.a(CyFlash.o) (CySpcStart)
.\CortexM3\ARM_GCC_541\Debug\write_fonction_spi.a(USBP_cls.o)
                              .\CortexM3\ARM_GCC_541\Debug\write_fonction_spi.a(USBP_drv.o) (USBP_DispatchClassRqst)
.\CortexM3\ARM_GCC_541\Debug\write_fonction_spi.a(USBP_descr.o)
                              .\CortexM3\ARM_GCC_541\Debug\write_fonction_spi.a(USBP_std.o) (USBP_TABLE)
c:/program files (x86)/cypress/psoc creator/4.3/psoc creator/import/gnu/arm/5.4.1/bin/../lib/gcc/arm-none-eabi/5.4.1/../../../../arm-none-eabi/lib/armv7-m\libg_nano.a(lib_a-errno.o)
                              .\CortexM3\ARM_GCC_541\Debug\Cm3Start.o (__errno)
c:/program files (x86)/cypress/psoc creator/4.3/psoc creator/import/gnu/arm/5.4.1/bin/../lib/gcc/arm-none-eabi/5.4.1/../../../../arm-none-eabi/lib/armv7-m\libg_nano.a(lib_a-exit.o)
                              c:/program files (x86)/cypress/psoc creator/4.3/psoc creator/import/gnu/arm/5.4.1/bin/../lib/gcc/arm-none-eabi/5.4.1/../../../../arm-none-eabi/lib/armv7-m/crt0.o (exit)
c:/program files (x86)/cypress/psoc creator/4.3/psoc creator/import/gnu/arm/5.4.1/bin/../lib/gcc/arm-none-eabi/5.4.1/../../../../arm-none-eabi/lib/armv7-m\libg_nano.a(lib_a-impure.o)
                              c:/program files (x86)/cypress/psoc creator/4.3/psoc creator/import/gnu/arm/5.4.1/bin/../lib/gcc/arm-none-eabi/5.4.1/../../../../arm-none-eabi/lib/armv7-m\libg_nano.a(lib_a-exit.o) (_global_impure_ptr)
[...]
Memory Configuration

Name             Origin             Length             Attributes
rom              0x00000000         0x00040000         xr
ram              0x1fff8000         0x00010000         xrw
*default*        0x00000000         0xffffffff

Linker script and memory map

LOAD c:/program files (x86)/cypress/psoc creator/4.3/psoc creator/import/gnu/arm/5.4.1/bin/../lib/gcc/arm-none-eabi/5.4.1/armv7-m/crti.o
LOAD c:/program files (x86)/cypress/psoc creator/4.3/psoc creator/import/gnu/arm/5.4.1/bin/../lib/gcc/arm-none-eabi/5.4.1/armv7-m/crtbegin.o
LOAD c:/program files (x86)/cypress/psoc creator/4.3/psoc creator/import/gnu/arm/5.4.1/bin/../lib/gcc/arm-none-eabi/5.4.1/../../../../arm-none-eabi/lib/armv7-m/crt0.o
START GROUP
LOAD .\CortexM3\ARM_GCC_541\Debug\main.o
LOAD .\CortexM3\ARM_GCC_541\Debug\dwm1000.o
LOAD .\CortexM3\ARM_GCC_541\Debug\cyfitter_cfg.o
LOAD .\CortexM3\ARM_GCC_541\Debug\cymetadata.o
LOAD .\CortexM3\ARM_GCC_541\Debug\Cm3Start.o
LOAD .\CortexM3\ARM_GCC_541\Debug\write_fonction_spi.a
LOAD C:\Program Files (x86)\Cypress\PSoC Creator\4.3\PSoC Creator\psoc\content\cycomponentlibrary\CyComponentLibrary.cylib\CortexM3\ARM_GCC_541\Debug\CyComponentLibrary.a
END GROUP
START GROUP
LOAD c:/program files (x86)/cypress/psoc creator/4.3/psoc creator/import/gnu/arm/5.4.1/bin/../lib/gcc/arm-none-eabi/5.4.1/armv7-m\libgcc.a
LOAD c:/program files (x86)/cypress/psoc creator/4.3/psoc creator/import/gnu/arm/5.4.1/bin/../lib/gcc/arm-none-eabi/5.4.1/../../../../arm-none-eabi/lib/armv7-m\libg_nano.a
LOAD c:/program files (x86)/cypress/psoc creator/4.3/psoc creator/import/gnu/arm/5.4.1/bin/../lib/gcc/arm-none-eabi/5.4.1/../../../../arm-none-eabi/lib/armv7-m\libc_nano.a
END GROUP
START GROUP
LOAD c:/program files (x86)/cypress/psoc creator/4.3/psoc creator/import/gnu/arm/5.4.1/bin/../lib/gcc/arm-none-eabi/5.4.1/armv7-m\libgcc.a
LOAD c:/program files (x86)/cypress/psoc creator/4.3/psoc creator/import/gnu/arm/5.4.1/bin/../lib/gcc/arm-none-eabi/5.4.1/../../../../arm-none-eabi/lib/armv7-m\libc_nano.a
END GROUP
LOAD c:/program files (x86)/cypress/psoc creator/4.3/psoc creator/import/gnu/arm/5.4.1/bin/../lib/gcc/arm-none-eabi/5.4.1/armv7-m/crtend.o
LOAD c:/program files (x86)/cypress/psoc creator/4.3/psoc creator/import/gnu/arm/5.4.1/bin/../lib/gcc/arm-none-eabi/5.4.1/armv7-m/crtn.o
START GROUP
LOAD c:/program files (x86)/cypress/psoc creator/4.3/psoc creator/import/gnu/arm/5.4.1/bin/../lib/gcc/arm-none-eabi/5.4.1/armv7-m\libgcc.a
LOAD c:/program files (x86)/cypress/psoc creator/4.3/psoc creator/import/gnu/arm/5.4.1/bin/../lib/gcc/arm-none-eabi/5.4.1/../../../../arm-none-eabi/lib/armv7-m\libc.a
LOAD c:/program files (x86)/cypress/psoc creator/4.3/psoc creator/import/gnu/arm/5.4.1/bin/../lib/gcc/arm-none-eabi/5.4.1/../../../../arm-none-eabi/lib/armv7-m\libnosys.a
END GROUP
                0x00000000                CY_APPL_ORIGIN = 0x0
                0x00000100                CY_FLASH_ROW_SIZE = 0x100
                0x00000020                CY_ECC_ROW_SIZE = 0x20
                0x00000000                CY_EE_IN_BTLDR = 0x0
                0x00000000                CY_APPL_LOADABLE = 0x0
                0x00000800                CY_EE_SIZE = 0x800
                0x00000001                CY_APPL_NUM = 0x1
                0x00000001                CY_APPL_MAX = 0x1
                0x00000040                CY_METADATA_SIZE = 0x40
                0x00000000                CY_APPL_LOADABLE = 0x0
                0x00000000                CY_CHECKSUM_EXCLUDE_SIZE = ALIGN (0x0, CY_FLASH_ROW_SIZE)
                [!provide]                PROVIDE (__cy_heap_start, _end)
                0x00000001                PROVIDE (__cy_region_num, ((__cy_regions_end - __cy_regions) / 0x10))
                0x20008000                PROVIDE (__cy_stack, (ORIGIN (ram) + LENGTH (ram)))
                [!provide]                PROVIDE (__cy_heap_end, (__cy_stack - 0x800))

.cybootloader   0x00000000        0x0
 *(.cybootloader)
                0x00000000                appl1_start = CY_APPL_ORIGIN?CY_APPL_ORIGIN:ALIGN (CY_FLASH_ROW_SIZE)
                0x0001ff00                appl2_start = (appl1_start + ALIGN ((((LENGTH (rom) - appl1_start) - (0x2 * CY_FLASH_ROW_SIZE)) / 0x2), CY_FLASH_ROW_SIZE))
                0x00000000                appl_start = (CY_APPL_NUM == 0x1)?appl1_start:appl2_start
                0x00000000                ecc_offset = ((appl_start / CY_FLASH_ROW_SIZE) * CY_ECC_ROW_SIZE)
                0x00000000                ee_offset = (CY_APPL_LOADABLE && ! (CY_EE_IN_BTLDR))?((CY_EE_SIZE / CY_APPL_MAX) * (CY_APPL_NUM - 0x1)):0x0
                0x00000800                ee_size = (CY_APPL_LOADABLE && ! (CY_EE_IN_BTLDR))?(CY_EE_SIZE / CY_APPL_MAX):CY_EE_SIZE
                [!provide]                PROVIDE (CY_ECC_OFFSET, ecc_offset)

.text           0x00000000     0x2fce
 CREATE_OBJECT_SYMBOLS
                0x00000000                PROVIDE (__cy_interrupt_vector, RomVectors)
 *(.romvectors)
 .romvectors    0x00000000       0x10 .\CortexM3\ARM_GCC_541\Debug\Cm3Start.o
                0x00000000                RomVectors
                0x00000001                ASSERT ((. != __cy_interrupt_vector), No interrupt vector)
                0x00000001                ASSERT (CY_APPL_ORIGIN?(SIZEOF (.cybootloader) <= CY_APPL_ORIGIN):0x1, Wrong image location)
                0x00000010                PROVIDE (__cy_reset, Reset)
 *(.text.Reset)
 .text.Reset    0x00000010       0x18 .\CortexM3\ARM_GCC_541\Debug\Cm3Start.o
                0x00000010                Reset
                0x00000001                ASSERT ((. != __cy_reset), No reset code)
 *(.dma_init)
                0x00000001                ASSERT ((((appl_start + .) <= 0x10000) || 0x1), DMA Init must be within the first 64k of flash)
 *(.text .text.* .gnu.linkonce.t.*)
 .text          0x00000028       0x5c c:/program files (x86)/cypress/psoc creator/4.3/psoc creator/import/gnu/arm/5.4.1/bin/../lib/gcc/arm-none-eabi/5.4.1/armv7-m/crtbegin.o
 .text.ISR      0x00000084       0x18 .\CortexM3\ARM_GCC_541\Debug\main.o
                0x00000084                ISR
 .text.interrupt_routine
                0x0000009c       0xe8 .\CortexM3\ARM_GCC_541\Debug\main.o
                0x0000009c                interrupt_routine
 .text.main     0x00000184      0x774 .\CortexM3\ARM_GCC_541\Debug\main.o
                0x00000184                main
 .text.CHANNEL_ValidPreambleCode
                0x000008f8       0x90 .\CortexM3\ARM_GCC_541\Debug\dwm1000.o
 .text.CHANNEL_ValidPreambleSize
                0x00000988       0x40 .\CortexM3\ARM_GCC_541\Debug\dwm1000.o
 .text.CHANNEL_Init
                0x000009c8       0x24 .\CortexM3\ARM_GCC_541\Debug\dwm1000.o
 .text.setBit   0x000009ec       0x30 .\CortexM3\ARM_GCC_541\Debug\dwm1000.o
                0x000009ec                setBit
 .text.int2Bytes
                0x00000a1c       0x10 .\CortexM3\ARM_GCC_541\Debug\dwm1000.o
                0x00000a1c                int2Bytes
 .text.short2Bytes
                0x00000a2c        0x8 .\CortexM3\ARM_GCC_541\Debug\dwm1000.o
                0x00000a2c                short2Bytes
 .text.DWM_ReadSPI_ext
                0x00000a34       0xc0 .\CortexM3\ARM_GCC_541\Debug\dwm1000.o
                0x00000a34                DWM_ReadSPI_ext
 .text.DWM_WriteSPI_ext
                0x00000af4       0xa4 .\CortexM3\ARM_GCC_541\Debug\dwm1000.o
                0x00000af4                DWM_WriteSPI_ext
 .text.TRANSMITTER_UpdatePreambleCode
                0x00000b98       0x4c .\CortexM3\ARM_GCC_541\Debug\dwm1000.o
 .text.TRANSMITTER_UpdatePreambleSize
                0x00000be4       0x28 .\CortexM3\ARM_GCC_541\Debug\dwm1000.o
 .text.TRANSMITTER_UpdateTxPower
                0x00000c0c      0x1a0 .\CortexM3\ARM_GCC_541\Debug\dwm1000.o
 .text.TRANSMITTER_UpdateChannel
                0x00000dac       0xb4 .\CortexM3\ARM_GCC_541\Debug\dwm1000.o
 .text.TRANSMITTER_UpdateBitrate
                0x00000e60       0x2c .\CortexM3\ARM_GCC_541\Debug\dwm1000.o
 .text.TRANSMITTER_UpdatePrf
                0x00000e8c       0x2c .\CortexM3\ARM_GCC_541\Debug\dwm1000.o
 .text.TRANSMITTER_Init
                0x00000eb8       0x24 .\CortexM3\ARM_GCC_541\Debug\dwm1000.o
 .text.RECEIVER_UpdatePreambleCode
                0x00000edc       0x3c .\CortexM3\ARM_GCC_541\Debug\dwm1000.o
 .text.RECEIVER_UpdatePacSize
                0x00000f18      0x100 .\CortexM3\ARM_GCC_541\Debug\dwm1000.o
 .text.RECEIVER_UpdateSFDTimeout
                0x00001018       0x74 .\CortexM3\ARM_GCC_541\Debug\dwm1000.o
 .text.RECEIVER_UpdatePreambleSize
                0x0000108c       0x88 .\CortexM3\ARM_GCC_541\Debug\dwm1000.o
 .text.RECEIVER_UpdateChannel
                0x00001114       0x40 .\CortexM3\ARM_GCC_541\Debug\dwm1000.o
 .text.RECEIVER_UpdateBitrate
                0x00001154       0x60 .\CortexM3\ARM_GCC_541\Debug\dwm1000.o
 .text.RECEIVER_UpdatePrf
                0x000011b4       0xa8 .\CortexM3\ARM_GCC_541\Debug\dwm1000.o
 .text.RECEIVER_UpdateFrameTimeoutDelay
                0x0000125c       0x58 .\CortexM3\ARM_GCC_541\Debug\dwm1000.o
 .text.RECEIVER_Init
                0x000012b4       0x2c .\CortexM3\ARM_GCC_541\Debug\dwm1000.o
 .text.DWM_UpdateChannel
                0x000012e0       0xa4 .\CortexM3\ARM_GCC_541\Debug\dwm1000.o
 .text.DWM_Reset
                0x00001384       0xa0 .\CortexM3\ARM_GCC_541\Debug\dwm1000.o
 .text.CONFIG_Init
                0x00001424       0x20 .\CortexM3\ARM_GCC_541\Debug\dwm1000.o
 .text.DWM_Init
                0x00001444      0x16c .\CortexM3\ARM_GCC_541\Debug\dwm1000.o
                0x00001444                DWM_Init
 .text.idle     0x000015b0       0x74 .\CortexM3\ARM_GCC_541\Debug\dwm1000.o
                0x000015b0                idle
 .text.DWM_Reset_Rx
                0x00001624       0x30 .\CortexM3\ARM_GCC_541\Debug\dwm1000.o
                0x00001624                DWM_Reset_Rx
 .text.DWM_Enable_Rx
                0x00001654       0x2c .\CortexM3\ARM_GCC_541\Debug\dwm1000.o
                0x00001654                DWM_Enable_Rx
 .text.DWM_SendData
                0x00001680       0x6c .\CortexM3\ARM_GCC_541\Debug\dwm1000.o
                0x00001680                DWM_SendData
 .text.DWM_ReceiveData
                0x000016ec       0x68 .\CortexM3\ARM_GCC_541\Debug\dwm1000.o
                0x000016ec                DWM_ReceiveData
 .text.CyClockStartupError
                0x00001754        0x4 .\CortexM3\ARM_GCC_541\Debug\cyfitter_cfg.o
 .text.cfg_write_bytes32
                0x00001758       0x34 .\CortexM3\ARM_GCC_541\Debug\cyfitter_cfg.o
 .text.AnalogSetDefault
                0x0000178c       0x28 .\CortexM3\ARM_GCC_541\Debug\cyfitter_cfg.o
 .text.CYMEMZERO
                0x000017b4        0xc .\CortexM3\ARM_GCC_541\Debug\cyfitter_cfg.o
 .text.ClockSetup
                0x000017c0       0xcc .\CortexM3\ARM_GCC_541\Debug\cyfitter_cfg.o
 .text.CYCONFIGCPY
                0x0000188c        0x8 .\CortexM3\ARM_GCC_541\Debug\cyfitter_cfg.o
 .text.cyfitter_cfg
                0x00001894      0x104 .\CortexM3\ARM_GCC_541\Debug\cyfitter_cfg.o
                0x00001894                cyfitter_cfg
 .text.IntDefaultHandler
                0x00001998       0x10 .\CortexM3\ARM_GCC_541\Debug\Cm3Start.o
                0x00001998                IntDefaultHandler
 .text.Start_c  0x000019a8       0x4c .\CortexM3\ARM_GCC_541\Debug\Cm3Start.o
                0x000019a8                Start_c
 .text.initialize_psoc
                0x000019f4       0x68 .\CortexM3\ARM_GCC_541\Debug\Cm3Start.o
                0x000019f4                initialize_psoc
 .text.SPIM_EnableRxInt
                0x00001a5c        0xc .\CortexM3\ARM_GCC_541\Debug\write_fonction_spi.a(SPIM.o)
                0x00001a5c                SPIM_EnableRxInt
 .text.SPIM_Enable
                0x00001a68       0x34 .\CortexM3\ARM_GCC_541\Debug\write_fonction_spi.a(SPIM.o)
                0x00001a68                SPIM_Enable
 .text.SPIM_DisableRxInt
                0x00001a9c        0xc .\CortexM3\ARM_GCC_541\Debug\write_fonction_spi.a(SPIM.o)
                0x00001a9c                SPIM_DisableRxInt
 .text.SPIM_ReadTxStatus
                0x00001aa8        0xc .\CortexM3\ARM_GCC_541\Debug\write_fonction_spi.a(SPIM.o)
                0x00001aa8                SPIM_ReadTxStatus
 .text.SPIM_ReadRxStatus
                0x00001ab4       0x28 .\CortexM3\ARM_GCC_541\Debug\write_fonction_spi.a(SPIM.o)
                0x00001ab4                SPIM_ReadRxStatus
 .text.SPIM_WriteTxData
                0x00001adc       0x18 .\CortexM3\ARM_GCC_541\Debug\write_fonction_spi.a(SPIM.o)
                0x00001adc                SPIM_WriteTxData
 .text.SPIM_ReadRxData
                0x00001af4       0x64 .\CortexM3\ARM_GCC_541\Debug\write_fonction_spi.a(SPIM.o)
                0x00001af4                SPIM_ReadRxData
 .text.SPIM_ClearFIFO
                0x00001b58       0x3c .\CortexM3\ARM_GCC_541\Debug\write_fonction_spi.a(SPIM.o)
                0x00001b58                SPIM_ClearFIFO
 .text.SPIM_Init
                0x00001b94       0x60 .\CortexM3\ARM_GCC_541\Debug\write_fonction_spi.a(SPIM.o)
                0x00001b94                SPIM_Init
 .text.SPIM_Start
                0x00001bf4       0x1c .\CortexM3\ARM_GCC_541\Debug\write_fonction_spi.a(SPIM.o)
                0x00001bf4                SPIM_Start
 .text.SPIM_RX_ISR
                0x00001c10       0xa0 .\CortexM3\ARM_GCC_541\Debug\write_fonction_spi.a(SPIM_INT.o)
                0x00001c10                SPIM_RX_ISR
 .text.IRQ_SetVector
                0x00001cb0        0xc .\CortexM3\ARM_GCC_541\Debug\write_fonction_spi.a(IRQ.o)
                0x00001cb0                IRQ_SetVector
 .text.IRQ_SetPriority
                0x00001cbc       0x10 .\CortexM3\ARM_GCC_541\Debug\write_fonction_spi.a(IRQ.o)
                0x00001cbc                IRQ_SetPriority
 .text.IRQ_Enable
                0x00001ccc        0xc .\CortexM3\ARM_GCC_541\Debug\write_fonction_spi.a(IRQ.o)
                0x00001ccc                IRQ_Enable
 .text.IRQ_GetState
                0x00001cd8       0x10 .\CortexM3\ARM_GCC_541\Debug\write_fonction_spi.a(IRQ.o)
                0x00001cd8                IRQ_GetState
 .text.IRQ_Disable
                0x00001ce8        0xc .\CortexM3\ARM_GCC_541\Debug\write_fonction_spi.a(IRQ.o)
                0x00001ce8                IRQ_Disable
 .text.IRQ_StartEx
                0x00001cf4       0x1c .\CortexM3\ARM_GCC_541\Debug\write_fonction_spi.a(IRQ.o)
                0x00001cf4                IRQ_StartEx
 .text.IRQ_ClearPending
                0x00001d10        0xc .\CortexM3\ARM_GCC_541\Debug\write_fonction_spi.a(IRQ.o)
                0x00001d10                IRQ_ClearPending
 .text.pin_1_ClearInterrupt
                0x00001d1c       0x10 .\CortexM3\ARM_GCC_541\Debug\write_fonction_spi.a(pin_1.o)
                0x00001d1c                pin_1_ClearInterrupt
 .text.LED_1_Write
                0x00001d2c       0x18 .\CortexM3\ARM_GCC_541\Debug\write_fonction_spi.a(LED_1.o)
                0x00001d2c                LED_1_Write
 .text.LED_2_Write
                0x00001d44       0x18 .\CortexM3\ARM_GCC_541\Debug\write_fonction_spi.a(LED_2.o)
                0x00001d44                LED_2_Write
 .text.LED_3_Write
                0x00001d5c       0x18 .\CortexM3\ARM_GCC_541\Debug\write_fonction_spi.a(LED_3.o)
                0x00001d5c                LED_3_Write
 .text.LED_4_Write
                0x00001d74       0x18 .\CortexM3\ARM_GCC_541\Debug\write_fonction_spi.a(LED_4.o)
                0x00001d74                LED_4_Write
 .text.Timer_1_Enable
                0x00001d8c       0x28 .\CortexM3\ARM_GCC_541\Debug\write_fonction_spi.a(Timer_1.o)
                0x00001d8c                Timer_1_Enable
 .text.Timer_1_Stop
                0x00001db4       0x28 .\CortexM3\ARM_GCC_541\Debug\write_fonction_spi.a(Timer_1.o)
                0x00001db4                Timer_1_Stop
 .text.Timer_1_SetInterruptMode
                0x00001ddc        0xc .\CortexM3\ARM_GCC_541\Debug\write_fonction_spi.a(Timer_1.o)
                0x00001ddc                Timer_1_SetInterruptMode
 .text.Timer_1_WritePeriod
                0x00001de8        0xc .\CortexM3\ARM_GCC_541\Debug\write_fonction_spi.a(Timer_1.o)
                0x00001de8                Timer_1_WritePeriod
 .text.Timer_1_WriteCounter
                0x00001df4        0xc .\CortexM3\ARM_GCC_541\Debug\write_fonction_spi.a(Timer_1.o)
                0x00001df4                Timer_1_WriteCounter
 .text.Timer_1_Init
                0x00001e00       0x64 .\CortexM3\ARM_GCC_541\Debug\write_fonction_spi.a(Timer_1.o)
                0x00001e00                Timer_1_Init
 .text.Timer_1_Start
                0x00001e64       0x1c .\CortexM3\ARM_GCC_541\Debug\write_fonction_spi.a(Timer_1.o)
                0x00001e64                Timer_1_Start
 .text.Timer_1_ReadCounter
                0x00001e80       0x14 .\CortexM3\ARM_GCC_541\Debug\write_fonction_spi.a(Timer_1.o)
                0x00001e80                Timer_1_ReadCounter
 .text.rst_in_Write
                0x00001e94       0x18 .\CortexM3\ARM_GCC_541\Debug\write_fonction_spi.a(rst_in.o)
                0x00001e94                rst_in_Write
 .text.CyHalt   0x00001eac        0x4 .\CortexM3\ARM_GCC_541\Debug\write_fonction_spi.a(CyLib.o)
                0x00001eac                CyHalt
 .text.CyDelay  0x00001eb0       0x2c .\CortexM3\ARM_GCC_541\Debug\write_fonction_spi.a(CyLib.o)
                0x00001eb0                CyDelay
 .text.CyDelayUs
                0x00001edc       0x14 .\CortexM3\ARM_GCC_541\Debug\write_fonction_spi.a(CyLib.o)
                0x00001edc                CyDelayUs
 .text.CyIntSetVector
                0x00001ef0       0x28 .\CortexM3\ARM_GCC_541\Debug\write_fonction_spi.a(CyLib.o)
                0x00001ef0                CyIntSetVector
 .text.CyIntSetPriority
                0x00001f18       0x30 .\CortexM3\ARM_GCC_541\Debug\write_fonction_spi.a(CyLib.o)
                0x00001f18                CyIntSetPriority
 .text.USBP_Init
                0x00001f48      0x12c .\CortexM3\ARM_GCC_541\Debug\write_fonction_spi.a(USBP.o)
                0x00001f48                USBP_Init
 .text.USBP_InitComponent
                0x00002074       0xb4 .\CortexM3\ARM_GCC_541\Debug\write_fonction_spi.a(USBP.o)
                0x00002074                USBP_InitComponent
 .text.USBP_Start
                0x00002128       0x24 .\CortexM3\ARM_GCC_541\Debug\write_fonction_spi.a(USBP.o)
                0x00002128                USBP_Start
 .text.USBP_ReInitComponent
                0x0000214c       0x4c .\CortexM3\ARM_GCC_541\Debug\write_fonction_spi.a(USBP.o)
                0x0000214c                USBP_ReInitComponent
 .text.USBP_GetConfiguration
                0x00002198        0xc .\CortexM3\ARM_GCC_541\Debug\write_fonction_spi.a(USBP.o)
                0x00002198                USBP_GetConfiguration
 .text.USBP_GetEPCount
                0x000021a4       0x28 .\CortexM3\ARM_GCC_541\Debug\write_fonction_spi.a(USBP.o)
                0x000021a4                USBP_GetEPCount
 .text.USBP_LoadInEP
                0x000021cc       0x94 .\CortexM3\ARM_GCC_541\Debug\write_fonction_spi.a(USBP.o)
                0x000021cc                USBP_LoadInEP
 .text.USBP_EnableOutEP
                0x00002260       0x2c .\CortexM3\ARM_GCC_541\Debug\write_fonction_spi.a(USBP.o)
                0x00002260                USBP_EnableOutEP
 .text.USBP_ReadOutEP
                0x0000228c       0x50 .\CortexM3\ARM_GCC_541\Debug\write_fonction_spi.a(USBP.o)
                0x0000228c                USBP_ReadOutEP
 .text.USBP_DisableOutEP
                0x000022dc       0x18 .\CortexM3\ARM_GCC_541\Debug\write_fonction_spi.a(USBP.o)
                0x000022dc                USBP_DisableOutEP
 .text.USBP_GetEPAckState
                0x000022f4       0x20 .\CortexM3\ARM_GCC_541\Debug\write_fonction_spi.a(USBP.o)
                0x000022f4                USBP_GetEPAckState
 .text.USBP_LoadEP0
                0x00002314       0x98 .\CortexM3\ARM_GCC_541\Debug\write_fonction_spi.a(USBP_drv.o)
                0x00002314                USBP_LoadEP0
 .text.USBP_InitZeroLengthControlTransfer
                0x000023ac       0x34 .\CortexM3\ARM_GCC_541\Debug\write_fonction_spi.a(USBP_drv.o)
                0x000023ac                USBP_InitZeroLengthControlTransfer
 .text.USBP_ControlReadDataStage
                0x000023e0        0x8 .\CortexM3\ARM_GCC_541\Debug\write_fonction_spi.a(USBP_drv.o)
                0x000023e0                USBP_ControlReadDataStage
 .text.USBP_ControlWriteDataStage
                0x000023e8       0x84 .\CortexM3\ARM_GCC_541\Debug\write_fonction_spi.a(USBP_drv.o)
                0x000023e8                USBP_ControlWriteDataStage
 .text.USBP_InitNoDataControlTransfer
                0x0000246c       0x2c .\CortexM3\ARM_GCC_541\Debug\write_fonction_spi.a(USBP_drv.o)
                0x0000246c                USBP_InitNoDataControlTransfer
 .text.USBP_UpdateStatusBlock
                0x00002498       0x24 .\CortexM3\ARM_GCC_541\Debug\write_fonction_spi.a(USBP_drv.o)
                0x00002498                USBP_UpdateStatusBlock
 .text.USBP_HandleSetup
                0x000024bc       0x5c .\CortexM3\ARM_GCC_541\Debug\write_fonction_spi.a(USBP_drv.o)
                0x000024bc                USBP_HandleSetup
 .text.USBP_ControlReadStatusStage
                0x00002518       0x38 .\CortexM3\ARM_GCC_541\Debug\write_fonction_spi.a(USBP_drv.o)
                0x00002518                USBP_ControlReadStatusStage
 .text.USBP_HandleOUT
                0x00002550       0x38 .\CortexM3\ARM_GCC_541\Debug\write_fonction_spi.a(USBP_drv.o)
                0x00002550                USBP_HandleOUT
 .text.USBP_ControlWriteStatusStage
                0x00002588       0x20 .\CortexM3\ARM_GCC_541\Debug\write_fonction_spi.a(USBP_drv.o)
                0x00002588                USBP_ControlWriteStatusStage
 .text.USBP_NoDataControlStatusStage
                0x000025a8       0x40 .\CortexM3\ARM_GCC_541\Debug\write_fonction_spi.a(USBP_drv.o)
                0x000025a8                USBP_NoDataControlStatusStage
 .text.USBP_HandleIN
                0x000025e8       0x2c .\CortexM3\ARM_GCC_541\Debug\write_fonction_spi.a(USBP_drv.o)
                0x000025e8                USBP_HandleIN
 .text.USBP_EP_0_ISR
                0x00002614       0xb8 .\CortexM3\ARM_GCC_541\Debug\write_fonction_spi.a(USBP_drv.o)
                0x00002614                USBP_EP_0_ISR
 .text.USBP_InitializeStatusBlock
                0x000026cc       0x24 .\CortexM3\ARM_GCC_541\Debug\write_fonction_spi.a(USBP_drv.o)
                0x000026cc                USBP_InitializeStatusBlock
 .text.USBP_InitControlRead
                0x000026f0       0x50 .\CortexM3\ARM_GCC_541\Debug\write_fonction_spi.a(USBP_drv.o)
                0x000026f0                USBP_InitControlRead
 .text.USBP_EP_1_ISR
                0x00002740       0x30 .\CortexM3\ARM_GCC_541\Debug\write_fonction_spi.a(USBP_episr.o)
                0x00002740                USBP_EP_1_ISR
 .text.USBP_EP_2_ISR
                0x00002770       0x34 .\CortexM3\ARM_GCC_541\Debug\write_fonction_spi.a(USBP_episr.o)
                0x00002770                USBP_EP_2_ISR
 .text.USBP_SOF_ISR
                0x000027a4        0x4 .\CortexM3\ARM_GCC_541\Debug\write_fonction_spi.a(USBP_episr.o)
                0x000027a4                USBP_SOF_ISR
 .text.USBP_BUS_RESET_ISR
                0x000027a8        0x8 .\CortexM3\ARM_GCC_541\Debug\write_fonction_spi.a(USBP_episr.o)
                0x000027a8                USBP_BUS_RESET_ISR
 .text.USBP_DP_ISR
                0x000027b0        0x8 .\CortexM3\ARM_GCC_541\Debug\write_fonction_spi.a(USBP_pm.o)
                0x000027b0                USBP_DP_ISR
 .text.USBP_ConfigReg
                0x000027b8       0xa4 .\CortexM3\ARM_GCC_541\Debug\write_fonction_spi.a(USBP_std.o)
                0x000027b8                USBP_ConfigReg
 .text.USBP_GetConfigTablePtr
                0x0000285c       0x28 .\CortexM3\ARM_GCC_541\Debug\write_fonction_spi.a(USBP_std.o)
                0x0000285c                USBP_GetConfigTablePtr
 .text.USBP_GetDeviceTablePtr
                0x00002884       0x18 .\CortexM3\ARM_GCC_541\Debug\write_fonction_spi.a(USBP_std.o)
                0x00002884                USBP_GetDeviceTablePtr
 .text.USBP_GetInterfaceClassTablePtr
                0x0000289c       0x28 .\CortexM3\ARM_GCC_541\Debug\write_fonction_spi.a(USBP_std.o)
                0x0000289c                USBP_GetInterfaceClassTablePtr
 .text.USBP_Config
                0x000028c4      0x188 .\CortexM3\ARM_GCC_541\Debug\write_fonction_spi.a(USBP_std.o)
                0x000028c4                USBP_Config
 .text.USBP_SetEndpointHalt
                0x00002a4c       0x64 .\CortexM3\ARM_GCC_541\Debug\write_fonction_spi.a(USBP_std.o)
                0x00002a4c                USBP_SetEndpointHalt
 .text.USBP_ClearEndpointHalt
                0x00002ab0       0xac .\CortexM3\ARM_GCC_541\Debug\write_fonction_spi.a(USBP_std.o)
                0x00002ab0                USBP_ClearEndpointHalt
 .text.USBP_ValidateAlternateSetting
                0x00002b5c       0x4c .\CortexM3\ARM_GCC_541\Debug\write_fonction_spi.a(USBP_std.o)
                0x00002b5c                USBP_ValidateAlternateSetting
 .text.USBP_HandleStandardRqst
                0x00002ba8      0x328 .\CortexM3\ARM_GCC_541\Debug\write_fonction_spi.a(USBP_std.o)
                0x00002ba8                USBP_HandleStandardRqst
 .text.USBP_HandleVendorRqst
                0x00002ed0       0x18 .\CortexM3\ARM_GCC_541\Debug\write_fonction_spi.a(USBP_vnd.o)
                0x00002ed0                USBP_HandleVendorRqst
 .text.USBP_Dp_ClearInterrupt
                0x00002ee8       0x10 .\CortexM3\ARM_GCC_541\Debug\write_fonction_spi.a(USBP_Dp.o)
                0x00002ee8                USBP_Dp_ClearInterrupt
 .text          0x00002ef8       0x20 .\CortexM3\ARM_GCC_541\Debug\write_fonction_spi.a(CyBootAsmGnu.o)
                0x00002ef8                CyDelayCycles
                0x00002f08                CyEnterCriticalSection
                0x00002f10                CyExitCriticalSection
 .text.USBP_DispatchClassRqst
                0x00002f18       0x38 .\CortexM3\ARM_GCC_541\Debug\write_fonction_spi.a(USBP_cls.o)
                0x00002f18                USBP_DispatchClassRqst
 .text.__errno  0x00002f50        0xc c:/program files (x86)/cypress/psoc creator/4.3/psoc creator/import/gnu/arm/5.4.1/bin/../lib/gcc/arm-none-eabi/5.4.1/../../../../arm-none-eabi/lib/armv7-m\libg_nano.a(lib_a-errno.o)
                0x00002f50                __errno
 .text.__libc_init_array
                0x00002f5c       0x4c c:/program files (x86)/cypress/psoc creator/4.3/psoc creator/import/gnu/arm/5.4.1/bin/../lib/gcc/arm-none-eabi/5.4.1/../../../../arm-none-eabi/lib/armv7-m\libg_nano.a(lib_a-init.o)
                0x00002f5c                __libc_init_array
 .text.memcpy   0x00002fa8       0x16 c:/program files (x86)/cypress/psoc creator/4.3/psoc creator/import/gnu/arm/5.4.1/bin/../lib/gcc/arm-none-eabi/5.4.1/../../../../arm-none-eabi/lib/armv7-m\libg_nano.a(lib_a-memcpy-stub.o)
                0x00002fa8                memcpy
 .text.memset   0x00002fbe       0x10 c:/program files (x86)/cypress/psoc creator/4.3/psoc creator/import/gnu/arm/5.4.1/bin/../lib/gcc/arm-none-eabi/5.4.1/../../../../arm-none-eabi/lib/armv7-m\libg_nano.a(lib_a-memset.o)
                0x00002fbe                memset
 *(.plt)
 *(.gnu.warning)
 *(.glue_7t)
 .glue_7t       0x00002fce        0x0 linker stubs
 *(.glue_7)
 .glue_7        0x00002fce        0x0 linker stubs
 *(.vfp11_veneer)
 .vfp11_veneer  0x00002fce        0x0 linker stubs
 *(.bootloader)
 *(.ARM.extab* .gnu.linkonce.armextab.*)
 *(.gcc_except_table)

.v4_bx          0x00002fd0        0x0
 .v4_bx         0x00002fd0        0x0 linker stubs

.iplt           0x00002fd0        0x0
 .iplt          0x00002fd0        0x0 c:/program files (x86)/cypress/psoc creator/4.3/psoc creator/import/gnu/arm/5.4.1/bin/../lib/gcc/arm-none-eabi/5.4.1/armv7-m/crtbegin.o

.eh_frame_hdr
 *(.eh_frame_hdr)

.eh_frame       0x00002fd0        0x4
 *(.eh_frame)
 .eh_frame      0x00002fd0        0x0 c:/program files (x86)/cypress/psoc creator/4.3/psoc creator/import/gnu/arm/5.4.1/bin/../lib/gcc/arm-none-eabi/5.4.1/armv7-m/crtbegin.o
 .eh_frame      0x00002fd0        0x4 c:/program files (x86)/cypress/psoc creator/4.3/psoc creator/import/gnu/arm/5.4.1/bin/../lib/gcc/arm-none-eabi/5.4.1/armv7-m/crtend.o
                [!provide]                PROVIDE (__exidx_start, .)

.ARM.exidx
 *(.ARM.exidx* .gnu.linkonce.armexidx.*)
                0x00002fd4                __exidx_end = .

.rodata         0x00002fd4      0x14c
 *(.rodata .rodata.* .gnu.linkonce.r.*)
 .rodata        0x00002fd4        0x4 .\CortexM3\ARM_GCC_541\Debug\main.o
 .rodata        0x00002fd8        0x4 .\CortexM3\ARM_GCC_541\Debug\dwm1000.o
 .rodata        0x00002fdc       0x46 .\CortexM3\ARM_GCC_541\Debug\cyfitter_cfg.o
 *fill*         0x00003022        0x2 
 .rodata        0x00003024       0xc2 .\CortexM3\ARM_GCC_541\Debug\write_fonction_spi.a(USBP_descr.o)
                0x00003024                USBP_TABLE
                0x0000302c                USBP_DEVICE0_TABLE
                0x00003044                USBP_DEVICE0_CONFIGURATION0_TABLE
                0x00003064                USBP_DEVICE0_CONFIGURATION0_INTERFACE_CLASS
                0x00003068                USBP_DEVICE0_CONFIGURATION0_EP_SETTINGS_TABLE
                0x00003078                USBP_STRING_DESCRIPTORS
                0x000030b4                USBP_DEVICE0_CONFIGURATION0_DESCR
                0x000030d4                USBP_DEVICE0_DESCR
 .rodata.str1.1
                0x000030e6        0x2 c:/program files (x86)/cypress/psoc creator/4.3/psoc creator/import/gnu/arm/5.4.1/bin/../lib/gcc/arm-none-eabi/5.4.1/../../../../arm-none-eabi/lib/armv7-m\libg_nano.a(lib_a-impure.o)
                0x000030e8                . = ALIGN (0x4)
 *(.init)
 .init          0x000030e8        0x4 c:/program files (x86)/cypress/psoc creator/4.3/psoc creator/import/gnu/arm/5.4.1/bin/../lib/gcc/arm-none-eabi/5.4.1/armv7-m/crti.o
                0x000030e8                _init
 .init          0x000030ec        0x8 c:/program files (x86)/cypress/psoc creator/4.3/psoc creator/import/gnu/arm/5.4.1/bin/../lib/gcc/arm-none-eabi/5.4.1/armv7-m/crtn.o
                0x000030f4                . = ALIGN (0x4)
                0x000030f4                __preinit_array_start = .
 *(.preinit_array)
                0x000030f4                __preinit_array_end = .
                0x000030f4                . = ALIGN (0x4)
                0x000030f4                __init_array_start = .
 *(SORT(.init_array.*))
 *(.init_array)
 .init_array    0x000030f4        0x4 c:/program files (x86)/cypress/psoc creator/4.3/psoc creator/import/gnu/arm/5.4.1/bin/../lib/gcc/arm-none-eabi/5.4.1/armv7-m/crtbegin.o
 .init_array    0x000030f8        0x4 .\CortexM3\ARM_GCC_541\Debug\Cm3Start.o
                0x000030fc                __init_array_end = .
                0x000030fc                . = ALIGN (0x4)
 *(.fini)
 .fini          0x000030fc        0x4 c:/program files (x86)/cypress/psoc creator/4.3/psoc creator/import/gnu/arm/5.4.1/bin/../lib/gcc/arm-none-eabi/5.4.1/armv7-m/crti.o
                0x000030fc                _fini
 .fini          0x00003100        0x8 c:/program files (x86)/cypress/psoc creator/4.3/psoc creator/import/gnu/arm/5.4.1/bin/../lib/gcc/arm-none-eabi/5.4.1/armv7-m/crtn.o
                0x00003108                . = ALIGN (0x4)
                0x00003108                __fini_array_start = .
 *(.fini_array)
 .fini_array    0x00003108        0x4 c:/program files (x86)/cypress/psoc creator/4.3/psoc creator/import/gnu/arm/5.4.1/bin/../lib/gcc/arm-none-eabi/5.4.1/armv7-m/crtbegin.o
 *(SORT(.fini_array.*))
                0x0000310c                __fini_array_end = .
                0x0000310c                . = ALIGN (0x4)
 *crtbegin.o(.ctors)
 *(EXCLUDE_FILE(*crtend.o) .ctors)
 *(SORT(.ctors.*))
 *crtend.o(.ctors)
                0x0000310c                . = ALIGN (0x4)
 *crtbegin.o(.dtors)
 *(EXCLUDE_FILE(*crtend.o) .dtors)
 *(SORT(.dtors.*))
 *crtend.o(.dtors)
                0x0000310c                . = ALIGN (0x4)
                0x0000310c                __cy_regions = .
                0x0000310c        0x4 LONG 0x3120 __cy_region_init_ram
                0x00003110        0x4 LONG 0x1fff80c8 __cy_region_start_data
                0x00003114        0x4 LONG 0x78 __cy_region_init_size_ram
                0x00003118        0x4 LONG 0x2b0 __cy_region_zero_size_ram
                0x0000311c                __cy_regions_end = .
                0x00003120                . = ALIGN (0x8)
 *fill*         0x0000311c        0x4 
                0x00003120                _etext = .

.cy_checksum_exclude
                0x00003120        0x0
 *(.cy_checksum_exclude)

.ramvectors     0x1fff8000       0xc0
                0x1fff8000                __cy_region_start_ram = .
 *(.ramvectors)
 .ramvectors    0x1fff8000       0xc0 .\CortexM3\ARM_GCC_541\Debug\Cm3Start.o
                0x1fff8000                CyRamVectors

.noinit         0x1fff80c0        0x1
 *(.noinit)
 .noinit        0x1fff80c0        0x1 .\CortexM3\ARM_GCC_541\Debug\write_fonction_spi.a(CyLib.o)
                0x1fff80c0                CyResetStatus

.data           0x1fff80c8       0x78 load address 0x00003120
                0x1fff80c8                __cy_region_start_data = .
 *(.jcr)
 .jcr           0x1fff80c8        0x0 c:/program files (x86)/cypress/psoc creator/4.3/psoc creator/import/gnu/arm/5.4.1/bin/../lib/gcc/arm-none-eabi/5.4.1/armv7-m/crtbegin.o
 .jcr           0x1fff80c8        0x4 c:/program files (x86)/cypress/psoc creator/4.3/psoc creator/import/gnu/arm/5.4.1/bin/../lib/gcc/arm-none-eabi/5.4.1/armv7-m/crtend.o
 *(.got.plt)
 *(.got)
 *(.shdata)
 *(.data .data.* .gnu.linkonce.d.*)
 .data          0x1fff80cc       0x10 .\CortexM3\ARM_GCC_541\Debug\write_fonction_spi.a(CyLib.o)
                0x1fff80cc                cydelay_32k_ms
                0x1fff80d0                cydelay_freq_khz
                0x1fff80d4                cydelay_freq_mhz
                0x1fff80d8                cydelay_freq_hz
 .data.impure_data
                0x1fff80dc       0x60 c:/program files (x86)/cypress/psoc creator/4.3/psoc creator/import/gnu/arm/5.4.1/bin/../lib/gcc/arm-none-eabi/5.4.1/../../../../arm-none-eabi/lib/armv7-m\libg_nano.a(lib_a-impure.o)
 .data._impure_ptr
                0x1fff813c        0x4 c:/program files (x86)/cypress/psoc creator/4.3/psoc creator/import/gnu/arm/5.4.1/bin/../lib/gcc/arm-none-eabi/5.4.1/../../../../arm-none-eabi/lib/armv7-m\libg_nano.a(lib_a-impure.o)
                0x1fff813c                _impure_ptr
                0x1fff8140                . = ALIGN (0x8)
 *(.ram)
                0x1fff8140                _edata = .

.igot.plt       0x1fff8140        0x0 load address 0x00003198
 .igot.plt      0x1fff8140        0x0 c:/program files (x86)/cypress/psoc creator/4.3/psoc creator/import/gnu/arm/5.4.1/bin/../lib/gcc/arm-none-eabi/5.4.1/armv7-m/crtbegin.o

.bss            0x1fff8140      0x2b0 load address 0x00003198
                0x1fff8140                PROVIDE (__bss_start__, .)
 *(.shbss)
 *(.bss .bss.* .gnu.linkonce.b.*)
 .bss           0x1fff8140       0x1c c:/program files (x86)/cypress/psoc creator/4.3/psoc creator/import/gnu/arm/5.4.1/bin/../lib/gcc/arm-none-eabi/5.4.1/armv7-m/crtbegin.o
 *fill*         0x1fff815c        0x4 
 .bss           0x1fff8160      0x1c0 .\CortexM3\ARM_GCC_541\Debug\main.o
 .bss           0x1fff8320       0x14 .\CortexM3\ARM_GCC_541\Debug\dwm1000.o
 .bss           0x1fff8334        0x1 .\CortexM3\ARM_GCC_541\Debug\write_fonction_spi.a(SPIM.o)
                0x1fff8334                SPIM_initVar
 .bss           0x1fff8335        0x1 .\CortexM3\ARM_GCC_541\Debug\write_fonction_spi.a(Timer_1.o)
                0x1fff8335                Timer_1_initVar
 .bss           0x1fff8336        0x1 .\CortexM3\ARM_GCC_541\Debug\write_fonction_spi.a(USBP.o)
                0x1fff8336                USBP_initVar
 *fill*         0x1fff8337        0x1 
 .bss           0x1fff8338        0x2 .\CortexM3\ARM_GCC_541\Debug\write_fonction_spi.a(USBP_std.o)
 *(COMMON)
 COMMON         0x1fff833a        0x3 .\CortexM3\ARM_GCC_541\Debug\main.o
                0x1fff833a                slave_standard_message
                0x1fff833b                master_second_message
                0x1fff833c                master_first_message
 *fill*         0x1fff833d        0x3 
 COMMON         0x1fff8340       0x16 .\CortexM3\ARM_GCC_541\Debug\write_fonction_spi.a(SPIM.o)
                0x1fff8340                SPIM_rxBufferFull
                0x1fff8341                SPIM_swStatusTx
                0x1fff8344                SPIM_rxBuffer
                0x1fff8353                SPIM_rxBufferWrite
                0x1fff8354                SPIM_rxBufferRead
                0x1fff8355                SPIM_swStatusRx
 *fill*         0x1fff8356        0x2 
 COMMON         0x1fff8358       0x95 .\CortexM3\ARM_GCC_541\Debug\write_fonction_spi.a(USBP_drv.o)
                0x1fff8358                USBP_EP
                0x1fff83c4                USBP_deviceStatus
                0x1fff83c5                USBP_lastPacketSize
                0x1fff83c6                USBP_transferByteCount
                0x1fff83c8                USBP_interfaceSetting
                0x1fff83c9                USBP_ep0Mode
                0x1fff83ca                USBP_ep0Count
                0x1fff83cb                USBP_transferState
                0x1fff83cc                USBP_configurationChanged
                0x1fff83d0                USBP_interfaceStatus
                0x1fff83d1                USBP_configuration
                0x1fff83d4                USBP_interfaceSettingLast
                0x1fff83d8                USBP_interfaceClass
                0x1fff83dc                USBP_interfaceNumber
                0x1fff83dd                USBP_device
                0x1fff83de                USBP_ep0Toggle
                0x1fff83e0                USBP_currentTD
                0x1fff83ec                USBP_deviceAddress
                0x1fff83f0                . = ALIGN (0x8)
 *fill*         0x1fff83ed        0x3 
 *(.ram.b)
                0x1fff83f0                _end = .
                0x1fff83f0                __end = .
                0x1fff83f0                PROVIDE (end, .)
                0x1fff83f0                PROVIDE (__bss_end__, .)
                0x00003120                __cy_region_init_ram = LOADADDR (.data)
                0x00000078                __cy_region_init_size_ram = (_edata - ADDR (.data))
                0x000002b0                __cy_region_zero_size_ram = (_end - _edata)

.heap           0x1fff83f0       0x80 load address 0x00003198
                0x1fff83f0                . = _end
                0x1fff8470                . = (. + 0x80)
 *fill*         0x1fff83f0       0x80 
                0x1fff8470                __cy_heap_limit = .

.stack          0x20007800      0x800
                0x20007800                __cy_stack_limit = .
                0x20008000                . = (. + 0x800)
 *fill*         0x20007800      0x800 
                0x00000001                ASSERT ((__cy_stack_limit >= __cy_heap_limit), region RAM overflowed with stack)
                0x00000000                cy_checksum_exclude_size = (CY_APPL_LOADABLE == 0x1)?SIZEOF (.cy_checksum_exclude):0x0
                0x00000001                ASSERT ((cy_checksum_exclude_size <= CY_CHECKSUM_EXCLUDE_SIZE), CY_BOOT: Section .cy_checksum_exclude size exceedes specified limit.)

.cyloadermeta
 *(.cyloadermeta)

.cyloadablemeta
 *(.cyloadablemeta)

.cyconfigecc    0x80000000      0x2cc
 *(.cyconfigecc)
 .cyconfigecc   0x80000000      0x2cc .\CortexM3\ARM_GCC_541\Debug\cymetadata.o
                0x80000000                cy_meta_configecc

.cycustnvl      0x90000000        0x4
 *(.cycustnvl)
 .cycustnvl     0x90000000        0x4 .\CortexM3\ARM_GCC_541\Debug\cymetadata.o
                0x90000000                cy_meta_custnvl

.cywolatch      0x90100000        0x4
 *(.cywolatch)
 .cywolatch     0x90100000        0x4 .\CortexM3\ARM_GCC_541\Debug\cymetadata.o
                0x90100000                cy_meta_wonvl

.cyeeprom       0x90200000        0x0
 *(.cyeeprom)
                0x00000001                ASSERT ((. <= ((0x90200000 + ee_offset) + ee_size)), .cyeeprom data will not fit in EEPROM)

.cyflashprotect
                0x90400000      0x100
 *(.cyflashprotect)
 .cyflashprotect
                0x90400000      0x100 .\CortexM3\ARM_GCC_541\Debug\cymetadata.o
                0x90400000                cy_meta_flashprotect

.cymeta         0x90500000        0xc
 *(.cymeta)
 .cymeta        0x90500000        0xc .\CortexM3\ARM_GCC_541\Debug\cymetadata.o
                0x90500000                cy_metadata

.rel.dyn        0x00003198        0x0 load address 0x9050000c
 .rel.iplt      0x00003198        0x0 c:/program files (x86)/cypress/psoc creator/4.3/psoc creator/import/gnu/arm/5.4.1/bin/../lib/gcc/arm-none-eabi/5.4.1/armv7-m/crtbegin.o

.stab
 *(.stab)

.stabstr
 *(.stabstr)

.debug
 *(.debug)

.line
 *(.line)

.debug_srcinfo
 *(.debug_srcinfo)

.debug_sfnames
 *(.debug_sfnames)

.debug_aranges  0x00000000      0xd30
 *(.debug_aranges)
 .debug_aranges
                0x00000000       0x30 .\CortexM3\ARM_GCC_541\Debug\main.o
 .debug_aranges
                0x00000030      0x190 .\CortexM3\ARM_GCC_541\Debug\dwm1000.o
 .debug_aranges
                0x000001c0       0x58 .\CortexM3\ARM_GCC_541\Debug\cyfitter_cfg.o
 .debug_aranges
                0x00000218       0x18 .\CortexM3\ARM_GCC_541\Debug\cymetadata.o
 .debug_aranges
                0x00000230       0x48 .\CortexM3\ARM_GCC_541\Debug\Cm3Start.o
 .debug_aranges
                0x00000278       0xd8 .\CortexM3\ARM_GCC_541\Debug\write_fonction_spi.a(SPIM.o)
 .debug_aranges
                0x00000350       0x28 .\CortexM3\ARM_GCC_541\Debug\write_fonction_spi.a(SPIM_INT.o)
 .debug_aranges
                0x00000378       0x80 .\CortexM3\ARM_GCC_541\Debug\write_fonction_spi.a(IRQ.o)
 .debug_aranges
                0x000003f8       0x48 .\CortexM3\ARM_GCC_541\Debug\write_fonction_spi.a(pin_1.o)
 .debug_aranges
                0x00000440       0x38 .\CortexM3\ARM_GCC_541\Debug\write_fonction_spi.a(LED_1.o)
 .debug_aranges
                0x00000478       0x38 .\CortexM3\ARM_GCC_541\Debug\write_fonction_spi.a(LED_2.o)
 .debug_aranges
                0x000004b0       0x38 .\CortexM3\ARM_GCC_541\Debug\write_fonction_spi.a(LED_3.o)
 .debug_aranges
                0x000004e8       0x38 .\CortexM3\ARM_GCC_541\Debug\write_fonction_spi.a(LED_4.o)
 .debug_aranges
                0x00000520       0x88 .\CortexM3\ARM_GCC_541\Debug\write_fonction_spi.a(Timer_1.o)
 .debug_aranges
                0x000005a8       0x38 .\CortexM3\ARM_GCC_541\Debug\write_fonction_spi.a(rst_in.o)
 .debug_aranges
                0x000005e0      0x2a0 .\CortexM3\ARM_GCC_541\Debug\write_fonction_spi.a(CyLib.o)
 .debug_aranges
                0x00000880       0x98 .\CortexM3\ARM_GCC_541\Debug\write_fonction_spi.a(cyPm.o)
 .debug_aranges
                0x00000918       0xc8 .\CortexM3\ARM_GCC_541\Debug\write_fonction_spi.a(USBP.o)
 .debug_aranges
                0x000009e0       0x98 .\CortexM3\ARM_GCC_541\Debug\write_fonction_spi.a(USBP_drv.o)
 .debug_aranges
                0x00000a78       0x38 .\CortexM3\ARM_GCC_541\Debug\write_fonction_spi.a(USBP_episr.o)
 .debug_aranges
                0x00000ab0       0x40 .\CortexM3\ARM_GCC_541\Debug\write_fonction_spi.a(USBP_pm.o)
 .debug_aranges
                0x00000af0       0x78 .\CortexM3\ARM_GCC_541\Debug\write_fonction_spi.a(USBP_std.o)
 .debug_aranges
                0x00000b68       0x20 .\CortexM3\ARM_GCC_541\Debug\write_fonction_spi.a(USBP_vnd.o)
 .debug_aranges
                0x00000b88       0x48 .\CortexM3\ARM_GCC_541\Debug\write_fonction_spi.a(USBP_Dp.o)
 .debug_aranges
                0x00000bd0       0x20 .\CortexM3\ARM_GCC_541\Debug\write_fonction_spi.a(CyBootAsmGnu.o)
 .debug_aranges
                0x00000bf0       0x88 .\CortexM3\ARM_GCC_541\Debug\write_fonction_spi.a(CyFlash.o)
 .debug_aranges
                0x00000c78       0x80 .\CortexM3\ARM_GCC_541\Debug\write_fonction_spi.a(CySpc.o)
 .debug_aranges
                0x00000cf8       0x20 .\CortexM3\ARM_GCC_541\Debug\write_fonction_spi.a(USBP_cls.o)
 .debug_aranges
                0x00000d18       0x18 .\CortexM3\ARM_GCC_541\Debug\write_fonction_spi.a(USBP_descr.o)

.debug_pubnames
 *(.debug_pubnames)

.debug_info     0x00000000     0x9935
 *(.debug_info .gnu.linkonce.wi.*)
 .debug_info    0x00000000      0xb29 .\CortexM3\ARM_GCC_541\Debug\main.o
 .debug_info    0x00000b29     0x20c7 .\CortexM3\ARM_GCC_541\Debug\dwm1000.o
 .debug_info    0x00002bf0      0x595 .\CortexM3\ARM_GCC_541\Debug\cyfitter_cfg.o
 .debug_info    0x00003185      0x135 .\CortexM3\ARM_GCC_541\Debug\cymetadata.o
 .debug_info    0x000032ba      0x3bb .\CortexM3\ARM_GCC_541\Debug\Cm3Start.o
 .debug_info    0x00003675      0x5dd .\CortexM3\ARM_GCC_541\Debug\write_fonction_spi.a(SPIM.o)
 .debug_info    0x00003c52      0x13d .\CortexM3\ARM_GCC_541\Debug\write_fonction_spi.a(SPIM_INT.o)
 .debug_info    0x00003d8f      0x2d2 .\CortexM3\ARM_GCC_541\Debug\write_fonction_spi.a(IRQ.o)
 .debug_info    0x00004061      0x174 .\CortexM3\ARM_GCC_541\Debug\write_fonction_spi.a(pin_1.o)
 .debug_info    0x000041d5      0x11f .\CortexM3\ARM_GCC_541\Debug\write_fonction_spi.a(LED_1.o)
 .debug_info    0x000042f4      0x11f .\CortexM3\ARM_GCC_541\Debug\write_fonction_spi.a(LED_2.o)
 .debug_info    0x00004413      0x11f .\CortexM3\ARM_GCC_541\Debug\write_fonction_spi.a(LED_3.o)
 .debug_info    0x00004532      0x11f .\CortexM3\ARM_GCC_541\Debug\write_fonction_spi.a(LED_4.o)
 .debug_info    0x00004651      0x293 .\CortexM3\ARM_GCC_541\Debug\write_fonction_spi.a(Timer_1.o)
 .debug_info    0x000048e4      0x11f .\CortexM3\ARM_GCC_541\Debug\write_fonction_spi.a(rst_in.o)
 .debug_info    0x00004a03     0x1374 .\CortexM3\ARM_GCC_541\Debug\write_fonction_spi.a(CyLib.o)
 .debug_info    0x00005d77      0xa2a .\CortexM3\ARM_GCC_541\Debug\write_fonction_spi.a(cyPm.o)
 .debug_info    0x000067a1      0x966 .\CortexM3\ARM_GCC_541\Debug\write_fonction_spi.a(USBP.o)
 .debug_info    0x00007107      0x655 .\CortexM3\ARM_GCC_541\Debug\write_fonction_spi.a(USBP_drv.o)
 .debug_info    0x0000775c      0x243 .\CortexM3\ARM_GCC_541\Debug\write_fonction_spi.a(USBP_episr.o)
 .debug_info    0x0000799f      0x2e4 .\CortexM3\ARM_GCC_541\Debug\write_fonction_spi.a(USBP_pm.o)
 .debug_info    0x00007c83      0x9f7 .\CortexM3\ARM_GCC_541\Debug\write_fonction_spi.a(USBP_std.o)
 .debug_info    0x0000867a       0xed .\CortexM3\ARM_GCC_541\Debug\write_fonction_spi.a(USBP_vnd.o)
 .debug_info    0x00008767      0x174 .\CortexM3\ARM_GCC_541\Debug\write_fonction_spi.a(USBP_Dp.o)
 .debug_info    0x000088db       0xa5 .\CortexM3\ARM_GCC_541\Debug\write_fonction_spi.a(CyBootAsmGnu.o)
 .debug_info    0x00008980      0x64d .\CortexM3\ARM_GCC_541\Debug\write_fonction_spi.a(CyFlash.o)
 .debug_info    0x00008fcd      0x550 .\CortexM3\ARM_GCC_541\Debug\write_fonction_spi.a(CySpc.o)
 .debug_info    0x0000951d      0x1ad .\CortexM3\ARM_GCC_541\Debug\write_fonction_spi.a(USBP_cls.o)
 .debug_info    0x000096ca      0x26b .\CortexM3\ARM_GCC_541\Debug\write_fonction_spi.a(USBP_descr.o)

.debug_abbrev   0x00000000     0x21fc
 *(.debug_abbrev)
 .debug_abbrev  0x00000000      0x1bc .\CortexM3\ARM_GCC_541\Debug\main.o
 .debug_abbrev  0x000001bc      0x26e .\CortexM3\ARM_GCC_541\Debug\dwm1000.o
 .debug_abbrev  0x0000042a      0x20d .\CortexM3\ARM_GCC_541\Debug\cyfitter_cfg.o
 .debug_abbrev  0x00000637       0x66 .\CortexM3\ARM_GCC_541\Debug\cymetadata.o
 .debug_abbrev  0x0000069d      0x1e8 .\CortexM3\ARM_GCC_541\Debug\Cm3Start.o
 .debug_abbrev  0x00000885      0x171 .\CortexM3\ARM_GCC_541\Debug\write_fonction_spi.a(SPIM.o)
 .debug_abbrev  0x000009f6       0xa2 .\CortexM3\ARM_GCC_541\Debug\write_fonction_spi.a(SPIM_INT.o)
 .debug_abbrev  0x00000a98      0x173 .\CortexM3\ARM_GCC_541\Debug\write_fonction_spi.a(IRQ.o)
 .debug_abbrev  0x00000c0b       0x90 .\CortexM3\ARM_GCC_541\Debug\write_fonction_spi.a(pin_1.o)
 .debug_abbrev  0x00000c9b       0x90 .\CortexM3\ARM_GCC_541\Debug\write_fonction_spi.a(LED_1.o)
 .debug_abbrev  0x00000d2b       0x90 .\CortexM3\ARM_GCC_541\Debug\write_fonction_spi.a(LED_2.o)
 .debug_abbrev  0x00000dbb       0x90 .\CortexM3\ARM_GCC_541\Debug\write_fonction_spi.a(LED_3.o)
 .debug_abbrev  0x00000e4b       0x90 .\CortexM3\ARM_GCC_541\Debug\write_fonction_spi.a(LED_4.o)
 .debug_abbrev  0x00000edb      0x11a .\CortexM3\ARM_GCC_541\Debug\write_fonction_spi.a(Timer_1.o)
 .debug_abbrev  0x00000ff5       0x90 .\CortexM3\ARM_GCC_541\Debug\write_fonction_spi.a(rst_in.o)
 .debug_abbrev  0x00001085      0x254 .\CortexM3\ARM_GCC_541\Debug\write_fonction_spi.a(CyLib.o)
 .debug_abbrev  0x000012d9      0x1ab .\CortexM3\ARM_GCC_541\Debug\write_fonction_spi.a(cyPm.o)
 .debug_abbrev  0x00001484      0x215 .\CortexM3\ARM_GCC_541\Debug\write_fonction_spi.a(USBP.o)
 .debug_abbrev  0x00001699      0x189 .\CortexM3\ARM_GCC_541\Debug\write_fonction_spi.a(USBP_drv.o)
 .debug_abbrev  0x00001822      0x11b .\CortexM3\ARM_GCC_541\Debug\write_fonction_spi.a(USBP_episr.o)
 .debug_abbrev  0x0000193d      0x108 .\CortexM3\ARM_GCC_541\Debug\write_fonction_spi.a(USBP_pm.o)
 .debug_abbrev  0x00001a45      0x1d8 .\CortexM3\ARM_GCC_541\Debug\write_fonction_spi.a(USBP_std.o)
 .debug_abbrev  0x00001c1d       0x9b .\CortexM3\ARM_GCC_541\Debug\write_fonction_spi.a(USBP_vnd.o)
 .debug_abbrev  0x00001cb8       0x90 .\CortexM3\ARM_GCC_541\Debug\write_fonction_spi.a(USBP_Dp.o)
 .debug_abbrev  0x00001d48       0x14 .\CortexM3\ARM_GCC_541\Debug\write_fonction_spi.a(CyBootAsmGnu.o)
 .debug_abbrev  0x00001d5c      0x1a7 .\CortexM3\ARM_GCC_541\Debug\write_fonction_spi.a(CyFlash.o)
 .debug_abbrev  0x00001f03      0x194 .\CortexM3\ARM_GCC_541\Debug\write_fonction_spi.a(CySpc.o)
 .debug_abbrev  0x00002097       0xc2 .\CortexM3\ARM_GCC_541\Debug\write_fonction_spi.a(USBP_cls.o)
 .debug_abbrev  0x00002159       0xa3 .\CortexM3\ARM_GCC_541\Debug\write_fonction_spi.a(USBP_descr.o)

.debug_line     0x00000000     0x3544
 *(.debug_line)
 .debug_line    0x00000000      0x3a3 .\CortexM3\ARM_GCC_541\Debug\main.o
 .debug_line    0x000003a3      0x6e4 .\CortexM3\ARM_GCC_541\Debug\dwm1000.o
 .debug_line    0x00000a87      0x1f4 .\CortexM3\ARM_GCC_541\Debug\cyfitter_cfg.o
 .debug_line    0x00000c7b      0x141 .\CortexM3\ARM_GCC_541\Debug\cymetadata.o
 .debug_line    0x00000dbc      0x234 .\CortexM3\ARM_GCC_541\Debug\Cm3Start.o
 .debug_line    0x00000ff0      0x256 .\CortexM3\ARM_GCC_541\Debug\write_fonction_spi.a(SPIM.o)
 .debug_line    0x00001246       0x93 .\CortexM3\ARM_GCC_541\Debug\write_fonction_spi.a(SPIM_INT.o)
 .debug_line    0x000012d9      0x130 .\CortexM3\ARM_GCC_541\Debug\write_fonction_spi.a(IRQ.o)
 .debug_line    0x00001409       0xb6 .\CortexM3\ARM_GCC_541\Debug\write_fonction_spi.a(pin_1.o)
 .debug_line    0x000014bf       0x92 .\CortexM3\ARM_GCC_541\Debug\write_fonction_spi.a(LED_1.o)
 .debug_line    0x00001551       0x92 .\CortexM3\ARM_GCC_541\Debug\write_fonction_spi.a(LED_2.o)
 .debug_line    0x000015e3       0x92 .\CortexM3\ARM_GCC_541\Debug\write_fonction_spi.a(LED_3.o)
 .debug_line    0x00001675       0x92 .\CortexM3\ARM_GCC_541\Debug\write_fonction_spi.a(LED_4.o)
 .debug_line    0x00001707      0x155 .\CortexM3\ARM_GCC_541\Debug\write_fonction_spi.a(Timer_1.o)
 .debug_line    0x0000185c       0x93 .\CortexM3\ARM_GCC_541\Debug\write_fonction_spi.a(rst_in.o)
 .debug_line    0x000018ef      0x816 .\CortexM3\ARM_GCC_541\Debug\write_fonction_spi.a(CyLib.o)
 .debug_line    0x00002105      0x367 .\CortexM3\ARM_GCC_541\Debug\write_fonction_spi.a(cyPm.o)
 .debug_line    0x0000246c      0x2cc .\CortexM3\ARM_GCC_541\Debug\write_fonction_spi.a(USBP.o)
 .debug_line    0x00002738      0x218 .\CortexM3\ARM_GCC_541\Debug\write_fonction_spi.a(USBP_drv.o)
 .debug_line    0x00002950       0xc2 .\CortexM3\ARM_GCC_541\Debug\write_fonction_spi.a(USBP_episr.o)
 .debug_line    0x00002a12      0x102 .\CortexM3\ARM_GCC_541\Debug\write_fonction_spi.a(USBP_pm.o)
 .debug_line    0x00002b14      0x352 .\CortexM3\ARM_GCC_541\Debug\write_fonction_spi.a(USBP_std.o)
 .debug_line    0x00002e66       0x6d .\CortexM3\ARM_GCC_541\Debug\write_fonction_spi.a(USBP_vnd.o)
 .debug_line    0x00002ed3       0xb8 .\CortexM3\ARM_GCC_541\Debug\write_fonction_spi.a(USBP_Dp.o)
 .debug_line    0x00002f8b       0x66 .\CortexM3\ARM_GCC_541\Debug\write_fonction_spi.a(CyBootAsmGnu.o)
 .debug_line    0x00002ff1      0x21a .\CortexM3\ARM_GCC_541\Debug\write_fonction_spi.a(CyFlash.o)
 .debug_line    0x0000320b      0x260 .\CortexM3\ARM_GCC_541\Debug\write_fonction_spi.a(CySpc.o)
 .debug_line    0x0000346b       0x7e .\CortexM3\ARM_GCC_541\Debug\write_fonction_spi.a(USBP_cls.o)
 .debug_line    0x000034e9       0x5b .\CortexM3\ARM_GCC_541\Debug\write_fonction_spi.a(USBP_descr.o)

.debug_frame    0x00000000     0x2174
 *(.debug_frame)
 .debug_frame   0x00000000       0x80 .\CortexM3\ARM_GCC_541\Debug\main.o
 .debug_frame   0x00000080      0x574 .\CortexM3\ARM_GCC_541\Debug\dwm1000.o
 .debug_frame   0x000005f4       0xe4 .\CortexM3\ARM_GCC_541\Debug\cyfitter_cfg.o
 .debug_frame   0x000006d8       0xb8 .\CortexM3\ARM_GCC_541\Debug\Cm3Start.o
 .debug_frame   0x00000790      0x23c .\CortexM3\ARM_GCC_541\Debug\write_fonction_spi.a(SPIM.o)
 .debug_frame   0x000009cc       0x30 .\CortexM3\ARM_GCC_541\Debug\write_fonction_spi.a(SPIM_INT.o)
 .debug_frame   0x000009fc      0x104 .\CortexM3\ARM_GCC_541\Debug\write_fonction_spi.a(IRQ.o)
 .debug_frame   0x00000b00       0x70 .\CortexM3\ARM_GCC_541\Debug\write_fonction_spi.a(pin_1.o)
 .debug_frame   0x00000b70       0x50 .\CortexM3\ARM_GCC_541\Debug\write_fonction_spi.a(LED_1.o)
 .debug_frame   0x00000bc0       0x50 .\CortexM3\ARM_GCC_541\Debug\write_fonction_spi.a(LED_2.o)
 .debug_frame   0x00000c10       0x50 .\CortexM3\ARM_GCC_541\Debug\write_fonction_spi.a(LED_3.o)
 .debug_frame   0x00000c60       0x50 .\CortexM3\ARM_GCC_541\Debug\write_fonction_spi.a(LED_4.o)
 .debug_frame   0x00000cb0      0x108 .\CortexM3\ARM_GCC_541\Debug\write_fonction_spi.a(Timer_1.o)
 .debug_frame   0x00000db8       0x50 .\CortexM3\ARM_GCC_541\Debug\write_fonction_spi.a(rst_in.o)
 .debug_frame   0x00000e08      0x738 .\CortexM3\ARM_GCC_541\Debug\write_fonction_spi.a(CyLib.o)
 .debug_frame   0x00001540      0x1f8 .\CortexM3\ARM_GCC_541\Debug\write_fonction_spi.a(cyPm.o)
 .debug_frame   0x00001738      0x1dc .\CortexM3\ARM_GCC_541\Debug\write_fonction_spi.a(USBP.o)
 .debug_frame   0x00001914      0x194 .\CortexM3\ARM_GCC_541\Debug\write_fonction_spi.a(USBP_drv.o)
 .debug_frame   0x00001aa8       0x5c .\CortexM3\ARM_GCC_541\Debug\write_fonction_spi.a(USBP_episr.o)
 .debug_frame   0x00001b04       0xa0 .\CortexM3\ARM_GCC_541\Debug\write_fonction_spi.a(USBP_pm.o)
 .debug_frame   0x00001ba4      0x150 .\CortexM3\ARM_GCC_541\Debug\write_fonction_spi.a(USBP_std.o)
 .debug_frame   0x00001cf4       0x20 .\CortexM3\ARM_GCC_541\Debug\write_fonction_spi.a(USBP_vnd.o)
 .debug_frame   0x00001d14       0x70 .\CortexM3\ARM_GCC_541\Debug\write_fonction_spi.a(USBP_Dp.o)
 .debug_frame   0x00001d84      0x194 .\CortexM3\ARM_GCC_541\Debug\write_fonction_spi.a(CyFlash.o)
 .debug_frame   0x00001f18      0x180 .\CortexM3\ARM_GCC_541\Debug\write_fonction_spi.a(CySpc.o)
 .debug_frame   0x00002098       0x20 .\CortexM3\ARM_GCC_541\Debug\write_fonction_spi.a(USBP_cls.o)
 .debug_frame   0x000020b8       0x20 c:/program files (x86)/cypress/psoc creator/4.3/psoc creator/import/gnu/arm/5.4.1/bin/../lib/gcc/arm-none-eabi/5.4.1/../../../../arm-none-eabi/lib/armv7-m\libg_nano.a(lib_a-errno.o)
 .debug_frame   0x000020d8       0x28 c:/program files (x86)/cypress/psoc creator/4.3/psoc creator/import/gnu/arm/5.4.1/bin/../lib/gcc/arm-none-eabi/5.4.1/../../../../arm-none-eabi/lib/armv7-m\libg_nano.a(lib_a-exit.o)
 .debug_frame   0x00002100       0x2c c:/program files (x86)/cypress/psoc creator/4.3/psoc creator/import/gnu/arm/5.4.1/bin/../lib/gcc/arm-none-eabi/5.4.1/../../../../arm-none-eabi/lib/armv7-m\libg_nano.a(lib_a-init.o)
 .debug_frame   0x0000212c       0x28 c:/program files (x86)/cypress/psoc creator/4.3/psoc creator/import/gnu/arm/5.4.1/bin/../lib/gcc/arm-none-eabi/5.4.1/../../../../arm-none-eabi/lib/armv7-m\libg_nano.a(lib_a-memcpy-stub.o)
 .debug_frame   0x00002154       0x20 c:/program files (x86)/cypress/psoc creator/4.3/psoc creator/import/gnu/arm/5.4.1/bin/../lib/gcc/arm-none-eabi/5.4.1/../../../../arm-none-eabi/lib/armv7-m\libg_nano.a(lib_a-memset.o)

.debug_str      0x00000000     0x2daa
 *(.debug_str)
 .debug_str     0x00000000      0x518 .\CortexM3\ARM_GCC_541\Debug\main.o
                                0x5af (size before relaxing)
 .debug_str     0x00000518      0x5f0 .\CortexM3\ARM_GCC_541\Debug\dwm1000.o
                                0x871 (size before relaxing)
 .debug_str     0x00000b08      0x1a7 .\CortexM3\ARM_GCC_541\Debug\cyfitter_cfg.o
                                0x359 (size before relaxing)
 .debug_str     0x00000caf       0x75 .\CortexM3\ARM_GCC_541\Debug\cymetadata.o
                                0x1f9 (size before relaxing)
 .debug_str     0x00000d24      0x144 .\CortexM3\ARM_GCC_541\Debug\Cm3Start.o
                                0x31f (size before relaxing)
 .debug_str     0x00000e68      0x27a .\CortexM3\ARM_GCC_541\Debug\write_fonction_spi.a(SPIM.o)
                                0x46c (size before relaxing)
 .debug_str     0x000010e2       0x3a .\CortexM3\ARM_GCC_541\Debug\write_fonction_spi.a(SPIM_INT.o)
                                0x23b (size before relaxing)
 .debug_str     0x0000111c       0x91 .\CortexM3\ARM_GCC_541\Debug\write_fonction_spi.a(IRQ.o)
                                0x29f (size before relaxing)
 .debug_str     0x000011ad       0x8b .\CortexM3\ARM_GCC_541\Debug\write_fonction_spi.a(pin_1.o)
                                0x233 (size before relaxing)
 .debug_str     0x00001238       0x4f .\CortexM3\ARM_GCC_541\Debug\write_fonction_spi.a(LED_1.o)
                                0x1f7 (size before relaxing)
 .debug_str     0x00001287       0x4f .\CortexM3\ARM_GCC_541\Debug\write_fonction_spi.a(LED_2.o)
                                0x1f7 (size before relaxing)
 .debug_str     0x000012d6       0x4f .\CortexM3\ARM_GCC_541\Debug\write_fonction_spi.a(LED_3.o)
                                0x1f7 (size before relaxing)
 .debug_str     0x00001325       0x4f .\CortexM3\ARM_GCC_541\Debug\write_fonction_spi.a(LED_4.o)
                                0x1f7 (size before relaxing)
 .debug_str     0x00001374      0x144 .\CortexM3\ARM_GCC_541\Debug\write_fonction_spi.a(Timer_1.o)
                                0x32a (size before relaxing)
 .debug_str     0x000014b8       0x53 .\CortexM3\ARM_GCC_541\Debug\write_fonction_spi.a(rst_in.o)
                                0x1fc (size before relaxing)
 .debug_str     0x0000150b      0x7cd .\CortexM3\ARM_GCC_541\Debug\write_fonction_spi.a(CyLib.o)
                                0xa5c (size before relaxing)
 .debug_str     0x00001cd8      0x365 .\CortexM3\ARM_GCC_541\Debug\write_fonction_spi.a(cyPm.o)
                                0x748 (size before relaxing)
 .debug_str     0x0000203d      0x33c .\CortexM3\ARM_GCC_541\Debug\write_fonction_spi.a(USBP.o)
                                0x607 (size before relaxing)
 .debug_str     0x00002379      0x2fd .\CortexM3\ARM_GCC_541\Debug\write_fonction_spi.a(USBP_drv.o)
                                0x5df (size before relaxing)
 .debug_str     0x00002676       0x60 .\CortexM3\ARM_GCC_541\Debug\write_fonction_spi.a(USBP_episr.o)
                                0x2c5 (size before relaxing)
 .debug_str     0x000026d6       0xb4 .\CortexM3\ARM_GCC_541\Debug\write_fonction_spi.a(USBP_pm.o)
                                0x2e1 (size before relaxing)
 .debug_str     0x0000278a      0x216 .\CortexM3\ARM_GCC_541\Debug\write_fonction_spi.a(USBP_std.o)
                                0x6ba (size before relaxing)
 .debug_str     0x000029a0       0x22 .\CortexM3\ARM_GCC_541\Debug\write_fonction_spi.a(USBP_vnd.o)
                                0x1f9 (size before relaxing)
 .debug_str     0x000029c2       0x7e .\CortexM3\ARM_GCC_541\Debug\write_fonction_spi.a(USBP_Dp.o)
                                0x241 (size before relaxing)
 .debug_str     0x00002a40      0x1b4 .\CortexM3\ARM_GCC_541\Debug\write_fonction_spi.a(CyFlash.o)
                                0x3d5 (size before relaxing)
 .debug_str     0x00002bf4       0xac .\CortexM3\ARM_GCC_541\Debug\write_fonction_spi.a(CySpc.o)
                                0x34d (size before relaxing)
 .debug_str     0x00002ca0       0x22 .\CortexM3\ARM_GCC_541\Debug\write_fonction_spi.a(USBP_cls.o)
                                0x27e (size before relaxing)
 .debug_str     0x00002cc2       0xe8 .\CortexM3\ARM_GCC_541\Debug\write_fonction_spi.a(USBP_descr.o)
                                0x309 (size before relaxing)

.debug_loc      0x00000000     0x3700
 *(.debug_loc)
 .debug_loc     0x00000000      0x1bb .\CortexM3\ARM_GCC_541\Debug\main.o
 .debug_loc     0x000001bb      0x8df .\CortexM3\ARM_GCC_541\Debug\dwm1000.o
 .debug_loc     0x00000a9a      0x25a .\CortexM3\ARM_GCC_541\Debug\cyfitter_cfg.o
 .debug_loc     0x00000cf4      0x144 .\CortexM3\ARM_GCC_541\Debug\Cm3Start.o
 .debug_loc     0x00000e38      0x15e .\CortexM3\ARM_GCC_541\Debug\write_fonction_spi.a(SPIM.o)
 .debug_loc     0x00000f96       0x49 .\CortexM3\ARM_GCC_541\Debug\write_fonction_spi.a(SPIM_INT.o)
 .debug_loc     0x00000fdf       0x56 .\CortexM3\ARM_GCC_541\Debug\write_fonction_spi.a(IRQ.o)
 .debug_loc     0x00001035       0x84 .\CortexM3\ARM_GCC_541\Debug\write_fonction_spi.a(pin_1.o)
 .debug_loc     0x000010b9       0x42 .\CortexM3\ARM_GCC_541\Debug\write_fonction_spi.a(LED_1.o)
 .debug_loc     0x000010fb       0x42 .\CortexM3\ARM_GCC_541\Debug\write_fonction_spi.a(LED_2.o)
 .debug_loc     0x0000113d       0x42 .\CortexM3\ARM_GCC_541\Debug\write_fonction_spi.a(LED_3.o)
 .debug_loc     0x0000117f       0x42 .\CortexM3\ARM_GCC_541\Debug\write_fonction_spi.a(LED_4.o)
 .debug_loc     0x000011c1       0x42 .\CortexM3\ARM_GCC_541\Debug\write_fonction_spi.a(rst_in.o)
 .debug_loc     0x00001203      0xa11 .\CortexM3\ARM_GCC_541\Debug\write_fonction_spi.a(CyLib.o)
 .debug_loc     0x00001c14      0x1e4 .\CortexM3\ARM_GCC_541\Debug\write_fonction_spi.a(cyPm.o)
 .debug_loc     0x00001df8      0x3e1 .\CortexM3\ARM_GCC_541\Debug\write_fonction_spi.a(USBP.o)
 .debug_loc     0x000021d9      0x171 .\CortexM3\ARM_GCC_541\Debug\write_fonction_spi.a(USBP_drv.o)
 .debug_loc     0x0000234a       0x26 .\CortexM3\ARM_GCC_541\Debug\write_fonction_spi.a(USBP_pm.o)
 .debug_loc     0x00002370      0x855 .\CortexM3\ARM_GCC_541\Debug\write_fonction_spi.a(USBP_std.o)
 .debug_loc     0x00002bc5       0x84 .\CortexM3\ARM_GCC_541\Debug\write_fonction_spi.a(USBP_Dp.o)
 .debug_loc     0x00002c49      0x3b2 .\CortexM3\ARM_GCC_541\Debug\write_fonction_spi.a(CyFlash.o)
 .debug_loc     0x00002ffb      0x705 .\CortexM3\ARM_GCC_541\Debug\write_fonction_spi.a(CySpc.o)

.debug_macinfo
 *(.debug_macinfo)

.debug_ranges   0x00000000      0xb88
 *(.debug_ranges)
 .debug_ranges  0x00000000       0x50 .\CortexM3\ARM_GCC_541\Debug\main.o
 .debug_ranges  0x00000050      0x180 .\CortexM3\ARM_GCC_541\Debug\dwm1000.o
 .debug_ranges  0x000001d0       0x48 .\CortexM3\ARM_GCC_541\Debug\cyfitter_cfg.o
 .debug_ranges  0x00000218       0x38 .\CortexM3\ARM_GCC_541\Debug\Cm3Start.o
 .debug_ranges  0x00000250       0xc8 .\CortexM3\ARM_GCC_541\Debug\write_fonction_spi.a(SPIM.o)
 .debug_ranges  0x00000318       0x18 .\CortexM3\ARM_GCC_541\Debug\write_fonction_spi.a(SPIM_INT.o)
 .debug_ranges  0x00000330       0x70 .\CortexM3\ARM_GCC_541\Debug\write_fonction_spi.a(IRQ.o)
 .debug_ranges  0x000003a0       0x38 .\CortexM3\ARM_GCC_541\Debug\write_fonction_spi.a(pin_1.o)
 .debug_ranges  0x000003d8       0x28 .\CortexM3\ARM_GCC_541\Debug\write_fonction_spi.a(LED_1.o)
 .debug_ranges  0x00000400       0x28 .\CortexM3\ARM_GCC_541\Debug\write_fonction_spi.a(LED_2.o)
 .debug_ranges  0x00000428       0x28 .\CortexM3\ARM_GCC_541\Debug\write_fonction_spi.a(LED_3.o)
 .debug_ranges  0x00000450       0x28 .\CortexM3\ARM_GCC_541\Debug\write_fonction_spi.a(LED_4.o)
 .debug_ranges  0x00000478       0x78 .\CortexM3\ARM_GCC_541\Debug\write_fonction_spi.a(Timer_1.o)
 .debug_ranges  0x000004f0       0x28 .\CortexM3\ARM_GCC_541\Debug\write_fonction_spi.a(rst_in.o)
 .debug_ranges  0x00000518      0x290 .\CortexM3\ARM_GCC_541\Debug\write_fonction_spi.a(CyLib.o)
 .debug_ranges  0x000007a8       0x88 .\CortexM3\ARM_GCC_541\Debug\write_fonction_spi.a(cyPm.o)
 .debug_ranges  0x00000830       0xd0 .\CortexM3\ARM_GCC_541\Debug\write_fonction_spi.a(USBP.o)
 .debug_ranges  0x00000900       0x88 .\CortexM3\ARM_GCC_541\Debug\write_fonction_spi.a(USBP_drv.o)
 .debug_ranges  0x00000988       0x28 .\CortexM3\ARM_GCC_541\Debug\write_fonction_spi.a(USBP_episr.o)
 .debug_ranges  0x000009b0       0x30 .\CortexM3\ARM_GCC_541\Debug\write_fonction_spi.a(USBP_pm.o)
 .debug_ranges  0x000009e0       0x68 .\CortexM3\ARM_GCC_541\Debug\write_fonction_spi.a(USBP_std.o)
 .debug_ranges  0x00000a48       0x10 .\CortexM3\ARM_GCC_541\Debug\write_fonction_spi.a(USBP_vnd.o)
 .debug_ranges  0x00000a58       0x38 .\CortexM3\ARM_GCC_541\Debug\write_fonction_spi.a(USBP_Dp.o)
 .debug_ranges  0x00000a90       0x78 .\CortexM3\ARM_GCC_541\Debug\write_fonction_spi.a(CyFlash.o)
 .debug_ranges  0x00000b08       0x70 .\CortexM3\ARM_GCC_541\Debug\write_fonction_spi.a(CySpc.o)
 .debug_ranges  0x00000b78       0x10 .\CortexM3\ARM_GCC_541\Debug\write_fonction_spi.a(USBP_cls.o)

.comment        0x00000000       0x6e
 .comment       0x00000000       0x6e .\CortexM3\ARM_GCC_541\Debug\main.o
                                 0x6f (size before relaxing)
 .comment       0x0000006e       0x6f .\CortexM3\ARM_GCC_541\Debug\dwm1000.o
 .comment       0x0000006e       0x6f .\CortexM3\ARM_GCC_541\Debug\cyfitter_cfg.o
 .comment       0x0000006e       0x6f .\CortexM3\ARM_GCC_541\Debug\cymetadata.o
 .comment       0x0000006e       0x6f .\CortexM3\ARM_GCC_541\Debug\Cm3Start.o
 .comment       0x0000006e       0x6f .\CortexM3\ARM_GCC_541\Debug\write_fonction_spi.a(SPIM.o)
 .comment       0x0000006e       0x6f .\CortexM3\ARM_GCC_541\Debug\write_fonction_spi.a(SPIM_INT.o)
 .comment       0x0000006e       0x6f .\CortexM3\ARM_GCC_541\Debug\write_fonction_spi.a(IRQ.o)
 .comment       0x0000006e       0x6f .\CortexM3\ARM_GCC_541\Debug\write_fonction_spi.a(pin_1.o)
 .comment       0x0000006e       0x6f .\CortexM3\ARM_GCC_541\Debug\write_fonction_spi.a(LED_1.o)
 .comment       0x0000006e       0x6f .\CortexM3\ARM_GCC_541\Debug\write_fonction_spi.a(LED_2.o)
 .comment       0x0000006e       0x6f .\CortexM3\ARM_GCC_541\Debug\write_fonction_spi.a(LED_3.o)
 .comment       0x0000006e       0x6f .\CortexM3\ARM_GCC_541\Debug\write_fonction_spi.a(LED_4.o)
 .comment       0x0000006e       0x6f .\CortexM3\ARM_GCC_541\Debug\write_fonction_spi.a(Timer_1.o)
 .comment       0x0000006e       0x6f .\CortexM3\ARM_GCC_541\Debug\write_fonction_spi.a(rst_in.o)
 .comment       0x0000006e       0x6f .\CortexM3\ARM_GCC_541\Debug\write_fonction_spi.a(CyLib.o)
 .comment       0x0000006e       0x6f .\CortexM3\ARM_GCC_541\Debug\write_fonction_spi.a(cyPm.o)
 .comment       0x0000006e       0x6f .\CortexM3\ARM_GCC_541\Debug\write_fonction_spi.a(USBP.o)
 .comment       0x0000006e       0x6f .\CortexM3\ARM_GCC_541\Debug\write_fonction_spi.a(USBP_drv.o)
 .comment       0x0000006e       0x6f .\CortexM3\ARM_GCC_541\Debug\write_fonction_spi.a(USBP_episr.o)
 .comment       0x0000006e       0x6f .\CortexM3\ARM_GCC_541\Debug\write_fonction_spi.a(USBP_pm.o)
 .comment       0x0000006e       0x6f .\CortexM3\ARM_GCC_541\Debug\write_fonction_spi.a(USBP_std.o)
 .comment       0x0000006e       0x6f .\CortexM3\ARM_GCC_541\Debug\write_fonction_spi.a(USBP_vnd.o)
 .comment       0x0000006e       0x6f .\CortexM3\ARM_GCC_541\Debug\write_fonction_spi.a(USBP_Dp.o)
 .comment       0x0000006e       0x6f .\CortexM3\ARM_GCC_541\Debug\write_fonction_spi.a(CyFlash.o)
 .comment       0x0000006e       0x6f .\CortexM3\ARM_GCC_541\Debug\write_fonction_spi.a(CySpc.o)
 .comment       0x0000006e       0x6f .\CortexM3\ARM_GCC_541\Debug\write_fonction_spi.a(USBP_cls.o)
 .comment       0x0000006e       0x6f .\CortexM3\ARM_GCC_541\Debug\write_fonction_spi.a(USBP_descr.o)

.debug_weaknames
 *(.debug_weaknames)

.debug_funcnames
 *(.debug_funcnames)

.debug_typenames
 *(.debug_typenames)

.debug_varnames
 *(.debug_varnames)

.note.gnu.arm.ident
 *(.note.gnu.arm.ident)

.ARM.attributes
                0x00000000       0x29
 *(.ARM.attributes)
 .ARM.attributes
                0x00000000       0x1d c:/program files (x86)/cypress/psoc creator/4.3/psoc creator/import/gnu/arm/5.4.1/bin/../lib/gcc/arm-none-eabi/5.4.1/armv7-m/crti.o
 .ARM.attributes
                0x0000001d       0x2d c:/program files (x86)/cypress/psoc creator/4.3/psoc creator/import/gnu/arm/5.4.1/bin/../lib/gcc/arm-none-eabi/5.4.1/armv7-m/crtbegin.o
 .ARM.attributes
                0x0000004a       0x1b c:/program files (x86)/cypress/psoc creator/4.3/psoc creator/import/gnu/arm/5.4.1/bin/../lib/gcc/arm-none-eabi/5.4.1/../../../../arm-none-eabi/lib/armv7-m/crt0.o
 .ARM.attributes
                0x00000065       0x33 .\CortexM3\ARM_GCC_541\Debug\main.o
 .ARM.attributes
                0x00000098       0x33 .\CortexM3\ARM_GCC_541\Debug\dwm1000.o
 .ARM.attributes
                0x000000cb       0x33 .\CortexM3\ARM_GCC_541\Debug\cyfitter_cfg.o
 .ARM.attributes
                0x000000fe       0x33 .\CortexM3\ARM_GCC_541\Debug\cymetadata.o
 .ARM.attributes
                0x00000131       0x33 .\CortexM3\ARM_GCC_541\Debug\Cm3Start.o
 .ARM.attributes
                0x00000164       0x33 .\CortexM3\ARM_GCC_541\Debug\write_fonction_spi.a(SPIM.o)
 .ARM.attributes
                0x00000197       0x33 .\CortexM3\ARM_GCC_541\Debug\write_fonction_spi.a(SPIM_INT.o)
 .ARM.attributes
                0x000001ca       0x33 .\CortexM3\ARM_GCC_541\Debug\write_fonction_spi.a(IRQ.o)
 .ARM.attributes
                0x000001fd       0x33 .\CortexM3\ARM_GCC_541\Debug\write_fonction_spi.a(pin_1.o)
 .ARM.attributes
                0x00000230       0x33 .\CortexM3\ARM_GCC_541\Debug\write_fonction_spi.a(LED_1.o)
 .ARM.attributes
                0x00000263       0x33 .\CortexM3\ARM_GCC_541\Debug\write_fonction_spi.a(LED_2.o)
 .ARM.attributes
                0x00000296       0x33 .\CortexM3\ARM_GCC_541\Debug\write_fonction_spi.a(LED_3.o)
 .ARM.attributes
                0x000002c9       0x33 .\CortexM3\ARM_GCC_541\Debug\write_fonction_spi.a(LED_4.o)
 .ARM.attributes
                0x000002fc       0x33 .\CortexM3\ARM_GCC_541\Debug\write_fonction_spi.a(Timer_1.o)
 .ARM.attributes
                0x0000032f       0x33 .\CortexM3\ARM_GCC_541\Debug\write_fonction_spi.a(rst_in.o)
 .ARM.attributes
                0x00000362       0x33 .\CortexM3\ARM_GCC_541\Debug\write_fonction_spi.a(CyLib.o)
 .ARM.attributes
                0x00000395       0x33 .\CortexM3\ARM_GCC_541\Debug\write_fonction_spi.a(cyPm.o)
 .ARM.attributes
                0x000003c8       0x33 .\CortexM3\ARM_GCC_541\Debug\write_fonction_spi.a(USBP.o)
 .ARM.attributes
                0x000003fb       0x33 .\CortexM3\ARM_GCC_541\Debug\write_fonction_spi.a(USBP_drv.o)
 .ARM.attributes
                0x0000042e       0x33 .\CortexM3\ARM_GCC_541\Debug\write_fonction_spi.a(USBP_episr.o)
 .ARM.attributes
                0x00000461       0x33 .\CortexM3\ARM_GCC_541\Debug\write_fonction_spi.a(USBP_pm.o)
 .ARM.attributes
                0x00000494       0x33 .\CortexM3\ARM_GCC_541\Debug\write_fonction_spi.a(USBP_std.o)
 .ARM.attributes
                0x000004c7       0x33 .\CortexM3\ARM_GCC_541\Debug\write_fonction_spi.a(USBP_vnd.o)
 .ARM.attributes
                0x000004fa       0x33 .\CortexM3\ARM_GCC_541\Debug\write_fonction_spi.a(USBP_Dp.o)
 .ARM.attributes
                0x0000052d       0x21 .\CortexM3\ARM_GCC_541\Debug\write_fonction_spi.a(CyBootAsmGnu.o)
 .ARM.attributes
                0x0000054e       0x33 .\CortexM3\ARM_GCC_541\Debug\write_fonction_spi.a(CyFlash.o)
 .ARM.attributes
                0x00000581       0x33 .\CortexM3\ARM_GCC_541\Debug\write_fonction_spi.a(CySpc.o)
 .ARM.attributes
                0x000005b4       0x33 .\CortexM3\ARM_GCC_541\Debug\write_fonction_spi.a(USBP_cls.o)
 .ARM.attributes
                0x000005e7       0x33 .\CortexM3\ARM_GCC_541\Debug\write_fonction_spi.a(USBP_descr.o)
 .ARM.attributes
                0x0000061a       0x2d c:/program files (x86)/cypress/psoc creator/4.3/psoc creator/import/gnu/arm/5.4.1/bin/../lib/gcc/arm-none-eabi/5.4.1/../../../../arm-none-eabi/lib/armv7-m\libg_nano.a(lib_a-errno.o)
 .ARM.attributes
                0x00000647       0x2d c:/program files (x86)/cypress/psoc creator/4.3/psoc creator/import/gnu/arm/5.4.1/bin/../lib/gcc/arm-none-eabi/5.4.1/../../../../arm-none-eabi/lib/armv7-m\libg_nano.a(lib_a-exit.o)
 .ARM.attributes
                0x00000674       0x2d c:/program files (x86)/cypress/psoc creator/4.3/psoc creator/import/gnu/arm/5.4.1/bin/../lib/gcc/arm-none-eabi/5.4.1/../../../../arm-none-eabi/lib/armv7-m\libg_nano.a(lib_a-impure.o)
 .ARM.attributes
                0x000006a1       0x2d c:/program files (x86)/cypress/psoc creator/4.3/psoc creator/import/gnu/arm/5.4.1/bin/../lib/gcc/arm-none-eabi/5.4.1/../../../../arm-none-eabi/lib/armv7-m\libg_nano.a(lib_a-init.o)
 .ARM.attributes
                0x000006ce       0x2d c:/program files (x86)/cypress/psoc creator/4.3/psoc creator/import/gnu/arm/5.4.1/bin/../lib/gcc/arm-none-eabi/5.4.1/../../../../arm-none-eabi/lib/armv7-m\libg_nano.a(lib_a-memcpy-stub.o)
 .ARM.attributes
                0x000006fb       0x2d c:/program files (x86)/cypress/psoc creator/4.3/psoc creator/import/gnu/arm/5.4.1/bin/../lib/gcc/arm-none-eabi/5.4.1/../../../../arm-none-eabi/lib/armv7-m\libg_nano.a(lib_a-memset.o)
 .ARM.attributes
                0x00000728       0x2d c:/program files (x86)/cypress/psoc creator/4.3/psoc creator/import/gnu/arm/5.4.1/bin/../lib/gcc/arm-none-eabi/5.4.1/armv7-m/crtend.o
 .ARM.attributes
                0x00000755       0x1d c:/program files (x86)/cypress/psoc creator/4.3/psoc creator/import/gnu/arm/5.4.1/bin/../lib/gcc/arm-none-eabi/5.4.1/armv7-m/crtn.o

/DISCARD/
 *(.note.GNU-stack)
OUTPUT(C:\Users\Pierre Vander Eyken\Desktop\memoire\NewCode\TAG\PSoC\write_fonction_spi.cydsn\CortexM3\ARM_GCC_541\Debug\write_fonction_spi.elf elf32-littlearm)
