Archive member included to satisfy reference by file (symbol)

.\CortexM3\ARM_GCC_541\Debug\write_fonction_spi.a(SPIM.o)
                              .\CortexM3\ARM_GCC_541\Debug\dwm1000.o (SPIM_ReadTxStatus)
.\CortexM3\ARM_GCC_541\Debug\write_fonction_spi.a(SPIM_INT.o)
                              .\CortexM3\ARM_GCC_541\Debug\write_fonction_spi.a(SPIM.o) (SPIM_RX_ISR)
.\CortexM3\ARM_GCC_541\Debug\write_fonction_spi.a(IRQ.o)
                              .\CortexM3\ARM_GCC_541\Debug\main.o (IRQ_SetPriority)
.\CortexM3\ARM_GCC_541\Debug\write_fonction_spi.a(pin_1.o)
                              .\CortexM3\ARM_GCC_541\Debug\main.o (pin_1_ClearInterrupt)
.\CortexM3\ARM_GCC_541\Debug\write_fonction_spi.a(LED_1.o)
                              .\CortexM3\ARM_GCC_541\Debug\main.o (LED_1_Write)
.\CortexM3\ARM_GCC_541\Debug\write_fonction_spi.a(USBP.o)
                              .\CortexM3\ARM_GCC_541\Debug\main.o (USBP_Start)
.\CortexM3\ARM_GCC_541\Debug\write_fonction_spi.a(USBP_drv.o)
                              .\CortexM3\ARM_GCC_541\Debug\write_fonction_spi.a(USBP.o) (USBP_lastPacketSize)
.\CortexM3\ARM_GCC_541\Debug\write_fonction_spi.a(USBP_episr.o)
                              .\CortexM3\ARM_GCC_541\Debug\write_fonction_spi.a(USBP.o) (USBP_EP_1_ISR)
.\CortexM3\ARM_GCC_541\Debug\write_fonction_spi.a(USBP_pm.o)
                              .\CortexM3\ARM_GCC_541\Debug\write_fonction_spi.a(USBP.o) (USBP_DP_ISR)
.\CortexM3\ARM_GCC_541\Debug\write_fonction_spi.a(USBP_std.o)
                              .\CortexM3\ARM_GCC_541\Debug\write_fonction_spi.a(USBP_pm.o) (USBP_ConfigReg)
.\CortexM3\ARM_GCC_541\Debug\write_fonction_spi.a(USBP_vnd.o)
                              .\CortexM3\ARM_GCC_541\Debug\write_fonction_spi.a(USBP_drv.o) (USBP_HandleVendorRqst)
.\CortexM3\ARM_GCC_541\Debug\write_fonction_spi.a(LED_2.o)
                              .\CortexM3\ARM_GCC_541\Debug\main.o (LED_2_Write)
.\CortexM3\ARM_GCC_541\Debug\write_fonction_spi.a(LED_3.o)
                              .\CortexM3\ARM_GCC_541\Debug\main.o (LED_3_Write)
.\CortexM3\ARM_GCC_541\Debug\write_fonction_spi.a(LED_4.o)
                              .\CortexM3\ARM_GCC_541\Debug\main.o (LED_4_Write)
.\CortexM3\ARM_GCC_541\Debug\write_fonction_spi.a(USBP_Dp.o)
                              .\CortexM3\ARM_GCC_541\Debug\write_fonction_spi.a(USBP.o) (USBP_Dp_ClearInterrupt)
.\CortexM3\ARM_GCC_541\Debug\write_fonction_spi.a(CyLib.o)
                              .\CortexM3\ARM_GCC_541\Debug\Cm3Start.o (CyHalt)
.\CortexM3\ARM_GCC_541\Debug\write_fonction_spi.a(cyPm.o)
                              .\CortexM3\ARM_GCC_541\Debug\write_fonction_spi.a(CyLib.o) (CyPmReadStatus)
.\CortexM3\ARM_GCC_541\Debug\write_fonction_spi.a(GPIOJ11.o)
                              .\CortexM3\ARM_GCC_541\Debug\main.o (GPIOJ11_Write)
.\CortexM3\ARM_GCC_541\Debug\write_fonction_spi.a(GPIOJ12.o)
                              .\CortexM3\ARM_GCC_541\Debug\main.o (GPIOJ12_Write)
.\CortexM3\ARM_GCC_541\Debug\write_fonction_spi.a(GPIOJ13.o)
                              .\CortexM3\ARM_GCC_541\Debug\main.o (GPIOJ13_Write)
.\CortexM3\ARM_GCC_541\Debug\write_fonction_spi.a(GPIOJ14.o)
                              .\CortexM3\ARM_GCC_541\Debug\main.o (GPIOJ14_Write)
.\CortexM3\ARM_GCC_541\Debug\write_fonction_spi.a(GPIOJ15.o)
                              .\CortexM3\ARM_GCC_541\Debug\main.o (GPIOJ15_Write)
.\CortexM3\ARM_GCC_541\Debug\write_fonction_spi.a(CyBootAsmGnu.o)
                              .\CortexM3\ARM_GCC_541\Debug\cyfitter_cfg.o (CyDelayCycles)
.\CortexM3\ARM_GCC_541\Debug\write_fonction_spi.a(USBP_cls.o)
                              .\CortexM3\ARM_GCC_541\Debug\write_fonction_spi.a(USBP_drv.o) (USBP_DispatchClassRqst)
.\CortexM3\ARM_GCC_541\Debug\write_fonction_spi.a(USBP_descr.o)
                              .\CortexM3\ARM_GCC_541\Debug\write_fonction_spi.a(USBP_std.o) (USBP_TABLE)
.\CortexM3\ARM_GCC_541\Debug\write_fonction_spi.a(CyFlash.o)
                              .\CortexM3\ARM_GCC_541\Debug\write_fonction_spi.a(cyPm.o) (CyFlash_SetWaitCycles)
.\CortexM3\ARM_GCC_541\Debug\write_fonction_spi.a(CySpc.o)
                              .\CortexM3\ARM_GCC_541\Debug\write_fonction_spi.a(CyFlash.o) (CySpcStart)
c:/program files (x86)/cypress/psoc creator/4.3/psoc creator/import/gnu/arm/5.4.1/bin/../lib/gcc/arm-none-eabi/5.4.1/../../../../arm-none-eabi/lib/armv7-m\libg_nano.a(lib_a-errno.o)
                              .\CortexM3\ARM_GCC_541\Debug\Cm3Start.o (__errno)
c:/program files (x86)/cypress/psoc creator/4.3/psoc creator/import/gnu/arm/5.4.1/bin/../lib/gcc/arm-none-eabi/5.4.1/../../../../arm-none-eabi/lib/armv7-m\libg_nano.a(lib_a-exit.o)
                              c:/program files (x86)/cypress/psoc creator/4.3/psoc creator/import/gnu/arm/5.4.1/bin/../lib/gcc/arm-none-eabi/5.4.1/../../../../arm-none-eabi/lib/armv7-m/crt0.o (exit)
[...]
Memory Configuration

Name             Origin             Length             Attributes
rom              0x00000000         0x00040000         xr
ram              0x1fff8000         0x00010000         xrw
*default*        0x00000000         0xffffffff

Linker script and memory map

LOAD c:/program files (x86)/cypress/psoc creator/4.3/psoc creator/import/gnu/arm/5.4.1/bin/../lib/gcc/arm-none-eabi/5.4.1/armv7-m/crti.o
LOAD c:/program files (x86)/cypress/psoc creator/4.3/psoc creator/import/gnu/arm/5.4.1/bin/../lib/gcc/arm-none-eabi/5.4.1/armv7-m/crtbegin.o
LOAD c:/program files (x86)/cypress/psoc creator/4.3/psoc creator/import/gnu/arm/5.4.1/bin/../lib/gcc/arm-none-eabi/5.4.1/../../../../arm-none-eabi/lib/armv7-m/crt0.o
START GROUP
LOAD .\CortexM3\ARM_GCC_541\Debug\croutine.o
LOAD .\CortexM3\ARM_GCC_541\Debug\event_groups.o
LOAD .\CortexM3\ARM_GCC_541\Debug\heap_2.o
LOAD .\CortexM3\ARM_GCC_541\Debug\list.o
LOAD .\CortexM3\ARM_GCC_541\Debug\mpu_wrappers.o
LOAD .\CortexM3\ARM_GCC_541\Debug\port.o
LOAD .\CortexM3\ARM_GCC_541\Debug\queue.o
LOAD .\CortexM3\ARM_GCC_541\Debug\stream_buffer.o
LOAD .\CortexM3\ARM_GCC_541\Debug\tasks.o
LOAD .\CortexM3\ARM_GCC_541\Debug\timers.o
LOAD .\CortexM3\ARM_GCC_541\Debug\main.o
LOAD .\CortexM3\ARM_GCC_541\Debug\dwm1000.o
LOAD .\CortexM3\ARM_GCC_541\Debug\cyfitter_cfg.o
LOAD .\CortexM3\ARM_GCC_541\Debug\cymetadata.o
LOAD .\CortexM3\ARM_GCC_541\Debug\Cm3Start.o
LOAD .\CortexM3\ARM_GCC_541\Debug\write_fonction_spi.a
LOAD C:\Program Files (x86)\Cypress\PSoC Creator\4.3\PSoC Creator\psoc\content\cycomponentlibrary\CyComponentLibrary.cylib\CortexM3\ARM_GCC_541\Debug\CyComponentLibrary.a
END GROUP
START GROUP
LOAD c:/program files (x86)/cypress/psoc creator/4.3/psoc creator/import/gnu/arm/5.4.1/bin/../lib/gcc/arm-none-eabi/5.4.1/armv7-m\libgcc.a
LOAD c:/program files (x86)/cypress/psoc creator/4.3/psoc creator/import/gnu/arm/5.4.1/bin/../lib/gcc/arm-none-eabi/5.4.1/../../../../arm-none-eabi/lib/armv7-m\libg_nano.a
LOAD c:/program files (x86)/cypress/psoc creator/4.3/psoc creator/import/gnu/arm/5.4.1/bin/../lib/gcc/arm-none-eabi/5.4.1/../../../../arm-none-eabi/lib/armv7-m\libc_nano.a
END GROUP
START GROUP
LOAD c:/program files (x86)/cypress/psoc creator/4.3/psoc creator/import/gnu/arm/5.4.1/bin/../lib/gcc/arm-none-eabi/5.4.1/armv7-m\libgcc.a
LOAD c:/program files (x86)/cypress/psoc creator/4.3/psoc creator/import/gnu/arm/5.4.1/bin/../lib/gcc/arm-none-eabi/5.4.1/../../../../arm-none-eabi/lib/armv7-m\libc_nano.a
END GROUP
LOAD c:/program files (x86)/cypress/psoc creator/4.3/psoc creator/import/gnu/arm/5.4.1/bin/../lib/gcc/arm-none-eabi/5.4.1/armv7-m/crtend.o
LOAD c:/program files (x86)/cypress/psoc creator/4.3/psoc creator/import/gnu/arm/5.4.1/bin/../lib/gcc/arm-none-eabi/5.4.1/armv7-m/crtn.o
START GROUP
LOAD c:/program files (x86)/cypress/psoc creator/4.3/psoc creator/import/gnu/arm/5.4.1/bin/../lib/gcc/arm-none-eabi/5.4.1/armv7-m\libgcc.a
LOAD c:/program files (x86)/cypress/psoc creator/4.3/psoc creator/import/gnu/arm/5.4.1/bin/../lib/gcc/arm-none-eabi/5.4.1/../../../../arm-none-eabi/lib/armv7-m\libc.a
LOAD c:/program files (x86)/cypress/psoc creator/4.3/psoc creator/import/gnu/arm/5.4.1/bin/../lib/gcc/arm-none-eabi/5.4.1/../../../../arm-none-eabi/lib/armv7-m\libnosys.a
END GROUP
                0x00000000                CY_APPL_ORIGIN = 0x0
                0x00000100                CY_FLASH_ROW_SIZE = 0x100
                0x00000020                CY_ECC_ROW_SIZE = 0x20
                0x00000000                CY_EE_IN_BTLDR = 0x0
                0x00000000                CY_APPL_LOADABLE = 0x0
                0x00000800                CY_EE_SIZE = 0x800
                0x00000001                CY_APPL_NUM = 0x1
                0x00000001                CY_APPL_MAX = 0x1
                0x00000040                CY_METADATA_SIZE = 0x40
                0x00000000                CY_APPL_LOADABLE = 0x0
                0x00000000                CY_CHECKSUM_EXCLUDE_SIZE = ALIGN (0x0, CY_FLASH_ROW_SIZE)
                [!provide]                PROVIDE (__cy_heap_start, _end)
                0x00000001                PROVIDE (__cy_region_num, ((__cy_regions_end - __cy_regions) / 0x10))
                0x20008000                PROVIDE (__cy_stack, (ORIGIN (ram) + LENGTH (ram)))
                [!provide]                PROVIDE (__cy_heap_end, (__cy_stack - 0x800))

.cybootloader   0x00000000        0x0
 *(.cybootloader)
                0x00000000                appl1_start = CY_APPL_ORIGIN?CY_APPL_ORIGIN:ALIGN (CY_FLASH_ROW_SIZE)
                0x0001ff00                appl2_start = (appl1_start + ALIGN ((((LENGTH (rom) - appl1_start) - (0x2 * CY_FLASH_ROW_SIZE)) / 0x2), CY_FLASH_ROW_SIZE))
                0x00000000                appl_start = (CY_APPL_NUM == 0x1)?appl1_start:appl2_start
                0x00000000                ecc_offset = ((appl_start / CY_FLASH_ROW_SIZE) * CY_ECC_ROW_SIZE)
                0x00000000                ee_offset = (CY_APPL_LOADABLE && ! (CY_EE_IN_BTLDR))?((CY_EE_SIZE / CY_APPL_MAX) * (CY_APPL_NUM - 0x1)):0x0
                0x00000800                ee_size = (CY_APPL_LOADABLE && ! (CY_EE_IN_BTLDR))?(CY_EE_SIZE / CY_APPL_MAX):CY_EE_SIZE
                [!provide]                PROVIDE (CY_ECC_OFFSET, ecc_offset)

.text           0x00000000     0x484e
 CREATE_OBJECT_SYMBOLS
                0x00000000                PROVIDE (__cy_interrupt_vector, RomVectors)
 *(.romvectors)
 .romvectors    0x00000000       0x10 .\CortexM3\ARM_GCC_541\Debug\Cm3Start.o
                0x00000000                RomVectors
                0x00000001                ASSERT ((. != __cy_interrupt_vector), No interrupt vector)
                0x00000001                ASSERT (CY_APPL_ORIGIN?(SIZEOF (.cybootloader) <= CY_APPL_ORIGIN):0x1, Wrong image location)
                0x00000010                PROVIDE (__cy_reset, Reset)
 *(.text.Reset)
 .text.Reset    0x00000010       0x18 .\CortexM3\ARM_GCC_541\Debug\Cm3Start.o
                0x00000010                Reset
                0x00000001                ASSERT ((. != __cy_reset), No reset code)
 *(.dma_init)
                0x00000001                ASSERT ((((appl_start + .) <= 0x10000) || 0x1), DMA Init must be within the first 64k of flash)
 *(.text .text.* .gnu.linkonce.t.*)
 .text          0x00000028       0x5c c:/program files (x86)/cypress/psoc creator/4.3/psoc creator/import/gnu/arm/5.4.1/bin/../lib/gcc/arm-none-eabi/5.4.1/armv7-m/crtbegin.o
 .text.prvHeapInit
                0x00000084       0x30 .\CortexM3\ARM_GCC_541\Debug\heap_2.o
 .text.pvPortMalloc
                0x000000b4       0xac .\CortexM3\ARM_GCC_541\Debug\heap_2.o
                0x000000b4                pvPortMalloc
 .text.vPortFree
                0x00000160       0x44 .\CortexM3\ARM_GCC_541\Debug\heap_2.o
                0x00000160                vPortFree
 .text.vListInitialise
                0x000001a4       0x18 .\CortexM3\ARM_GCC_541\Debug\list.o
                0x000001a4                vListInitialise
 .text.vListInitialiseItem
                0x000001bc        0x8 .\CortexM3\ARM_GCC_541\Debug\list.o
                0x000001bc                vListInitialiseItem
 .text.vListInsertEnd
                0x000001c4       0x18 .\CortexM3\ARM_GCC_541\Debug\list.o
                0x000001c4                vListInsertEnd
 .text.vListInsert
                0x000001dc       0x34 .\CortexM3\ARM_GCC_541\Debug\list.o
                0x000001dc                vListInsert
 .text.uxListRemove
                0x00000210       0x28 .\CortexM3\ARM_GCC_541\Debug\list.o
                0x00000210                uxListRemove
 .text.prvTaskExitError
                0x00000238       0x20 .\CortexM3\ARM_GCC_541\Debug\port.o
 .text.prvPortStartFirstTask
                0x00000258       0x20 .\CortexM3\ARM_GCC_541\Debug\port.o
 .text.pxPortInitialiseStack
                0x00000278       0x24 .\CortexM3\ARM_GCC_541\Debug\port.o
                0x00000278                pxPortInitialiseStack
 *fill*         0x0000029c        0x4 
 .text.vPortSVCHandler
                0x000002a0       0x24 .\CortexM3\ARM_GCC_541\Debug\port.o
                0x000002a0                vPortSVCHandler
 .text.vPortEnterCritical
                0x000002c4       0x20 .\CortexM3\ARM_GCC_541\Debug\port.o
                0x000002c4                vPortEnterCritical
 .text.vPortExitCritical
                0x000002e4       0x14 .\CortexM3\ARM_GCC_541\Debug\port.o
                0x000002e4                vPortExitCritical
 *fill*         0x000002f8        0x8 
 .text.xPortPendSVHandler
                0x00000300       0x44 .\CortexM3\ARM_GCC_541\Debug\port.o
                0x00000300                xPortPendSVHandler
 .text.xPortSysTickHandler
                0x00000344       0x2c .\CortexM3\ARM_GCC_541\Debug\port.o
                0x00000344                xPortSysTickHandler
 .text.vPortSetupTimerInterrupt
                0x00000370       0x24 .\CortexM3\ARM_GCC_541\Debug\port.o
                0x00000370                vPortSetupTimerInterrupt
 .text.xPortStartScheduler
                0x00000394       0x38 .\CortexM3\ARM_GCC_541\Debug\port.o
                0x00000394                xPortStartScheduler
 .text.prvGetDisinheritPriorityAfterTimeout
                0x000003cc       0x14 .\CortexM3\ARM_GCC_541\Debug\queue.o
 .text.prvIsQueueFull
                0x000003e0       0x20 .\CortexM3\ARM_GCC_541\Debug\queue.o
 .text.prvIsQueueEmpty
                0x00000400       0x1c .\CortexM3\ARM_GCC_541\Debug\queue.o
 .text.prvCopyDataToQueue
                0x0000041c       0x78 .\CortexM3\ARM_GCC_541\Debug\queue.o
 .text.prvCopyDataFromQueue
                0x00000494       0x24 .\CortexM3\ARM_GCC_541\Debug\queue.o
 .text.prvUnlockQueue
                0x000004b8       0x68 .\CortexM3\ARM_GCC_541\Debug\queue.o
 .text.xQueueGenericReset
                0x00000520       0x6c .\CortexM3\ARM_GCC_541\Debug\queue.o
                0x00000520                xQueueGenericReset
 .text.prvInitialiseNewQueue
                0x0000058c       0x1c .\CortexM3\ARM_GCC_541\Debug\queue.o
 .text.xQueueGenericCreate
                0x000005a8       0x34 .\CortexM3\ARM_GCC_541\Debug\queue.o
                0x000005a8                xQueueGenericCreate
 .text.xQueueGenericSend
                0x000005dc      0x108 .\CortexM3\ARM_GCC_541\Debug\queue.o
                0x000005dc                xQueueGenericSend
 .text.prvInitialiseMutex
                0x000006e4       0x18 .\CortexM3\ARM_GCC_541\Debug\queue.o
 .text.xQueueCreateMutex
                0x000006fc       0x18 .\CortexM3\ARM_GCC_541\Debug\queue.o
                0x000006fc                xQueueCreateMutex
 .text.xQueueGenericSendFromISR
                0x00000714       0x70 .\CortexM3\ARM_GCC_541\Debug\queue.o
                0x00000714                xQueueGenericSendFromISR
 .text.xQueueReceive
                0x00000784       0xf8 .\CortexM3\ARM_GCC_541\Debug\queue.o
                0x00000784                xQueueReceive
 .text.xQueueSemaphoreTake
                0x0000087c      0x128 .\CortexM3\ARM_GCC_541\Debug\queue.o
                0x0000087c                xQueueSemaphoreTake
 .text.vQueueAddToRegistry
                0x000009a4       0x28 .\CortexM3\ARM_GCC_541\Debug\queue.o
                0x000009a4                vQueueAddToRegistry
 .text.vQueueWaitForMessageRestricted
                0x000009cc       0x4c .\CortexM3\ARM_GCC_541\Debug\queue.o
                0x000009cc                vQueueWaitForMessageRestricted
 .text.prvResetNextTaskUnblockTime
                0x00000a18       0x24 .\CortexM3\ARM_GCC_541\Debug\tasks.o
 .text.prvDeleteTCB
                0x00000a3c       0x14 .\CortexM3\ARM_GCC_541\Debug\tasks.o
 .text.prvInitialiseNewTask
                0x00000a50       0x90 .\CortexM3\ARM_GCC_541\Debug\tasks.o
 .text.prvInitialiseTaskLists
                0x00000ae0       0x58 .\CortexM3\ARM_GCC_541\Debug\tasks.o
 .text.prvAddNewTaskToReadyList
                0x00000b38       0xac .\CortexM3\ARM_GCC_541\Debug\tasks.o
 .text.prvCheckTasksWaitingTermination
                0x00000be4       0x44 .\CortexM3\ARM_GCC_541\Debug\tasks.o
 .text.prvIdleTask
                0x00000c28        0x8 .\CortexM3\ARM_GCC_541\Debug\tasks.o
 .text.prvAddCurrentTaskToDelayedList
                0x00000c30       0x84 .\CortexM3\ARM_GCC_541\Debug\tasks.o
 .text.xTaskCreate
                0x00000cb4       0x64 .\CortexM3\ARM_GCC_541\Debug\tasks.o
                0x00000cb4                xTaskCreate
 .text.uxTaskPriorityGet
                0x00000d18       0x20 .\CortexM3\ARM_GCC_541\Debug\tasks.o
                0x00000d18                uxTaskPriorityGet
 .text.vTaskPrioritySet
                0x00000d38       0xe0 .\CortexM3\ARM_GCC_541\Debug\tasks.o
                0x00000d38                vTaskPrioritySet
 .text.vTaskStartScheduler
                0x00000e18       0x60 .\CortexM3\ARM_GCC_541\Debug\tasks.o
                0x00000e18                vTaskStartScheduler
 .text.vTaskSuspendAll
                0x00000e78       0x14 .\CortexM3\ARM_GCC_541\Debug\tasks.o
                0x00000e78                vTaskSuspendAll
 .text.xTaskGetTickCount
                0x00000e8c        0xc .\CortexM3\ARM_GCC_541\Debug\tasks.o
                0x00000e8c                xTaskGetTickCount
 .text.xTaskIncrementTick
                0x00000e98      0x100 .\CortexM3\ARM_GCC_541\Debug\tasks.o
                0x00000e98                xTaskIncrementTick
 .text.xTaskResumeAll
                0x00000f98       0xd8 .\CortexM3\ARM_GCC_541\Debug\tasks.o
                0x00000f98                xTaskResumeAll
 .text.vTaskDelayUntil
                0x00001070       0x6c .\CortexM3\ARM_GCC_541\Debug\tasks.o
                0x00001070                vTaskDelayUntil
 .text.vTaskDelay
                0x000010dc       0x34 .\CortexM3\ARM_GCC_541\Debug\tasks.o
                0x000010dc                vTaskDelay
 .text.vTaskSwitchContext
                0x00001110       0x70 .\CortexM3\ARM_GCC_541\Debug\tasks.o
                0x00001110                vTaskSwitchContext
 .text.vTaskPlaceOnEventList
                0x00001180       0x20 .\CortexM3\ARM_GCC_541\Debug\tasks.o
                0x00001180                vTaskPlaceOnEventList
 .text.vTaskPlaceOnEventListRestricted
                0x000011a0       0x28 .\CortexM3\ARM_GCC_541\Debug\tasks.o
                0x000011a0                vTaskPlaceOnEventListRestricted
 .text.xTaskRemoveFromEventList
                0x000011c8       0x74 .\CortexM3\ARM_GCC_541\Debug\tasks.o
                0x000011c8                xTaskRemoveFromEventList
 .text.vTaskInternalSetTimeOutState
                0x0000123c       0x14 .\CortexM3\ARM_GCC_541\Debug\tasks.o
                0x0000123c                vTaskInternalSetTimeOutState
 .text.xTaskCheckForTimeOut
                0x00001250       0x58 .\CortexM3\ARM_GCC_541\Debug\tasks.o
                0x00001250                xTaskCheckForTimeOut
 .text.vTaskMissedYield
                0x000012a8       0x10 .\CortexM3\ARM_GCC_541\Debug\tasks.o
                0x000012a8                vTaskMissedYield
 .text.xTaskGetSchedulerState
                0x000012b8       0x20 .\CortexM3\ARM_GCC_541\Debug\tasks.o
                0x000012b8                xTaskGetSchedulerState
 .text.xTaskPriorityInherit
                0x000012d8       0xc8 .\CortexM3\ARM_GCC_541\Debug\tasks.o
                0x000012d8                xTaskPriorityInherit
 .text.xTaskPriorityDisinherit
                0x000013a0       0x88 .\CortexM3\ARM_GCC_541\Debug\tasks.o
                0x000013a0                xTaskPriorityDisinherit
 .text.vTaskPriorityDisinheritAfterTimeout
                0x00001428       0x98 .\CortexM3\ARM_GCC_541\Debug\tasks.o
                0x00001428                vTaskPriorityDisinheritAfterTimeout
 .text.pvTaskIncrementMutexHeldCount
                0x000014c0       0x20 .\CortexM3\ARM_GCC_541\Debug\tasks.o
                0x000014c0                pvTaskIncrementMutexHeldCount
 .text.prvGetNextExpireTime
                0x000014e0       0x20 .\CortexM3\ARM_GCC_541\Debug\timers.o
 .text.prvInsertTimerInActiveList
                0x00001500       0x44 .\CortexM3\ARM_GCC_541\Debug\timers.o
 .text.prvCheckForValidListAndQueue
                0x00001544       0x48 .\CortexM3\ARM_GCC_541\Debug\timers.o
 .text.xTimerCreateTimerTask
                0x0000158c       0x40 .\CortexM3\ARM_GCC_541\Debug\timers.o
                0x0000158c                xTimerCreateTimerTask
 .text.xTimerGenericCommand
                0x000015cc       0x58 .\CortexM3\ARM_GCC_541\Debug\timers.o
                0x000015cc                xTimerGenericCommand
 .text.prvSwitchTimerLists
                0x00001624       0x60 .\CortexM3\ARM_GCC_541\Debug\timers.o
 .text.prvSampleTimeNow
                0x00001684       0x2c .\CortexM3\ARM_GCC_541\Debug\timers.o
 .text.prvProcessExpiredTimer
                0x000016b0       0x48 .\CortexM3\ARM_GCC_541\Debug\timers.o
 .text.prvProcessTimerOrBlockTask
                0x000016f8       0x70 .\CortexM3\ARM_GCC_541\Debug\timers.o
 .text.prvProcessReceivedCommands
                0x00001768       0x94 .\CortexM3\ARM_GCC_541\Debug\timers.o
 .text.prvTimerTask
                0x000017fc       0x18 .\CortexM3\ARM_GCC_541\Debug\timers.o
 .text.freeRTOSInit
                0x00001814       0x20 .\CortexM3\ARM_GCC_541\Debug\main.o
 .text.ISR      0x00001834       0x30 .\CortexM3\ARM_GCC_541\Debug\main.o
                0x00001834                ISR
 .text.dummy_task2
                0x00001864       0x18 .\CortexM3\ARM_GCC_541\Debug\main.o
 .text.dummy_task
                0x0000187c       0x18 .\CortexM3\ARM_GCC_541\Debug\main.o
 .text.change_priorities
                0x00001894       0x7c .\CortexM3\ARM_GCC_541\Debug\main.o
 .text.usb_in   0x00001910       0xb4 .\CortexM3\ARM_GCC_541\Debug\main.o
 .text.usb_out  0x000019c4       0xa0 .\CortexM3\ARM_GCC_541\Debug\main.o
 .text.state_machine_task
                0x00001a64      0x4b4 .\CortexM3\ARM_GCC_541\Debug\main.o
 .text.interrupt_routine
                0x00001f18      0x130 .\CortexM3\ARM_GCC_541\Debug\main.o
 .text.main     0x00002048      0x1a4 .\CortexM3\ARM_GCC_541\Debug\main.o
                0x00002048                main
 .text.CHANNEL_ValidPreambleCode
                0x000021ec       0x90 .\CortexM3\ARM_GCC_541\Debug\dwm1000.o
 .text.CHANNEL_ValidPreambleSize
                0x0000227c       0x40 .\CortexM3\ARM_GCC_541\Debug\dwm1000.o
 .text.CHANNEL_Init
                0x000022bc       0x24 .\CortexM3\ARM_GCC_541\Debug\dwm1000.o
 .text.setBit   0x000022e0       0x30 .\CortexM3\ARM_GCC_541\Debug\dwm1000.o
                0x000022e0                setBit
 .text.int2Bytes
                0x00002310       0x10 .\CortexM3\ARM_GCC_541\Debug\dwm1000.o
                0x00002310                int2Bytes
 .text.short2Bytes
                0x00002320        0x8 .\CortexM3\ARM_GCC_541\Debug\dwm1000.o
                0x00002320                short2Bytes
 .text.DWM_ReadSPI_ext
                0x00002328       0xc0 .\CortexM3\ARM_GCC_541\Debug\dwm1000.o
                0x00002328                DWM_ReadSPI_ext
 .text.DWM_WriteSPI_ext
                0x000023e8       0xa4 .\CortexM3\ARM_GCC_541\Debug\dwm1000.o
                0x000023e8                DWM_WriteSPI_ext
 .text.TRANSMITTER_UpdatePreambleCode
                0x0000248c       0x4c .\CortexM3\ARM_GCC_541\Debug\dwm1000.o
 .text.TRANSMITTER_UpdatePreambleSize
                0x000024d8       0x28 .\CortexM3\ARM_GCC_541\Debug\dwm1000.o
 .text.TRANSMITTER_UpdateTxPower
                0x00002500      0x1a0 .\CortexM3\ARM_GCC_541\Debug\dwm1000.o
 .text.TRANSMITTER_UpdateChannel
                0x000026a0       0xb4 .\CortexM3\ARM_GCC_541\Debug\dwm1000.o
 .text.TRANSMITTER_UpdateBitrate
                0x00002754       0x2c .\CortexM3\ARM_GCC_541\Debug\dwm1000.o
 .text.TRANSMITTER_UpdatePrf
                0x00002780       0x2c .\CortexM3\ARM_GCC_541\Debug\dwm1000.o
 .text.TRANSMITTER_Init
                0x000027ac       0x24 .\CortexM3\ARM_GCC_541\Debug\dwm1000.o
 .text.RECEIVER_UpdatePreambleCode
                0x000027d0       0x3c .\CortexM3\ARM_GCC_541\Debug\dwm1000.o
 .text.RECEIVER_UpdatePacSize
                0x0000280c      0x100 .\CortexM3\ARM_GCC_541\Debug\dwm1000.o
 .text.RECEIVER_UpdateSFDTimeout
                0x0000290c       0x74 .\CortexM3\ARM_GCC_541\Debug\dwm1000.o
 .text.RECEIVER_UpdatePreambleSize
                0x00002980       0x88 .\CortexM3\ARM_GCC_541\Debug\dwm1000.o
 .text.RECEIVER_UpdateChannel
                0x00002a08       0x40 .\CortexM3\ARM_GCC_541\Debug\dwm1000.o
 .text.RECEIVER_UpdateBitrate
                0x00002a48       0x60 .\CortexM3\ARM_GCC_541\Debug\dwm1000.o
 .text.RECEIVER_UpdatePrf
                0x00002aa8       0xa8 .\CortexM3\ARM_GCC_541\Debug\dwm1000.o
 .text.RECEIVER_UpdateFrameTimeoutDelay
                0x00002b50       0x58 .\CortexM3\ARM_GCC_541\Debug\dwm1000.o
 .text.RECEIVER_Init
                0x00002ba8       0x2c .\CortexM3\ARM_GCC_541\Debug\dwm1000.o
 .text.DWM_UpdateChannel
                0x00002bd4       0xa4 .\CortexM3\ARM_GCC_541\Debug\dwm1000.o
 .text.DWM_Reset
                0x00002c78       0xa0 .\CortexM3\ARM_GCC_541\Debug\dwm1000.o
 .text.CONFIG_Init
                0x00002d18       0x20 .\CortexM3\ARM_GCC_541\Debug\dwm1000.o
 .text.DWM_Init
                0x00002d38      0x16c .\CortexM3\ARM_GCC_541\Debug\dwm1000.o
                0x00002d38                DWM_Init
 .text.idle     0x00002ea4       0x74 .\CortexM3\ARM_GCC_541\Debug\dwm1000.o
                0x00002ea4                idle
 .text.DWM_Reset_Rx
                0x00002f18       0x30 .\CortexM3\ARM_GCC_541\Debug\dwm1000.o
                0x00002f18                DWM_Reset_Rx
 .text.DWM_Enable_Rx
                0x00002f48       0x2c .\CortexM3\ARM_GCC_541\Debug\dwm1000.o
                0x00002f48                DWM_Enable_Rx
 .text.DWM_SendData
                0x00002f74       0x6c .\CortexM3\ARM_GCC_541\Debug\dwm1000.o
                0x00002f74                DWM_SendData
 .text.DWM_ReceiveData
                0x00002fe0       0x68 .\CortexM3\ARM_GCC_541\Debug\dwm1000.o
                0x00002fe0                DWM_ReceiveData
 .text.CyClockStartupError
                0x00003048        0x4 .\CortexM3\ARM_GCC_541\Debug\cyfitter_cfg.o
 .text.cfg_write_bytes32
                0x0000304c       0x34 .\CortexM3\ARM_GCC_541\Debug\cyfitter_cfg.o
 .text.AnalogSetDefault
                0x00003080       0x28 .\CortexM3\ARM_GCC_541\Debug\cyfitter_cfg.o
 .text.CYMEMZERO
                0x000030a8        0xc .\CortexM3\ARM_GCC_541\Debug\cyfitter_cfg.o
 .text.ClockSetup
                0x000030b4       0xcc .\CortexM3\ARM_GCC_541\Debug\cyfitter_cfg.o
 .text.CYCONFIGCPY
                0x00003180        0x8 .\CortexM3\ARM_GCC_541\Debug\cyfitter_cfg.o
 .text.cyfitter_cfg
                0x00003188      0x118 .\CortexM3\ARM_GCC_541\Debug\cyfitter_cfg.o
                0x00003188                cyfitter_cfg
 .text.IntDefaultHandler
                0x000032a0       0x10 .\CortexM3\ARM_GCC_541\Debug\Cm3Start.o
                0x000032a0                IntDefaultHandler
 .text.Start_c  0x000032b0       0x4c .\CortexM3\ARM_GCC_541\Debug\Cm3Start.o
                0x000032b0                Start_c
 .text.initialize_psoc
                0x000032fc       0x68 .\CortexM3\ARM_GCC_541\Debug\Cm3Start.o
                0x000032fc                initialize_psoc
 .text.SPIM_EnableRxInt
                0x00003364        0xc .\CortexM3\ARM_GCC_541\Debug\write_fonction_spi.a(SPIM.o)
                0x00003364                SPIM_EnableRxInt
 .text.SPIM_Enable
                0x00003370       0x34 .\CortexM3\ARM_GCC_541\Debug\write_fonction_spi.a(SPIM.o)
                0x00003370                SPIM_Enable
 .text.SPIM_DisableRxInt
                0x000033a4        0xc .\CortexM3\ARM_GCC_541\Debug\write_fonction_spi.a(SPIM.o)
                0x000033a4                SPIM_DisableRxInt
 .text.SPIM_ReadTxStatus
                0x000033b0        0xc .\CortexM3\ARM_GCC_541\Debug\write_fonction_spi.a(SPIM.o)
                0x000033b0                SPIM_ReadTxStatus
 .text.SPIM_ReadRxStatus
                0x000033bc       0x28 .\CortexM3\ARM_GCC_541\Debug\write_fonction_spi.a(SPIM.o)
                0x000033bc                SPIM_ReadRxStatus
 .text.SPIM_WriteTxData
                0x000033e4       0x18 .\CortexM3\ARM_GCC_541\Debug\write_fonction_spi.a(SPIM.o)
                0x000033e4                SPIM_WriteTxData
 .text.SPIM_ReadRxData
                0x000033fc       0x64 .\CortexM3\ARM_GCC_541\Debug\write_fonction_spi.a(SPIM.o)
                0x000033fc                SPIM_ReadRxData
 .text.SPIM_ClearFIFO
                0x00003460       0x3c .\CortexM3\ARM_GCC_541\Debug\write_fonction_spi.a(SPIM.o)
                0x00003460                SPIM_ClearFIFO
 .text.SPIM_Init
                0x0000349c       0x60 .\CortexM3\ARM_GCC_541\Debug\write_fonction_spi.a(SPIM.o)
                0x0000349c                SPIM_Init
 .text.SPIM_Start
                0x000034fc       0x1c .\CortexM3\ARM_GCC_541\Debug\write_fonction_spi.a(SPIM.o)
                0x000034fc                SPIM_Start
 .text.SPIM_RX_ISR
                0x00003518       0xa0 .\CortexM3\ARM_GCC_541\Debug\write_fonction_spi.a(SPIM_INT.o)
                0x00003518                SPIM_RX_ISR
 .text.IRQ_SetVector
                0x000035b8        0xc .\CortexM3\ARM_GCC_541\Debug\write_fonction_spi.a(IRQ.o)
                0x000035b8                IRQ_SetVector
 .text.IRQ_SetPriority
                0x000035c4       0x10 .\CortexM3\ARM_GCC_541\Debug\write_fonction_spi.a(IRQ.o)
                0x000035c4                IRQ_SetPriority
 .text.IRQ_Enable
                0x000035d4        0xc .\CortexM3\ARM_GCC_541\Debug\write_fonction_spi.a(IRQ.o)
                0x000035d4                IRQ_Enable
 .text.IRQ_GetState
                0x000035e0       0x10 .\CortexM3\ARM_GCC_541\Debug\write_fonction_spi.a(IRQ.o)
                0x000035e0                IRQ_GetState
 .text.IRQ_Disable
                0x000035f0        0xc .\CortexM3\ARM_GCC_541\Debug\write_fonction_spi.a(IRQ.o)
                0x000035f0                IRQ_Disable
 .text.IRQ_StartEx
                0x000035fc       0x1c .\CortexM3\ARM_GCC_541\Debug\write_fonction_spi.a(IRQ.o)
                0x000035fc                IRQ_StartEx
 .text.IRQ_ClearPending
                0x00003618        0xc .\CortexM3\ARM_GCC_541\Debug\write_fonction_spi.a(IRQ.o)
                0x00003618                IRQ_ClearPending
 .text.pin_1_ClearInterrupt
                0x00003624       0x10 .\CortexM3\ARM_GCC_541\Debug\write_fonction_spi.a(pin_1.o)
                0x00003624                pin_1_ClearInterrupt
 .text.LED_1_Write
                0x00003634       0x18 .\CortexM3\ARM_GCC_541\Debug\write_fonction_spi.a(LED_1.o)
                0x00003634                LED_1_Write
 .text.USBP_Init
                0x0000364c      0x12c .\CortexM3\ARM_GCC_541\Debug\write_fonction_spi.a(USBP.o)
                0x0000364c                USBP_Init
 .text.USBP_InitComponent
                0x00003778       0xb4 .\CortexM3\ARM_GCC_541\Debug\write_fonction_spi.a(USBP.o)
                0x00003778                USBP_InitComponent
 .text.USBP_Start
                0x0000382c       0x24 .\CortexM3\ARM_GCC_541\Debug\write_fonction_spi.a(USBP.o)
                0x0000382c                USBP_Start
 .text.USBP_ReInitComponent
                0x00003850       0x4c .\CortexM3\ARM_GCC_541\Debug\write_fonction_spi.a(USBP.o)
                0x00003850                USBP_ReInitComponent
 .text.USBP_GetConfiguration
                0x0000389c        0xc .\CortexM3\ARM_GCC_541\Debug\write_fonction_spi.a(USBP.o)
                0x0000389c                USBP_GetConfiguration
 .text.USBP_GetEPCount
                0x000038a8       0x28 .\CortexM3\ARM_GCC_541\Debug\write_fonction_spi.a(USBP.o)
                0x000038a8                USBP_GetEPCount
 .text.USBP_LoadInEP
                0x000038d0       0x94 .\CortexM3\ARM_GCC_541\Debug\write_fonction_spi.a(USBP.o)
                0x000038d0                USBP_LoadInEP
 .text.USBP_EnableOutEP
                0x00003964       0x2c .\CortexM3\ARM_GCC_541\Debug\write_fonction_spi.a(USBP.o)
                0x00003964                USBP_EnableOutEP
 .text.USBP_ReadOutEP
                0x00003990       0x50 .\CortexM3\ARM_GCC_541\Debug\write_fonction_spi.a(USBP.o)
                0x00003990                USBP_ReadOutEP
 .text.USBP_DisableOutEP
                0x000039e0       0x18 .\CortexM3\ARM_GCC_541\Debug\write_fonction_spi.a(USBP.o)
                0x000039e0                USBP_DisableOutEP
 .text.USBP_GetEPAckState
                0x000039f8       0x20 .\CortexM3\ARM_GCC_541\Debug\write_fonction_spi.a(USBP.o)
                0x000039f8                USBP_GetEPAckState
 .text.USBP_LoadEP0
                0x00003a18       0x98 .\CortexM3\ARM_GCC_541\Debug\write_fonction_spi.a(USBP_drv.o)
                0x00003a18                USBP_LoadEP0
 .text.USBP_InitZeroLengthControlTransfer
                0x00003ab0       0x34 .\CortexM3\ARM_GCC_541\Debug\write_fonction_spi.a(USBP_drv.o)
                0x00003ab0                USBP_InitZeroLengthControlTransfer
 .text.USBP_ControlReadDataStage
                0x00003ae4        0x8 .\CortexM3\ARM_GCC_541\Debug\write_fonction_spi.a(USBP_drv.o)
                0x00003ae4                USBP_ControlReadDataStage
 .text.USBP_ControlWriteDataStage
                0x00003aec       0x84 .\CortexM3\ARM_GCC_541\Debug\write_fonction_spi.a(USBP_drv.o)
                0x00003aec                USBP_ControlWriteDataStage
 .text.USBP_InitNoDataControlTransfer
                0x00003b70       0x2c .\CortexM3\ARM_GCC_541\Debug\write_fonction_spi.a(USBP_drv.o)
                0x00003b70                USBP_InitNoDataControlTransfer
 .text.USBP_UpdateStatusBlock
                0x00003b9c       0x24 .\CortexM3\ARM_GCC_541\Debug\write_fonction_spi.a(USBP_drv.o)
                0x00003b9c                USBP_UpdateStatusBlock
 .text.USBP_HandleSetup
                0x00003bc0       0x5c .\CortexM3\ARM_GCC_541\Debug\write_fonction_spi.a(USBP_drv.o)
                0x00003bc0                USBP_HandleSetup
 .text.USBP_ControlReadStatusStage
                0x00003c1c       0x38 .\CortexM3\ARM_GCC_541\Debug\write_fonction_spi.a(USBP_drv.o)
                0x00003c1c                USBP_ControlReadStatusStage
 .text.USBP_HandleOUT
                0x00003c54       0x38 .\CortexM3\ARM_GCC_541\Debug\write_fonction_spi.a(USBP_drv.o)
                0x00003c54                USBP_HandleOUT
 .text.USBP_ControlWriteStatusStage
                0x00003c8c       0x20 .\CortexM3\ARM_GCC_541\Debug\write_fonction_spi.a(USBP_drv.o)
                0x00003c8c                USBP_ControlWriteStatusStage
 .text.USBP_NoDataControlStatusStage
                0x00003cac       0x40 .\CortexM3\ARM_GCC_541\Debug\write_fonction_spi.a(USBP_drv.o)
                0x00003cac                USBP_NoDataControlStatusStage
 .text.USBP_HandleIN
                0x00003cec       0x2c .\CortexM3\ARM_GCC_541\Debug\write_fonction_spi.a(USBP_drv.o)
                0x00003cec                USBP_HandleIN
 .text.USBP_EP_0_ISR
                0x00003d18       0xb8 .\CortexM3\ARM_GCC_541\Debug\write_fonction_spi.a(USBP_drv.o)
                0x00003d18                USBP_EP_0_ISR
 .text.USBP_InitializeStatusBlock
                0x00003dd0       0x24 .\CortexM3\ARM_GCC_541\Debug\write_fonction_spi.a(USBP_drv.o)
                0x00003dd0                USBP_InitializeStatusBlock
 .text.USBP_InitControlRead
                0x00003df4       0x50 .\CortexM3\ARM_GCC_541\Debug\write_fonction_spi.a(USBP_drv.o)
                0x00003df4                USBP_InitControlRead
 .text.USBP_EP_1_ISR
                0x00003e44       0x30 .\CortexM3\ARM_GCC_541\Debug\write_fonction_spi.a(USBP_episr.o)
                0x00003e44                USBP_EP_1_ISR
 .text.USBP_EP_2_ISR
                0x00003e74       0x34 .\CortexM3\ARM_GCC_541\Debug\write_fonction_spi.a(USBP_episr.o)
                0x00003e74                USBP_EP_2_ISR
 .text.USBP_SOF_ISR
                0x00003ea8        0x4 .\CortexM3\ARM_GCC_541\Debug\write_fonction_spi.a(USBP_episr.o)
                0x00003ea8                USBP_SOF_ISR
 .text.USBP_BUS_RESET_ISR
                0x00003eac        0x8 .\CortexM3\ARM_GCC_541\Debug\write_fonction_spi.a(USBP_episr.o)
                0x00003eac                USBP_BUS_RESET_ISR
 .text.USBP_DP_ISR
                0x00003eb4        0x8 .\CortexM3\ARM_GCC_541\Debug\write_fonction_spi.a(USBP_pm.o)
                0x00003eb4                USBP_DP_ISR
 .text.USBP_ConfigReg
                0x00003ebc       0xa4 .\CortexM3\ARM_GCC_541\Debug\write_fonction_spi.a(USBP_std.o)
                0x00003ebc                USBP_ConfigReg
 .text.USBP_GetConfigTablePtr
                0x00003f60       0x28 .\CortexM3\ARM_GCC_541\Debug\write_fonction_spi.a(USBP_std.o)
                0x00003f60                USBP_GetConfigTablePtr
 .text.USBP_GetDeviceTablePtr
                0x00003f88       0x18 .\CortexM3\ARM_GCC_541\Debug\write_fonction_spi.a(USBP_std.o)
                0x00003f88                USBP_GetDeviceTablePtr
 .text.USBP_GetInterfaceClassTablePtr
                0x00003fa0       0x28 .\CortexM3\ARM_GCC_541\Debug\write_fonction_spi.a(USBP_std.o)
                0x00003fa0                USBP_GetInterfaceClassTablePtr
 .text.USBP_Config
                0x00003fc8      0x188 .\CortexM3\ARM_GCC_541\Debug\write_fonction_spi.a(USBP_std.o)
                0x00003fc8                USBP_Config
 .text.USBP_SetEndpointHalt
                0x00004150       0x64 .\CortexM3\ARM_GCC_541\Debug\write_fonction_spi.a(USBP_std.o)
                0x00004150                USBP_SetEndpointHalt
 .text.USBP_ClearEndpointHalt
                0x000041b4       0xac .\CortexM3\ARM_GCC_541\Debug\write_fonction_spi.a(USBP_std.o)
                0x000041b4                USBP_ClearEndpointHalt
 .text.USBP_ValidateAlternateSetting
                0x00004260       0x4c .\CortexM3\ARM_GCC_541\Debug\write_fonction_spi.a(USBP_std.o)
                0x00004260                USBP_ValidateAlternateSetting
 .text.USBP_HandleStandardRqst
                0x000042ac      0x328 .\CortexM3\ARM_GCC_541\Debug\write_fonction_spi.a(USBP_std.o)
                0x000042ac                USBP_HandleStandardRqst
 .text.USBP_HandleVendorRqst
                0x000045d4       0x18 .\CortexM3\ARM_GCC_541\Debug\write_fonction_spi.a(USBP_vnd.o)
                0x000045d4                USBP_HandleVendorRqst
 .text.LED_2_Write
                0x000045ec       0x18 .\CortexM3\ARM_GCC_541\Debug\write_fonction_spi.a(LED_2.o)
                0x000045ec                LED_2_Write
 .text.LED_3_Write
                0x00004604       0x18 .\CortexM3\ARM_GCC_541\Debug\write_fonction_spi.a(LED_3.o)
                0x00004604                LED_3_Write
 .text.LED_4_Write
                0x0000461c       0x18 .\CortexM3\ARM_GCC_541\Debug\write_fonction_spi.a(LED_4.o)
                0x0000461c                LED_4_Write
 .text.USBP_Dp_ClearInterrupt
                0x00004634       0x10 .\CortexM3\ARM_GCC_541\Debug\write_fonction_spi.a(USBP_Dp.o)
                0x00004634                USBP_Dp_ClearInterrupt
 .text.CyHalt   0x00004644        0x4 .\CortexM3\ARM_GCC_541\Debug\write_fonction_spi.a(CyLib.o)
                0x00004644                CyHalt
 .text.CyDelay  0x00004648       0x2c .\CortexM3\ARM_GCC_541\Debug\write_fonction_spi.a(CyLib.o)
                0x00004648                CyDelay
 .text.CyDelayUs
                0x00004674       0x14 .\CortexM3\ARM_GCC_541\Debug\write_fonction_spi.a(CyLib.o)
                0x00004674                CyDelayUs
 .text.CyIntSetVector
                0x00004688       0x28 .\CortexM3\ARM_GCC_541\Debug\write_fonction_spi.a(CyLib.o)
                0x00004688                CyIntSetVector
 .text.CyIntSetPriority
                0x000046b0       0x30 .\CortexM3\ARM_GCC_541\Debug\write_fonction_spi.a(CyLib.o)
                0x000046b0                CyIntSetPriority
 .text.GPIOJ11_Write
                0x000046e0       0x18 .\CortexM3\ARM_GCC_541\Debug\write_fonction_spi.a(GPIOJ11.o)
                0x000046e0                GPIOJ11_Write
 .text.GPIOJ12_Write
                0x000046f8       0x18 .\CortexM3\ARM_GCC_541\Debug\write_fonction_spi.a(GPIOJ12.o)
                0x000046f8                GPIOJ12_Write
 .text.GPIOJ13_Write
                0x00004710       0x18 .\CortexM3\ARM_GCC_541\Debug\write_fonction_spi.a(GPIOJ13.o)
                0x00004710                GPIOJ13_Write
 .text.GPIOJ14_Write
                0x00004728       0x18 .\CortexM3\ARM_GCC_541\Debug\write_fonction_spi.a(GPIOJ14.o)
                0x00004728                GPIOJ14_Write
 .text.GPIOJ14_Read
                0x00004740       0x10 .\CortexM3\ARM_GCC_541\Debug\write_fonction_spi.a(GPIOJ14.o)
                0x00004740                GPIOJ14_Read
 .text.GPIOJ15_Write
                0x00004750       0x18 .\CortexM3\ARM_GCC_541\Debug\write_fonction_spi.a(GPIOJ15.o)
                0x00004750                GPIOJ15_Write
 .text.GPIOJ15_Read
                0x00004768       0x10 .\CortexM3\ARM_GCC_541\Debug\write_fonction_spi.a(GPIOJ15.o)
                0x00004768                GPIOJ15_Read
 .text          0x00004778       0x20 .\CortexM3\ARM_GCC_541\Debug\write_fonction_spi.a(CyBootAsmGnu.o)
                0x00004778                CyDelayCycles
                0x00004788                CyEnterCriticalSection
                0x00004790                CyExitCriticalSection
 .text.USBP_DispatchClassRqst
                0x00004798       0x38 .\CortexM3\ARM_GCC_541\Debug\write_fonction_spi.a(USBP_cls.o)
                0x00004798                USBP_DispatchClassRqst
 .text.__errno  0x000047d0        0xc c:/program files (x86)/cypress/psoc creator/4.3/psoc creator/import/gnu/arm/5.4.1/bin/../lib/gcc/arm-none-eabi/5.4.1/../../../../arm-none-eabi/lib/armv7-m\libg_nano.a(lib_a-errno.o)
                0x000047d0                __errno
 .text.__libc_init_array
                0x000047dc       0x4c c:/program files (x86)/cypress/psoc creator/4.3/psoc creator/import/gnu/arm/5.4.1/bin/../lib/gcc/arm-none-eabi/5.4.1/../../../../arm-none-eabi/lib/armv7-m\libg_nano.a(lib_a-init.o)
                0x000047dc                __libc_init_array
 .text.memcpy   0x00004828       0x16 c:/program files (x86)/cypress/psoc creator/4.3/psoc creator/import/gnu/arm/5.4.1/bin/../lib/gcc/arm-none-eabi/5.4.1/../../../../arm-none-eabi/lib/armv7-m\libg_nano.a(lib_a-memcpy-stub.o)
                0x00004828                memcpy
 .text.memset   0x0000483e       0x10 c:/program files (x86)/cypress/psoc creator/4.3/psoc creator/import/gnu/arm/5.4.1/bin/../lib/gcc/arm-none-eabi/5.4.1/../../../../arm-none-eabi/lib/armv7-m\libg_nano.a(lib_a-memset.o)
                0x0000483e                memset
 *(.plt)
 *(.gnu.warning)
 *(.glue_7t)
 .glue_7t       0x0000484e        0x0 linker stubs
 *(.glue_7)
 .glue_7        0x0000484e        0x0 linker stubs
 *(.vfp11_veneer)
 .vfp11_veneer  0x0000484e        0x0 linker stubs
 *(.bootloader)
 *(.ARM.extab* .gnu.linkonce.armextab.*)
 *(.gcc_except_table)

.v4_bx          0x00004850        0x0
 .v4_bx         0x00004850        0x0 linker stubs

.iplt           0x00004850        0x0
 .iplt          0x00004850        0x0 c:/program files (x86)/cypress/psoc creator/4.3/psoc creator/import/gnu/arm/5.4.1/bin/../lib/gcc/arm-none-eabi/5.4.1/armv7-m/crtbegin.o

.eh_frame_hdr
 *(.eh_frame_hdr)

.eh_frame       0x00004850        0x4
 *(.eh_frame)
 .eh_frame      0x00004850        0x0 c:/program files (x86)/cypress/psoc creator/4.3/psoc creator/import/gnu/arm/5.4.1/bin/../lib/gcc/arm-none-eabi/5.4.1/armv7-m/crtbegin.o
 .eh_frame      0x00004850        0x4 c:/program files (x86)/cypress/psoc creator/4.3/psoc creator/import/gnu/arm/5.4.1/bin/../lib/gcc/arm-none-eabi/5.4.1/armv7-m/crtend.o
                [!provide]                PROVIDE (__exidx_start, .)

.ARM.exidx
 *(.ARM.exidx* .gnu.linkonce.armexidx.*)
                0x00004854                __exidx_end = .

.rodata         0x00004854      0x1b4
 *(.rodata .rodata.* .gnu.linkonce.r.*)
 .rodata.str1.4
                0x00004854        0x5 .\CortexM3\ARM_GCC_541\Debug\tasks.o
 *fill*         0x00004859        0x3 
 .rodata.str1.4
                0x0000485c       0x10 .\CortexM3\ARM_GCC_541\Debug\timers.o
 .rodata.str1.4
                0x0000486c       0x54 .\CortexM3\ARM_GCC_541\Debug\main.o
 .rodata        0x000048c0        0x4 .\CortexM3\ARM_GCC_541\Debug\dwm1000.o
 .rodata        0x000048c4       0x46 .\CortexM3\ARM_GCC_541\Debug\cyfitter_cfg.o
 *fill*         0x0000490a        0x2 
 .rodata        0x0000490c       0xc2 .\CortexM3\ARM_GCC_541\Debug\write_fonction_spi.a(USBP_descr.o)
                0x0000490c                USBP_TABLE
                0x00004914                USBP_DEVICE0_TABLE
                0x0000492c                USBP_DEVICE0_CONFIGURATION0_TABLE
                0x0000494c                USBP_DEVICE0_CONFIGURATION0_INTERFACE_CLASS
                0x00004950                USBP_DEVICE0_CONFIGURATION0_EP_SETTINGS_TABLE
                0x00004960                USBP_STRING_DESCRIPTORS
                0x0000499c                USBP_DEVICE0_CONFIGURATION0_DESCR
                0x000049bc                USBP_DEVICE0_DESCR
 .rodata.str1.1
                0x000049ce        0x2 c:/program files (x86)/cypress/psoc creator/4.3/psoc creator/import/gnu/arm/5.4.1/bin/../lib/gcc/arm-none-eabi/5.4.1/../../../../arm-none-eabi/lib/armv7-m\libg_nano.a(lib_a-impure.o)
                0x000049d0                . = ALIGN (0x4)
 *(.init)
 .init          0x000049d0        0x4 c:/program files (x86)/cypress/psoc creator/4.3/psoc creator/import/gnu/arm/5.4.1/bin/../lib/gcc/arm-none-eabi/5.4.1/armv7-m/crti.o
                0x000049d0                _init
 .init          0x000049d4        0x8 c:/program files (x86)/cypress/psoc creator/4.3/psoc creator/import/gnu/arm/5.4.1/bin/../lib/gcc/arm-none-eabi/5.4.1/armv7-m/crtn.o
                0x000049dc                . = ALIGN (0x4)
                0x000049dc                __preinit_array_start = .
 *(.preinit_array)
                0x000049dc                __preinit_array_end = .
                0x000049dc                . = ALIGN (0x4)
                0x000049dc                __init_array_start = .
 *(SORT(.init_array.*))
 *(.init_array)
 .init_array    0x000049dc        0x4 c:/program files (x86)/cypress/psoc creator/4.3/psoc creator/import/gnu/arm/5.4.1/bin/../lib/gcc/arm-none-eabi/5.4.1/armv7-m/crtbegin.o
 .init_array    0x000049e0        0x4 .\CortexM3\ARM_GCC_541\Debug\Cm3Start.o
                0x000049e4                __init_array_end = .
                0x000049e4                . = ALIGN (0x4)
 *(.fini)
 .fini          0x000049e4        0x4 c:/program files (x86)/cypress/psoc creator/4.3/psoc creator/import/gnu/arm/5.4.1/bin/../lib/gcc/arm-none-eabi/5.4.1/armv7-m/crti.o
                0x000049e4                _fini
 .fini          0x000049e8        0x8 c:/program files (x86)/cypress/psoc creator/4.3/psoc creator/import/gnu/arm/5.4.1/bin/../lib/gcc/arm-none-eabi/5.4.1/armv7-m/crtn.o
                0x000049f0                . = ALIGN (0x4)
                0x000049f0                __fini_array_start = .
 *(.fini_array)
 .fini_array    0x000049f0        0x4 c:/program files (x86)/cypress/psoc creator/4.3/psoc creator/import/gnu/arm/5.4.1/bin/../lib/gcc/arm-none-eabi/5.4.1/armv7-m/crtbegin.o
 *(SORT(.fini_array.*))
                0x000049f4                __fini_array_end = .
                0x000049f4                . = ALIGN (0x4)
 *crtbegin.o(.ctors)
 *(EXCLUDE_FILE(*crtend.o) .ctors)
 *(SORT(.ctors.*))
 *crtend.o(.ctors)
                0x000049f4                . = ALIGN (0x4)
 *crtbegin.o(.dtors)
 *(EXCLUDE_FILE(*crtend.o) .dtors)
 *(SORT(.dtors.*))
 *crtend.o(.dtors)
                0x000049f4                . = ALIGN (0x4)
                0x000049f4                __cy_regions = .
                0x000049f4        0x4 LONG 0x4a08 __cy_region_init_ram
                0x000049f8        0x4 LONG 0x1fff80c8 __cy_region_start_data
                0x000049fc        0x4 LONG 0x88 __cy_region_init_size_ram
                0x00004a00        0x4 LONG 0x8598 __cy_region_zero_size_ram
                0x00004a04                __cy_regions_end = .
                0x00004a08                . = ALIGN (0x8)
 *fill*         0x00004a04        0x4 
                0x00004a08                _etext = .

.cy_checksum_exclude
                0x00004a08        0x0
 *(.cy_checksum_exclude)

.ramvectors     0x1fff8000       0xc0
                0x1fff8000                __cy_region_start_ram = .
 *(.ramvectors)
 .ramvectors    0x1fff8000       0xc0 .\CortexM3\ARM_GCC_541\Debug\Cm3Start.o
                0x1fff8000                CyRamVectors

.noinit         0x1fff80c0        0x1
 *(.noinit)
 .noinit        0x1fff80c0        0x1 .\CortexM3\ARM_GCC_541\Debug\write_fonction_spi.a(CyLib.o)
                0x1fff80c0                CyResetStatus

.data           0x1fff80c8       0x88 load address 0x00004a08
                0x1fff80c8                __cy_region_start_data = .
 *(.jcr)
 .jcr           0x1fff80c8        0x0 c:/program files (x86)/cypress/psoc creator/4.3/psoc creator/import/gnu/arm/5.4.1/bin/../lib/gcc/arm-none-eabi/5.4.1/armv7-m/crtbegin.o
 .jcr           0x1fff80c8        0x4 c:/program files (x86)/cypress/psoc creator/4.3/psoc creator/import/gnu/arm/5.4.1/bin/../lib/gcc/arm-none-eabi/5.4.1/armv7-m/crtend.o
 *(.got.plt)
 *(.got)
 *(.shdata)
 *(.data .data.* .gnu.linkonce.d.*)
 .data          0x1fff80cc        0x4 .\CortexM3\ARM_GCC_541\Debug\heap_2.o
 .data          0x1fff80d0        0x4 .\CortexM3\ARM_GCC_541\Debug\port.o
 .data          0x1fff80d4        0x3 .\CortexM3\ARM_GCC_541\Debug\main.o
                0x1fff80d4                prioBeacon
                0x1fff80d5                usb_out_prio
                0x1fff80d6                usb_in_prio
 *fill*         0x1fff80d7        0x1 
 .data          0x1fff80d8       0x10 .\CortexM3\ARM_GCC_541\Debug\write_fonction_spi.a(CyLib.o)
                0x1fff80d8                cydelay_32k_ms
                0x1fff80dc                cydelay_freq_khz
                0x1fff80e0                cydelay_freq_mhz
                0x1fff80e4                cydelay_freq_hz
 .data.impure_data
                0x1fff80e8       0x60 c:/program files (x86)/cypress/psoc creator/4.3/psoc creator/import/gnu/arm/5.4.1/bin/../lib/gcc/arm-none-eabi/5.4.1/../../../../arm-none-eabi/lib/armv7-m\libg_nano.a(lib_a-impure.o)
 .data._impure_ptr
                0x1fff8148        0x4 c:/program files (x86)/cypress/psoc creator/4.3/psoc creator/import/gnu/arm/5.4.1/bin/../lib/gcc/arm-none-eabi/5.4.1/../../../../arm-none-eabi/lib/armv7-m\libg_nano.a(lib_a-impure.o)
                0x1fff8148                _impure_ptr
                0x1fff8150                . = ALIGN (0x8)
 *fill*         0x1fff814c        0x4 
 *(.ram)
                0x1fff8150                _edata = .

.igot.plt       0x1fff8150        0x0 load address 0x00004a90
 .igot.plt      0x1fff8150        0x0 c:/program files (x86)/cypress/psoc creator/4.3/psoc creator/import/gnu/arm/5.4.1/bin/../lib/gcc/arm-none-eabi/5.4.1/armv7-m/crtbegin.o

.bss            0x1fff8150     0x8598 load address 0x00004a90
                0x1fff8150                PROVIDE (__bss_start__, .)
 *(.shbss)
 *(.bss .bss.* .gnu.linkonce.b.*)
 .bss           0x1fff8150       0x1c c:/program files (x86)/cypress/psoc creator/4.3/psoc creator/import/gnu/arm/5.4.1/bin/../lib/gcc/arm-none-eabi/5.4.1/armv7-m/crtbegin.o
 .bss           0x1fff816c     0x8014 .\CortexM3\ARM_GCC_541\Debug\heap_2.o
 .bss           0x20000180      0x320 .\CortexM3\ARM_GCC_541\Debug\tasks.o
                0x20000474                pxCurrentTCB
 .bss           0x200004a0       0x3c .\CortexM3\ARM_GCC_541\Debug\timers.o
 *fill*         0x200004dc        0x4 
 .bss           0x200004e0       0x75 .\CortexM3\ARM_GCC_541\Debug\main.o
                0x200004e4                number_bytes_receive
                0x200004e6                nosignal
                0x200004e8                all_clock_time
                0x20000548                TxOk
                0x20000554                found
 *fill*         0x20000555        0x3 
 .bss           0x20000558       0x14 .\CortexM3\ARM_GCC_541\Debug\dwm1000.o
 .bss           0x2000056c        0x1 .\CortexM3\ARM_GCC_541\Debug\write_fonction_spi.a(SPIM.o)
                0x2000056c                SPIM_initVar
 .bss           0x2000056d        0x1 .\CortexM3\ARM_GCC_541\Debug\write_fonction_spi.a(USBP.o)
                0x2000056d                USBP_initVar
 *fill*         0x2000056e        0x2 
 .bss           0x20000570        0x2 .\CortexM3\ARM_GCC_541\Debug\write_fonction_spi.a(USBP_std.o)
 *(COMMON)
 *fill*         0x20000572        0x2 
 COMMON         0x20000574       0x50 .\CortexM3\ARM_GCC_541\Debug\queue.o
                0x20000574                xQueueRegistry
 COMMON         0x200005c4       0x70 .\CortexM3\ARM_GCC_541\Debug\main.o
                0x200005c4                usbOutHandler
                0x200005c8                taskHandler3
                0x200005cc                dummyHandler
                0x200005d0                taskHandler2
                0x200005d4                dummy2Handler
                0x200005d8                state
                0x200005dc                TxPhoneData
                0x2000061c                semaphoreBuf1
                0x20000620                usbInHandler
                0x20000624                taskHandler4
                0x20000628                RxPhoneData
                0x20000630                taskHandler1
 COMMON         0x20000634       0x16 .\CortexM3\ARM_GCC_541\Debug\write_fonction_spi.a(SPIM.o)
                0x20000634                SPIM_rxBufferFull
                0x20000635                SPIM_swStatusTx
                0x20000638                SPIM_rxBuffer
                0x20000647                SPIM_rxBufferWrite
                0x20000648                SPIM_rxBufferRead
                0x20000649                SPIM_swStatusRx
 *fill*         0x2000064a        0x2 
 COMMON         0x2000064c       0x95 .\CortexM3\ARM_GCC_541\Debug\write_fonction_spi.a(USBP_drv.o)
                0x2000064c                USBP_EP
                0x200006b8                USBP_deviceStatus
                0x200006b9                USBP_lastPacketSize
                0x200006ba                USBP_transferByteCount
                0x200006bc                USBP_interfaceSetting
                0x200006bd                USBP_ep0Mode
                0x200006be                USBP_ep0Count
                0x200006bf                USBP_transferState
                0x200006c0                USBP_configurationChanged
                0x200006c4                USBP_interfaceStatus
                0x200006c5                USBP_configuration
                0x200006c8                USBP_interfaceSettingLast
                0x200006cc                USBP_interfaceClass
                0x200006d0                USBP_interfaceNumber
                0x200006d1                USBP_device
                0x200006d2                USBP_ep0Toggle
                0x200006d4                USBP_currentTD
                0x200006e0                USBP_deviceAddress
                0x200006e8                . = ALIGN (0x8)
 *fill*         0x200006e1        0x7 
 *(.ram.b)
                0x200006e8                _end = .
                0x200006e8                __end = .
                0x200006e8                PROVIDE (end, .)
                0x200006e8                PROVIDE (__bss_end__, .)
                0x00004a08                __cy_region_init_ram = LOADADDR (.data)
                0x00000088                __cy_region_init_size_ram = (_edata - ADDR (.data))
                0x00008598                __cy_region_zero_size_ram = (_end - _edata)

.heap           0x200006e8       0x80 load address 0x00004a90
                0x200006e8                . = _end
                0x20000768                . = (. + 0x80)
 *fill*         0x200006e8       0x80 
                0x20000768                __cy_heap_limit = .

.stack          0x20007800      0x800
                0x20007800                __cy_stack_limit = .
                0x20008000                . = (. + 0x800)
 *fill*         0x20007800      0x800 
                0x00000001                ASSERT ((__cy_stack_limit >= __cy_heap_limit), region RAM overflowed with stack)
                0x00000000                cy_checksum_exclude_size = (CY_APPL_LOADABLE == 0x1)?SIZEOF (.cy_checksum_exclude):0x0
                0x00000001                ASSERT ((cy_checksum_exclude_size <= CY_CHECKSUM_EXCLUDE_SIZE), CY_BOOT: Section .cy_checksum_exclude size exceedes specified limit.)

.cyloadermeta
 *(.cyloadermeta)

.cyloadablemeta
 *(.cyloadablemeta)

.cyconfigecc    0x80000000      0x2d4
 *(.cyconfigecc)
 .cyconfigecc   0x80000000      0x2d4 .\CortexM3\ARM_GCC_541\Debug\cymetadata.o
                0x80000000                cy_meta_configecc

.cycustnvl      0x90000000        0x4
 *(.cycustnvl)
 .cycustnvl     0x90000000        0x4 .\CortexM3\ARM_GCC_541\Debug\cymetadata.o
                0x90000000                cy_meta_custnvl

.cywolatch      0x90100000        0x4
 *(.cywolatch)
 .cywolatch     0x90100000        0x4 .\CortexM3\ARM_GCC_541\Debug\cymetadata.o
                0x90100000                cy_meta_wonvl

.cyeeprom       0x90200000        0x0
 *(.cyeeprom)
                0x00000001                ASSERT ((. <= ((0x90200000 + ee_offset) + ee_size)), .cyeeprom data will not fit in EEPROM)

.cyflashprotect
                0x90400000      0x100
 *(.cyflashprotect)
 .cyflashprotect
                0x90400000      0x100 .\CortexM3\ARM_GCC_541\Debug\cymetadata.o
                0x90400000                cy_meta_flashprotect

.cymeta         0x90500000        0xc
 *(.cymeta)
 .cymeta        0x90500000        0xc .\CortexM3\ARM_GCC_541\Debug\cymetadata.o
                0x90500000                cy_metadata

.rel.dyn        0x00004a90        0x0 load address 0x9050000c
 .rel.iplt      0x00004a90        0x0 c:/program files (x86)/cypress/psoc creator/4.3/psoc creator/import/gnu/arm/5.4.1/bin/../lib/gcc/arm-none-eabi/5.4.1/armv7-m/crtbegin.o

.stab
 *(.stab)

.stabstr
 *(.stabstr)

.debug
 *(.debug)

.line
 *(.line)

.debug_srcinfo
 *(.debug_srcinfo)

.debug_sfnames
 *(.debug_sfnames)

.debug_aranges  0x00000000     0x15e8
 *(.debug_aranges)
 .debug_aranges
                0x00000000       0x18 .\CortexM3\ARM_GCC_541\Debug\croutine.o
 .debug_aranges
                0x00000018       0x68 .\CortexM3\ARM_GCC_541\Debug\event_groups.o
 .debug_aranges
                0x00000080       0x40 .\CortexM3\ARM_GCC_541\Debug\heap_2.o
 .debug_aranges
                0x000000c0       0x40 .\CortexM3\ARM_GCC_541\Debug\list.o
 .debug_aranges
                0x00000100      0x260 .\CortexM3\ARM_GCC_541\Debug\mpu_wrappers.o
 .debug_aranges
                0x00000360       0x70 .\CortexM3\ARM_GCC_541\Debug\port.o
 .debug_aranges
                0x000003d0      0x118 .\CortexM3\ARM_GCC_541\Debug\queue.o
 .debug_aranges
                0x000004e8       0xc0 .\CortexM3\ARM_GCC_541\Debug\stream_buffer.o
 .debug_aranges
                0x000005a8      0x1c8 .\CortexM3\ARM_GCC_541\Debug\tasks.o
 .debug_aranges
                0x00000770       0xb8 .\CortexM3\ARM_GCC_541\Debug\timers.o
 .debug_aranges
                0x00000828       0x68 .\CortexM3\ARM_GCC_541\Debug\main.o
 .debug_aranges
                0x00000890      0x190 .\CortexM3\ARM_GCC_541\Debug\dwm1000.o
 .debug_aranges
                0x00000a20       0x58 .\CortexM3\ARM_GCC_541\Debug\cyfitter_cfg.o
 .debug_aranges
                0x00000a78       0x18 .\CortexM3\ARM_GCC_541\Debug\cymetadata.o
 .debug_aranges
                0x00000a90       0x48 .\CortexM3\ARM_GCC_541\Debug\Cm3Start.o
 .debug_aranges
                0x00000ad8       0xd8 .\CortexM3\ARM_GCC_541\Debug\write_fonction_spi.a(SPIM.o)
 .debug_aranges
                0x00000bb0       0x28 .\CortexM3\ARM_GCC_541\Debug\write_fonction_spi.a(SPIM_INT.o)
 .debug_aranges
                0x00000bd8       0x80 .\CortexM3\ARM_GCC_541\Debug\write_fonction_spi.a(IRQ.o)
 .debug_aranges
                0x00000c58       0x48 .\CortexM3\ARM_GCC_541\Debug\write_fonction_spi.a(pin_1.o)
 .debug_aranges
                0x00000ca0       0x38 .\CortexM3\ARM_GCC_541\Debug\write_fonction_spi.a(LED_1.o)
 .debug_aranges
                0x00000cd8       0xc8 .\CortexM3\ARM_GCC_541\Debug\write_fonction_spi.a(USBP.o)
 .debug_aranges
                0x00000da0       0x98 .\CortexM3\ARM_GCC_541\Debug\write_fonction_spi.a(USBP_drv.o)
 .debug_aranges
                0x00000e38       0x38 .\CortexM3\ARM_GCC_541\Debug\write_fonction_spi.a(USBP_episr.o)
 .debug_aranges
                0x00000e70       0x40 .\CortexM3\ARM_GCC_541\Debug\write_fonction_spi.a(USBP_pm.o)
 .debug_aranges
                0x00000eb0       0x78 .\CortexM3\ARM_GCC_541\Debug\write_fonction_spi.a(USBP_std.o)
 .debug_aranges
                0x00000f28       0x20 .\CortexM3\ARM_GCC_541\Debug\write_fonction_spi.a(USBP_vnd.o)
 .debug_aranges
                0x00000f48       0x38 .\CortexM3\ARM_GCC_541\Debug\write_fonction_spi.a(LED_2.o)
 .debug_aranges
                0x00000f80       0x38 .\CortexM3\ARM_GCC_541\Debug\write_fonction_spi.a(LED_3.o)
 .debug_aranges
                0x00000fb8       0x38 .\CortexM3\ARM_GCC_541\Debug\write_fonction_spi.a(LED_4.o)
 .debug_aranges
                0x00000ff0       0x48 .\CortexM3\ARM_GCC_541\Debug\write_fonction_spi.a(USBP_Dp.o)
 .debug_aranges
                0x00001038      0x2a0 .\CortexM3\ARM_GCC_541\Debug\write_fonction_spi.a(CyLib.o)
 .debug_aranges
                0x000012d8       0x98 .\CortexM3\ARM_GCC_541\Debug\write_fonction_spi.a(cyPm.o)
 .debug_aranges
                0x00001370       0x38 .\CortexM3\ARM_GCC_541\Debug\write_fonction_spi.a(GPIOJ11.o)
 .debug_aranges
                0x000013a8       0x38 .\CortexM3\ARM_GCC_541\Debug\write_fonction_spi.a(GPIOJ12.o)
 .debug_aranges
                0x000013e0       0x38 .\CortexM3\ARM_GCC_541\Debug\write_fonction_spi.a(GPIOJ13.o)
 .debug_aranges
                0x00001418       0x38 .\CortexM3\ARM_GCC_541\Debug\write_fonction_spi.a(GPIOJ14.o)
 .debug_aranges
                0x00001450       0x38 .\CortexM3\ARM_GCC_541\Debug\write_fonction_spi.a(GPIOJ15.o)
 .debug_aranges
                0x00001488       0x20 .\CortexM3\ARM_GCC_541\Debug\write_fonction_spi.a(CyBootAsmGnu.o)
 .debug_aranges
                0x000014a8       0x20 .\CortexM3\ARM_GCC_541\Debug\write_fonction_spi.a(USBP_cls.o)
 .debug_aranges
                0x000014c8       0x18 .\CortexM3\ARM_GCC_541\Debug\write_fonction_spi.a(USBP_descr.o)
 .debug_aranges
                0x000014e0       0x88 .\CortexM3\ARM_GCC_541\Debug\write_fonction_spi.a(CyFlash.o)
 .debug_aranges
                0x00001568       0x80 .\CortexM3\ARM_GCC_541\Debug\write_fonction_spi.a(CySpc.o)

.debug_pubnames
 *(.debug_pubnames)

.debug_info     0x00000000    0x142b4
 *(.debug_info .gnu.linkonce.wi.*)
 .debug_info    0x00000000       0x79 .\CortexM3\ARM_GCC_541\Debug\croutine.o
 .debug_info    0x00000079      0x8f1 .\CortexM3\ARM_GCC_541\Debug\event_groups.o
 .debug_info    0x0000096a      0x32e .\CortexM3\ARM_GCC_541\Debug\heap_2.o
 .debug_info    0x00000c98      0x2ac .\CortexM3\ARM_GCC_541\Debug\list.o
 .debug_info    0x00000f44     0x3182 .\CortexM3\ARM_GCC_541\Debug\mpu_wrappers.o
 .debug_info    0x000040c6      0x32e .\CortexM3\ARM_GCC_541\Debug\port.o
 .debug_info    0x000043f4     0x19c8 .\CortexM3\ARM_GCC_541\Debug\queue.o
 .debug_info    0x00005dbc     0x123f .\CortexM3\ARM_GCC_541\Debug\stream_buffer.o
 .debug_info    0x00006ffb     0x206f .\CortexM3\ARM_GCC_541\Debug\tasks.o
 .debug_info    0x0000906a      0xe72 .\CortexM3\ARM_GCC_541\Debug\timers.o
 .debug_info    0x00009edc     0x13b9 .\CortexM3\ARM_GCC_541\Debug\main.o
 .debug_info    0x0000b295     0x20c7 .\CortexM3\ARM_GCC_541\Debug\dwm1000.o
 .debug_info    0x0000d35c      0x5ba .\CortexM3\ARM_GCC_541\Debug\cyfitter_cfg.o
 .debug_info    0x0000d916      0x135 .\CortexM3\ARM_GCC_541\Debug\cymetadata.o
 .debug_info    0x0000da4b      0x3bb .\CortexM3\ARM_GCC_541\Debug\Cm3Start.o
 .debug_info    0x0000de06      0x5dd .\CortexM3\ARM_GCC_541\Debug\write_fonction_spi.a(SPIM.o)
 .debug_info    0x0000e3e3      0x13d .\CortexM3\ARM_GCC_541\Debug\write_fonction_spi.a(SPIM_INT.o)
 .debug_info    0x0000e520      0x2d2 .\CortexM3\ARM_GCC_541\Debug\write_fonction_spi.a(IRQ.o)
 .debug_info    0x0000e7f2      0x174 .\CortexM3\ARM_GCC_541\Debug\write_fonction_spi.a(pin_1.o)
 .debug_info    0x0000e966      0x11f .\CortexM3\ARM_GCC_541\Debug\write_fonction_spi.a(LED_1.o)
 .debug_info    0x0000ea85      0x966 .\CortexM3\ARM_GCC_541\Debug\write_fonction_spi.a(USBP.o)
 .debug_info    0x0000f3eb      0x655 .\CortexM3\ARM_GCC_541\Debug\write_fonction_spi.a(USBP_drv.o)
 .debug_info    0x0000fa40      0x243 .\CortexM3\ARM_GCC_541\Debug\write_fonction_spi.a(USBP_episr.o)
 .debug_info    0x0000fc83      0x2e4 .\CortexM3\ARM_GCC_541\Debug\write_fonction_spi.a(USBP_pm.o)
 .debug_info    0x0000ff67      0x9f7 .\CortexM3\ARM_GCC_541\Debug\write_fonction_spi.a(USBP_std.o)
 .debug_info    0x0001095e       0xed .\CortexM3\ARM_GCC_541\Debug\write_fonction_spi.a(USBP_vnd.o)
 .debug_info    0x00010a4b      0x11f .\CortexM3\ARM_GCC_541\Debug\write_fonction_spi.a(LED_2.o)
 .debug_info    0x00010b6a      0x11f .\CortexM3\ARM_GCC_541\Debug\write_fonction_spi.a(LED_3.o)
 .debug_info    0x00010c89      0x11f .\CortexM3\ARM_GCC_541\Debug\write_fonction_spi.a(LED_4.o)
 .debug_info    0x00010da8      0x174 .\CortexM3\ARM_GCC_541\Debug\write_fonction_spi.a(USBP_Dp.o)
 .debug_info    0x00010f1c     0x1374 .\CortexM3\ARM_GCC_541\Debug\write_fonction_spi.a(CyLib.o)
 .debug_info    0x00012290      0xa2a .\CortexM3\ARM_GCC_541\Debug\write_fonction_spi.a(cyPm.o)
 .debug_info    0x00012cba      0x11f .\CortexM3\ARM_GCC_541\Debug\write_fonction_spi.a(GPIOJ11.o)
 .debug_info    0x00012dd9      0x11f .\CortexM3\ARM_GCC_541\Debug\write_fonction_spi.a(GPIOJ12.o)
 .debug_info    0x00012ef8      0x11f .\CortexM3\ARM_GCC_541\Debug\write_fonction_spi.a(GPIOJ13.o)
 .debug_info    0x00013017      0x11f .\CortexM3\ARM_GCC_541\Debug\write_fonction_spi.a(GPIOJ14.o)
 .debug_info    0x00013136      0x11f .\CortexM3\ARM_GCC_541\Debug\write_fonction_spi.a(GPIOJ15.o)
 .debug_info    0x00013255       0xaa .\CortexM3\ARM_GCC_541\Debug\write_fonction_spi.a(CyBootAsmGnu.o)
 .debug_info    0x000132ff      0x1ad .\CortexM3\ARM_GCC_541\Debug\write_fonction_spi.a(USBP_cls.o)
 .debug_info    0x000134ac      0x26b .\CortexM3\ARM_GCC_541\Debug\write_fonction_spi.a(USBP_descr.o)
 .debug_info    0x00013717      0x64d .\CortexM3\ARM_GCC_541\Debug\write_fonction_spi.a(CyFlash.o)
 .debug_info    0x00013d64      0x550 .\CortexM3\ARM_GCC_541\Debug\write_fonction_spi.a(CySpc.o)

.debug_abbrev   0x00000000     0x366b
 *(.debug_abbrev)
 .debug_abbrev  0x00000000       0x26 .\CortexM3\ARM_GCC_541\Debug\croutine.o
 .debug_abbrev  0x00000026      0x215 .\CortexM3\ARM_GCC_541\Debug\event_groups.o
 .debug_abbrev  0x0000023b      0x17f .\CortexM3\ARM_GCC_541\Debug\heap_2.o
 .debug_abbrev  0x000003ba       0xe3 .\CortexM3\ARM_GCC_541\Debug\list.o
 .debug_abbrev  0x0000049d      0x201 .\CortexM3\ARM_GCC_541\Debug\mpu_wrappers.o
 .debug_abbrev  0x0000069e      0x1ca .\CortexM3\ARM_GCC_541\Debug\port.o
 .debug_abbrev  0x00000868      0x2b7 .\CortexM3\ARM_GCC_541\Debug\queue.o
 .debug_abbrev  0x00000b1f      0x264 .\CortexM3\ARM_GCC_541\Debug\stream_buffer.o
 .debug_abbrev  0x00000d83      0x2f1 .\CortexM3\ARM_GCC_541\Debug\tasks.o
 .debug_abbrev  0x00001074      0x23a .\CortexM3\ARM_GCC_541\Debug\timers.o
 .debug_abbrev  0x000012ae      0x257 .\CortexM3\ARM_GCC_541\Debug\main.o
 .debug_abbrev  0x00001505      0x26e .\CortexM3\ARM_GCC_541\Debug\dwm1000.o
 .debug_abbrev  0x00001773      0x20d .\CortexM3\ARM_GCC_541\Debug\cyfitter_cfg.o
 .debug_abbrev  0x00001980       0x66 .\CortexM3\ARM_GCC_541\Debug\cymetadata.o
 .debug_abbrev  0x000019e6      0x1e8 .\CortexM3\ARM_GCC_541\Debug\Cm3Start.o
 .debug_abbrev  0x00001bce      0x171 .\CortexM3\ARM_GCC_541\Debug\write_fonction_spi.a(SPIM.o)
 .debug_abbrev  0x00001d3f       0xa2 .\CortexM3\ARM_GCC_541\Debug\write_fonction_spi.a(SPIM_INT.o)
 .debug_abbrev  0x00001de1      0x173 .\CortexM3\ARM_GCC_541\Debug\write_fonction_spi.a(IRQ.o)
 .debug_abbrev  0x00001f54       0x90 .\CortexM3\ARM_GCC_541\Debug\write_fonction_spi.a(pin_1.o)
 .debug_abbrev  0x00001fe4       0x90 .\CortexM3\ARM_GCC_541\Debug\write_fonction_spi.a(LED_1.o)
 .debug_abbrev  0x00002074      0x215 .\CortexM3\ARM_GCC_541\Debug\write_fonction_spi.a(USBP.o)
 .debug_abbrev  0x00002289      0x189 .\CortexM3\ARM_GCC_541\Debug\write_fonction_spi.a(USBP_drv.o)
 .debug_abbrev  0x00002412      0x11b .\CortexM3\ARM_GCC_541\Debug\write_fonction_spi.a(USBP_episr.o)
 .debug_abbrev  0x0000252d      0x108 .\CortexM3\ARM_GCC_541\Debug\write_fonction_spi.a(USBP_pm.o)
 .debug_abbrev  0x00002635      0x1d8 .\CortexM3\ARM_GCC_541\Debug\write_fonction_spi.a(USBP_std.o)
 .debug_abbrev  0x0000280d       0x9b .\CortexM3\ARM_GCC_541\Debug\write_fonction_spi.a(USBP_vnd.o)
 .debug_abbrev  0x000028a8       0x90 .\CortexM3\ARM_GCC_541\Debug\write_fonction_spi.a(LED_2.o)
 .debug_abbrev  0x00002938       0x90 .\CortexM3\ARM_GCC_541\Debug\write_fonction_spi.a(LED_3.o)
 .debug_abbrev  0x000029c8       0x90 .\CortexM3\ARM_GCC_541\Debug\write_fonction_spi.a(LED_4.o)
 .debug_abbrev  0x00002a58       0x90 .\CortexM3\ARM_GCC_541\Debug\write_fonction_spi.a(USBP_Dp.o)
 .debug_abbrev  0x00002ae8      0x254 .\CortexM3\ARM_GCC_541\Debug\write_fonction_spi.a(CyLib.o)
 .debug_abbrev  0x00002d3c      0x1ab .\CortexM3\ARM_GCC_541\Debug\write_fonction_spi.a(cyPm.o)
 .debug_abbrev  0x00002ee7       0x90 .\CortexM3\ARM_GCC_541\Debug\write_fonction_spi.a(GPIOJ11.o)
 .debug_abbrev  0x00002f77       0x90 .\CortexM3\ARM_GCC_541\Debug\write_fonction_spi.a(GPIOJ12.o)
 .debug_abbrev  0x00003007       0x90 .\CortexM3\ARM_GCC_541\Debug\write_fonction_spi.a(GPIOJ13.o)
 .debug_abbrev  0x00003097       0x90 .\CortexM3\ARM_GCC_541\Debug\write_fonction_spi.a(GPIOJ14.o)
 .debug_abbrev  0x00003127       0x90 .\CortexM3\ARM_GCC_541\Debug\write_fonction_spi.a(GPIOJ15.o)
 .debug_abbrev  0x000031b7       0x14 .\CortexM3\ARM_GCC_541\Debug\write_fonction_spi.a(CyBootAsmGnu.o)
 .debug_abbrev  0x000031cb       0xc2 .\CortexM3\ARM_GCC_541\Debug\write_fonction_spi.a(USBP_cls.o)
 .debug_abbrev  0x0000328d       0xa3 .\CortexM3\ARM_GCC_541\Debug\write_fonction_spi.a(USBP_descr.o)
 .debug_abbrev  0x00003330      0x1a7 .\CortexM3\ARM_GCC_541\Debug\write_fonction_spi.a(CyFlash.o)
 .debug_abbrev  0x000034d7      0x194 .\CortexM3\ARM_GCC_541\Debug\write_fonction_spi.a(CySpc.o)

.debug_line     0x00000000     0x62ea
 *(.debug_line)
 .debug_line    0x00000000       0x1d .\CortexM3\ARM_GCC_541\Debug\croutine.o
 .debug_line    0x0000001d      0x2f5 .\CortexM3\ARM_GCC_541\Debug\event_groups.o
 .debug_line    0x00000312      0x28a .\CortexM3\ARM_GCC_541\Debug\heap_2.o
 .debug_line    0x0000059c      0x1d9 .\CortexM3\ARM_GCC_541\Debug\list.o
 .debug_line    0x00000775      0x7e1 .\CortexM3\ARM_GCC_541\Debug\mpu_wrappers.o
 .debug_line    0x00000f56      0x274 .\CortexM3\ARM_GCC_541\Debug\port.o
 .debug_line    0x000011ca      0x6e0 .\CortexM3\ARM_GCC_541\Debug\queue.o
 .debug_line    0x000018aa      0x4e5 .\CortexM3\ARM_GCC_541\Debug\stream_buffer.o
 .debug_line    0x00001d8f      0xa9f .\CortexM3\ARM_GCC_541\Debug\tasks.o
 .debug_line    0x0000282e      0x3b8 .\CortexM3\ARM_GCC_541\Debug\timers.o
 .debug_line    0x00002be6      0x466 .\CortexM3\ARM_GCC_541\Debug\main.o
 .debug_line    0x0000304c      0x6e4 .\CortexM3\ARM_GCC_541\Debug\dwm1000.o
 .debug_line    0x00003730      0x1f5 .\CortexM3\ARM_GCC_541\Debug\cyfitter_cfg.o
 .debug_line    0x00003925      0x141 .\CortexM3\ARM_GCC_541\Debug\cymetadata.o
 .debug_line    0x00003a66      0x234 .\CortexM3\ARM_GCC_541\Debug\Cm3Start.o
 .debug_line    0x00003c9a      0x256 .\CortexM3\ARM_GCC_541\Debug\write_fonction_spi.a(SPIM.o)
 .debug_line    0x00003ef0       0x93 .\CortexM3\ARM_GCC_541\Debug\write_fonction_spi.a(SPIM_INT.o)
 .debug_line    0x00003f83      0x130 .\CortexM3\ARM_GCC_541\Debug\write_fonction_spi.a(IRQ.o)
 .debug_line    0x000040b3       0xb6 .\CortexM3\ARM_GCC_541\Debug\write_fonction_spi.a(pin_1.o)
 .debug_line    0x00004169       0x92 .\CortexM3\ARM_GCC_541\Debug\write_fonction_spi.a(LED_1.o)
 .debug_line    0x000041fb      0x2cc .\CortexM3\ARM_GCC_541\Debug\write_fonction_spi.a(USBP.o)
 .debug_line    0x000044c7      0x218 .\CortexM3\ARM_GCC_541\Debug\write_fonction_spi.a(USBP_drv.o)
 .debug_line    0x000046df       0xc2 .\CortexM3\ARM_GCC_541\Debug\write_fonction_spi.a(USBP_episr.o)
 .debug_line    0x000047a1      0x102 .\CortexM3\ARM_GCC_541\Debug\write_fonction_spi.a(USBP_pm.o)
 .debug_line    0x000048a3      0x352 .\CortexM3\ARM_GCC_541\Debug\write_fonction_spi.a(USBP_std.o)
 .debug_line    0x00004bf5       0x6d .\CortexM3\ARM_GCC_541\Debug\write_fonction_spi.a(USBP_vnd.o)
 .debug_line    0x00004c62       0x92 .\CortexM3\ARM_GCC_541\Debug\write_fonction_spi.a(LED_2.o)
 .debug_line    0x00004cf4       0x92 .\CortexM3\ARM_GCC_541\Debug\write_fonction_spi.a(LED_3.o)
 .debug_line    0x00004d86       0x92 .\CortexM3\ARM_GCC_541\Debug\write_fonction_spi.a(LED_4.o)
 .debug_line    0x00004e18       0xb8 .\CortexM3\ARM_GCC_541\Debug\write_fonction_spi.a(USBP_Dp.o)
 .debug_line    0x00004ed0      0x816 .\CortexM3\ARM_GCC_541\Debug\write_fonction_spi.a(CyLib.o)
 .debug_line    0x000056e6      0x367 .\CortexM3\ARM_GCC_541\Debug\write_fonction_spi.a(cyPm.o)
 .debug_line    0x00005a4d       0x94 .\CortexM3\ARM_GCC_541\Debug\write_fonction_spi.a(GPIOJ11.o)
 .debug_line    0x00005ae1       0x94 .\CortexM3\ARM_GCC_541\Debug\write_fonction_spi.a(GPIOJ12.o)
 .debug_line    0x00005b75       0x94 .\CortexM3\ARM_GCC_541\Debug\write_fonction_spi.a(GPIOJ13.o)
 .debug_line    0x00005c09       0x94 .\CortexM3\ARM_GCC_541\Debug\write_fonction_spi.a(GPIOJ14.o)
 .debug_line    0x00005c9d       0x94 .\CortexM3\ARM_GCC_541\Debug\write_fonction_spi.a(GPIOJ15.o)
 .debug_line    0x00005d31       0x66 .\CortexM3\ARM_GCC_541\Debug\write_fonction_spi.a(CyBootAsmGnu.o)
 .debug_line    0x00005d97       0x7e .\CortexM3\ARM_GCC_541\Debug\write_fonction_spi.a(USBP_cls.o)
 .debug_line    0x00005e15       0x5b .\CortexM3\ARM_GCC_541\Debug\write_fonction_spi.a(USBP_descr.o)
 .debug_line    0x00005e70      0x21a .\CortexM3\ARM_GCC_541\Debug\write_fonction_spi.a(CyFlash.o)
 .debug_line    0x0000608a      0x260 .\CortexM3\ARM_GCC_541\Debug\write_fonction_spi.a(CySpc.o)

.debug_frame    0x00000000     0x3eb8
 *(.debug_frame)
 .debug_frame   0x00000000      0x13c .\CortexM3\ARM_GCC_541\Debug\event_groups.o
 .debug_frame   0x0000013c       0x8c .\CortexM3\ARM_GCC_541\Debug\heap_2.o
 .debug_frame   0x000001c8       0x70 .\CortexM3\ARM_GCC_541\Debug\list.o
 .debug_frame   0x00000238      0x9b8 .\CortexM3\ARM_GCC_541\Debug\mpu_wrappers.o
 .debug_frame   0x00000bf0       0xe0 .\CortexM3\ARM_GCC_541\Debug\port.o
 .debug_frame   0x00000cd0      0x3c0 .\CortexM3\ARM_GCC_541\Debug\queue.o
 .debug_frame   0x00001090      0x2f0 .\CortexM3\ARM_GCC_541\Debug\stream_buffer.o
 .debug_frame   0x00001380      0x664 .\CortexM3\ARM_GCC_541\Debug\tasks.o
 .debug_frame   0x000019e4      0x260 .\CortexM3\ARM_GCC_541\Debug\timers.o
 .debug_frame   0x00001c44      0x148 .\CortexM3\ARM_GCC_541\Debug\main.o
 .debug_frame   0x00001d8c      0x574 .\CortexM3\ARM_GCC_541\Debug\dwm1000.o
 .debug_frame   0x00002300       0xe4 .\CortexM3\ARM_GCC_541\Debug\cyfitter_cfg.o
 .debug_frame   0x000023e4       0xb8 .\CortexM3\ARM_GCC_541\Debug\Cm3Start.o
 .debug_frame   0x0000249c      0x23c .\CortexM3\ARM_GCC_541\Debug\write_fonction_spi.a(SPIM.o)
 .debug_frame   0x000026d8       0x30 .\CortexM3\ARM_GCC_541\Debug\write_fonction_spi.a(SPIM_INT.o)
 .debug_frame   0x00002708      0x104 .\CortexM3\ARM_GCC_541\Debug\write_fonction_spi.a(IRQ.o)
 .debug_frame   0x0000280c       0x70 .\CortexM3\ARM_GCC_541\Debug\write_fonction_spi.a(pin_1.o)
 .debug_frame   0x0000287c       0x50 .\CortexM3\ARM_GCC_541\Debug\write_fonction_spi.a(LED_1.o)
 .debug_frame   0x000028cc      0x1dc .\CortexM3\ARM_GCC_541\Debug\write_fonction_spi.a(USBP.o)
 .debug_frame   0x00002aa8      0x194 .\CortexM3\ARM_GCC_541\Debug\write_fonction_spi.a(USBP_drv.o)
 .debug_frame   0x00002c3c       0x5c .\CortexM3\ARM_GCC_541\Debug\write_fonction_spi.a(USBP_episr.o)
 .debug_frame   0x00002c98       0xa0 .\CortexM3\ARM_GCC_541\Debug\write_fonction_spi.a(USBP_pm.o)
 .debug_frame   0x00002d38      0x150 .\CortexM3\ARM_GCC_541\Debug\write_fonction_spi.a(USBP_std.o)
 .debug_frame   0x00002e88       0x20 .\CortexM3\ARM_GCC_541\Debug\write_fonction_spi.a(USBP_vnd.o)
 .debug_frame   0x00002ea8       0x50 .\CortexM3\ARM_GCC_541\Debug\write_fonction_spi.a(LED_2.o)
 .debug_frame   0x00002ef8       0x50 .\CortexM3\ARM_GCC_541\Debug\write_fonction_spi.a(LED_3.o)
 .debug_frame   0x00002f48       0x50 .\CortexM3\ARM_GCC_541\Debug\write_fonction_spi.a(LED_4.o)
 .debug_frame   0x00002f98       0x70 .\CortexM3\ARM_GCC_541\Debug\write_fonction_spi.a(USBP_Dp.o)
 .debug_frame   0x00003008      0x738 .\CortexM3\ARM_GCC_541\Debug\write_fonction_spi.a(CyLib.o)
 .debug_frame   0x00003740      0x1f8 .\CortexM3\ARM_GCC_541\Debug\write_fonction_spi.a(cyPm.o)
 .debug_frame   0x00003938       0x50 .\CortexM3\ARM_GCC_541\Debug\write_fonction_spi.a(GPIOJ11.o)
 .debug_frame   0x00003988       0x50 .\CortexM3\ARM_GCC_541\Debug\write_fonction_spi.a(GPIOJ12.o)
 .debug_frame   0x000039d8       0x50 .\CortexM3\ARM_GCC_541\Debug\write_fonction_spi.a(GPIOJ13.o)
 .debug_frame   0x00003a28       0x50 .\CortexM3\ARM_GCC_541\Debug\write_fonction_spi.a(GPIOJ14.o)
 .debug_frame   0x00003a78       0x50 .\CortexM3\ARM_GCC_541\Debug\write_fonction_spi.a(GPIOJ15.o)
 .debug_frame   0x00003ac8       0x20 .\CortexM3\ARM_GCC_541\Debug\write_fonction_spi.a(USBP_cls.o)
 .debug_frame   0x00003ae8      0x194 .\CortexM3\ARM_GCC_541\Debug\write_fonction_spi.a(CyFlash.o)
 .debug_frame   0x00003c7c      0x180 .\CortexM3\ARM_GCC_541\Debug\write_fonction_spi.a(CySpc.o)
 .debug_frame   0x00003dfc       0x20 c:/program files (x86)/cypress/psoc creator/4.3/psoc creator/import/gnu/arm/5.4.1/bin/../lib/gcc/arm-none-eabi/5.4.1/../../../../arm-none-eabi/lib/armv7-m\libg_nano.a(lib_a-errno.o)
 .debug_frame   0x00003e1c       0x28 c:/program files (x86)/cypress/psoc creator/4.3/psoc creator/import/gnu/arm/5.4.1/bin/../lib/gcc/arm-none-eabi/5.4.1/../../../../arm-none-eabi/lib/armv7-m\libg_nano.a(lib_a-exit.o)
 .debug_frame   0x00003e44       0x2c c:/program files (x86)/cypress/psoc creator/4.3/psoc creator/import/gnu/arm/5.4.1/bin/../lib/gcc/arm-none-eabi/5.4.1/../../../../arm-none-eabi/lib/armv7-m\libg_nano.a(lib_a-init.o)
 .debug_frame   0x00003e70       0x28 c:/program files (x86)/cypress/psoc creator/4.3/psoc creator/import/gnu/arm/5.4.1/bin/../lib/gcc/arm-none-eabi/5.4.1/../../../../arm-none-eabi/lib/armv7-m\libg_nano.a(lib_a-memcpy-stub.o)
 .debug_frame   0x00003e98       0x20 c:/program files (x86)/cypress/psoc creator/4.3/psoc creator/import/gnu/arm/5.4.1/bin/../lib/gcc/arm-none-eabi/5.4.1/../../../../arm-none-eabi/lib/armv7-m\libg_nano.a(lib_a-memset.o)

.debug_str      0x00000000     0x515e
 *(.debug_str)
 .debug_str     0x00000000      0x16a .\CortexM3\ARM_GCC_541\Debug\croutine.o
                                0x1a3 (size before relaxing)
 .debug_str     0x0000016a      0x3a9 .\CortexM3\ARM_GCC_541\Debug\event_groups.o
                                0x624 (size before relaxing)
 .debug_str     0x00000513      0x12f .\CortexM3\ARM_GCC_541\Debug\heap_2.o
                                0x34b (size before relaxing)
 .debug_str     0x00000642       0x86 .\CortexM3\ARM_GCC_541\Debug\list.o
                                0x2f2 (size before relaxing)
 .debug_str     0x000006c8      0xc23 .\CortexM3\ARM_GCC_541\Debug\mpu_wrappers.o
                               0x1490 (size before relaxing)
 .debug_str     0x000012eb      0x12d .\CortexM3\ARM_GCC_541\Debug\port.o
                                0x367 (size before relaxing)
 .debug_str     0x00001418      0x4bf .\CortexM3\ARM_GCC_541\Debug\queue.o
                                0xab7 (size before relaxing)
 .debug_str     0x000018d7      0x254 .\CortexM3\ARM_GCC_541\Debug\stream_buffer.o
                                0x858 (size before relaxing)
 .debug_str     0x00001b2b      0x5b8 .\CortexM3\ARM_GCC_541\Debug\tasks.o
                                0xfd1 (size before relaxing)
 .debug_str     0x000020e3      0x2b3 .\CortexM3\ARM_GCC_541\Debug\timers.o
                                0x882 (size before relaxing)
 .debug_str     0x00002396      0x563 .\CortexM3\ARM_GCC_541\Debug\main.o
                                0x8a6 (size before relaxing)
 .debug_str     0x000028f9      0x5f0 .\CortexM3\ARM_GCC_541\Debug\dwm1000.o
                                0x876 (size before relaxing)
 .debug_str     0x00002ee9      0x192 .\CortexM3\ARM_GCC_541\Debug\cyfitter_cfg.o
                                0x35e (size before relaxing)
 .debug_str     0x0000307b       0x75 .\CortexM3\ARM_GCC_541\Debug\cymetadata.o
                                0x1fe (size before relaxing)
 .debug_str     0x000030f0      0x12a .\CortexM3\ARM_GCC_541\Debug\Cm3Start.o
                                0x324 (size before relaxing)
 .debug_str     0x0000321a      0x27a .\CortexM3\ARM_GCC_541\Debug\write_fonction_spi.a(SPIM.o)
                                0x471 (size before relaxing)
 .debug_str     0x00003494       0x3a .\CortexM3\ARM_GCC_541\Debug\write_fonction_spi.a(SPIM_INT.o)
                                0x240 (size before relaxing)
 .debug_str     0x000034ce       0x91 .\CortexM3\ARM_GCC_541\Debug\write_fonction_spi.a(IRQ.o)
                                0x2a4 (size before relaxing)
 .debug_str     0x0000355f       0x8b .\CortexM3\ARM_GCC_541\Debug\write_fonction_spi.a(pin_1.o)
                                0x238 (size before relaxing)
 .debug_str     0x000035ea       0x4f .\CortexM3\ARM_GCC_541\Debug\write_fonction_spi.a(LED_1.o)
                                0x1fc (size before relaxing)
 .debug_str     0x00003639      0x346 .\CortexM3\ARM_GCC_541\Debug\write_fonction_spi.a(USBP.o)
                                0x60c (size before relaxing)
 .debug_str     0x0000397f      0x2fd .\CortexM3\ARM_GCC_541\Debug\write_fonction_spi.a(USBP_drv.o)
                                0x5e4 (size before relaxing)
 .debug_str     0x00003c7c       0x60 .\CortexM3\ARM_GCC_541\Debug\write_fonction_spi.a(USBP_episr.o)
                                0x2ca (size before relaxing)
 .debug_str     0x00003cdc       0xb4 .\CortexM3\ARM_GCC_541\Debug\write_fonction_spi.a(USBP_pm.o)
                                0x2e6 (size before relaxing)
 .debug_str     0x00003d90      0x216 .\CortexM3\ARM_GCC_541\Debug\write_fonction_spi.a(USBP_std.o)
                                0x6bf (size before relaxing)
 .debug_str     0x00003fa6       0x22 .\CortexM3\ARM_GCC_541\Debug\write_fonction_spi.a(USBP_vnd.o)
                                0x1fe (size before relaxing)
 .debug_str     0x00003fc8       0x4f .\CortexM3\ARM_GCC_541\Debug\write_fonction_spi.a(LED_2.o)
                                0x1fc (size before relaxing)
 .debug_str     0x00004017       0x4f .\CortexM3\ARM_GCC_541\Debug\write_fonction_spi.a(LED_3.o)
                                0x1fc (size before relaxing)
 .debug_str     0x00004066       0x4f .\CortexM3\ARM_GCC_541\Debug\write_fonction_spi.a(LED_4.o)
                                0x1fc (size before relaxing)
 .debug_str     0x000040b5       0x7e .\CortexM3\ARM_GCC_541\Debug\write_fonction_spi.a(USBP_Dp.o)
                                0x246 (size before relaxing)
 .debug_str     0x00004133      0x7c3 .\CortexM3\ARM_GCC_541\Debug\write_fonction_spi.a(CyLib.o)
                                0xa61 (size before relaxing)
 .debug_str     0x000048f6      0x365 .\CortexM3\ARM_GCC_541\Debug\write_fonction_spi.a(cyPm.o)
                                0x74d (size before relaxing)
 .debug_str     0x00004c5b       0x57 .\CortexM3\ARM_GCC_541\Debug\write_fonction_spi.a(GPIOJ11.o)
                                0x206 (size before relaxing)
 .debug_str     0x00004cb2       0x57 .\CortexM3\ARM_GCC_541\Debug\write_fonction_spi.a(GPIOJ12.o)
                                0x206 (size before relaxing)
 .debug_str     0x00004d09       0x57 .\CortexM3\ARM_GCC_541\Debug\write_fonction_spi.a(GPIOJ13.o)
                                0x206 (size before relaxing)
 .debug_str     0x00004d60       0x4a .\CortexM3\ARM_GCC_541\Debug\write_fonction_spi.a(GPIOJ14.o)
                                0x206 (size before relaxing)
 .debug_str     0x00004daa       0x4a .\CortexM3\ARM_GCC_541\Debug\write_fonction_spi.a(GPIOJ15.o)
                                0x206 (size before relaxing)
 .debug_str     0x00004df4       0x22 .\CortexM3\ARM_GCC_541\Debug\write_fonction_spi.a(USBP_cls.o)
                                0x283 (size before relaxing)
 .debug_str     0x00004e16       0xe8 .\CortexM3\ARM_GCC_541\Debug\write_fonction_spi.a(USBP_descr.o)
                                0x30e (size before relaxing)
 .debug_str     0x00004efe      0x1b4 .\CortexM3\ARM_GCC_541\Debug\write_fonction_spi.a(CyFlash.o)
                                0x3da (size before relaxing)
 .debug_str     0x000050b2       0xac .\CortexM3\ARM_GCC_541\Debug\write_fonction_spi.a(CySpc.o)
                                0x352 (size before relaxing)

.debug_loc      0x00000000     0xaa82
 *(.debug_loc)
 .debug_loc     0x00000000      0x6e0 .\CortexM3\ARM_GCC_541\Debug\event_groups.o
 .debug_loc     0x000006e0      0x1cc .\CortexM3\ARM_GCC_541\Debug\heap_2.o
 .debug_loc     0x000008ac       0x65 .\CortexM3\ARM_GCC_541\Debug\list.o
 .debug_loc     0x00000911     0x2060 .\CortexM3\ARM_GCC_541\Debug\mpu_wrappers.o
 .debug_loc     0x00002971       0xa8 .\CortexM3\ARM_GCC_541\Debug\port.o
 .debug_loc     0x00002a19     0x146c .\CortexM3\ARM_GCC_541\Debug\queue.o
 .debug_loc     0x00003e85     0x10b5 .\CortexM3\ARM_GCC_541\Debug\stream_buffer.o
 .debug_loc     0x00004f3a     0x16c9 .\CortexM3\ARM_GCC_541\Debug\tasks.o
 .debug_loc     0x00006603      0x9d7 .\CortexM3\ARM_GCC_541\Debug\timers.o
 .debug_loc     0x00006fda      0x45b .\CortexM3\ARM_GCC_541\Debug\main.o
 .debug_loc     0x00007435      0x8df .\CortexM3\ARM_GCC_541\Debug\dwm1000.o
 .debug_loc     0x00007d14      0x25a .\CortexM3\ARM_GCC_541\Debug\cyfitter_cfg.o
 .debug_loc     0x00007f6e      0x144 .\CortexM3\ARM_GCC_541\Debug\Cm3Start.o
 .debug_loc     0x000080b2      0x15e .\CortexM3\ARM_GCC_541\Debug\write_fonction_spi.a(SPIM.o)
 .debug_loc     0x00008210       0x49 .\CortexM3\ARM_GCC_541\Debug\write_fonction_spi.a(SPIM_INT.o)
 .debug_loc     0x00008259       0x56 .\CortexM3\ARM_GCC_541\Debug\write_fonction_spi.a(IRQ.o)
 .debug_loc     0x000082af       0x84 .\CortexM3\ARM_GCC_541\Debug\write_fonction_spi.a(pin_1.o)
 .debug_loc     0x00008333       0x42 .\CortexM3\ARM_GCC_541\Debug\write_fonction_spi.a(LED_1.o)
 .debug_loc     0x00008375      0x3e1 .\CortexM3\ARM_GCC_541\Debug\write_fonction_spi.a(USBP.o)
 .debug_loc     0x00008756      0x171 .\CortexM3\ARM_GCC_541\Debug\write_fonction_spi.a(USBP_drv.o)
 .debug_loc     0x000088c7       0x26 .\CortexM3\ARM_GCC_541\Debug\write_fonction_spi.a(USBP_pm.o)
 .debug_loc     0x000088ed      0x855 .\CortexM3\ARM_GCC_541\Debug\write_fonction_spi.a(USBP_std.o)
 .debug_loc     0x00009142       0x42 .\CortexM3\ARM_GCC_541\Debug\write_fonction_spi.a(LED_2.o)
 .debug_loc     0x00009184       0x42 .\CortexM3\ARM_GCC_541\Debug\write_fonction_spi.a(LED_3.o)
 .debug_loc     0x000091c6       0x42 .\CortexM3\ARM_GCC_541\Debug\write_fonction_spi.a(LED_4.o)
 .debug_loc     0x00009208       0x84 .\CortexM3\ARM_GCC_541\Debug\write_fonction_spi.a(USBP_Dp.o)
 .debug_loc     0x0000928c      0xa11 .\CortexM3\ARM_GCC_541\Debug\write_fonction_spi.a(CyLib.o)
 .debug_loc     0x00009c9d      0x1e4 .\CortexM3\ARM_GCC_541\Debug\write_fonction_spi.a(cyPm.o)
 .debug_loc     0x00009e81       0x42 .\CortexM3\ARM_GCC_541\Debug\write_fonction_spi.a(GPIOJ11.o)
 .debug_loc     0x00009ec3       0x42 .\CortexM3\ARM_GCC_541\Debug\write_fonction_spi.a(GPIOJ12.o)
 .debug_loc     0x00009f05       0x42 .\CortexM3\ARM_GCC_541\Debug\write_fonction_spi.a(GPIOJ13.o)
 .debug_loc     0x00009f47       0x42 .\CortexM3\ARM_GCC_541\Debug\write_fonction_spi.a(GPIOJ14.o)
 .debug_loc     0x00009f89       0x42 .\CortexM3\ARM_GCC_541\Debug\write_fonction_spi.a(GPIOJ15.o)
 .debug_loc     0x00009fcb      0x3b2 .\CortexM3\ARM_GCC_541\Debug\write_fonction_spi.a(CyFlash.o)
 .debug_loc     0x0000a37d      0x705 .\CortexM3\ARM_GCC_541\Debug\write_fonction_spi.a(CySpc.o)

.debug_macinfo
 *(.debug_macinfo)

.debug_ranges   0x00000000     0x13d8
 *(.debug_ranges)
 .debug_ranges  0x00000000       0x70 .\CortexM3\ARM_GCC_541\Debug\event_groups.o
 .debug_ranges  0x00000070       0x30 .\CortexM3\ARM_GCC_541\Debug\heap_2.o
 .debug_ranges  0x000000a0       0x30 .\CortexM3\ARM_GCC_541\Debug\list.o
 .debug_ranges  0x000000d0      0x250 .\CortexM3\ARM_GCC_541\Debug\mpu_wrappers.o
 .debug_ranges  0x00000320       0x60 .\CortexM3\ARM_GCC_541\Debug\port.o
 .debug_ranges  0x00000380      0x150 .\CortexM3\ARM_GCC_541\Debug\queue.o
 .debug_ranges  0x000004d0       0xb0 .\CortexM3\ARM_GCC_541\Debug\stream_buffer.o
 .debug_ranges  0x00000580      0x1f8 .\CortexM3\ARM_GCC_541\Debug\tasks.o
 .debug_ranges  0x00000778       0xa8 .\CortexM3\ARM_GCC_541\Debug\timers.o
 .debug_ranges  0x00000820       0x58 .\CortexM3\ARM_GCC_541\Debug\main.o
 .debug_ranges  0x00000878      0x180 .\CortexM3\ARM_GCC_541\Debug\dwm1000.o
 .debug_ranges  0x000009f8       0x48 .\CortexM3\ARM_GCC_541\Debug\cyfitter_cfg.o
 .debug_ranges  0x00000a40       0x38 .\CortexM3\ARM_GCC_541\Debug\Cm3Start.o
 .debug_ranges  0x00000a78       0xc8 .\CortexM3\ARM_GCC_541\Debug\write_fonction_spi.a(SPIM.o)
 .debug_ranges  0x00000b40       0x18 .\CortexM3\ARM_GCC_541\Debug\write_fonction_spi.a(SPIM_INT.o)
 .debug_ranges  0x00000b58       0x70 .\CortexM3\ARM_GCC_541\Debug\write_fonction_spi.a(IRQ.o)
 .debug_ranges  0x00000bc8       0x38 .\CortexM3\ARM_GCC_541\Debug\write_fonction_spi.a(pin_1.o)
 .debug_ranges  0x00000c00       0x28 .\CortexM3\ARM_GCC_541\Debug\write_fonction_spi.a(LED_1.o)
 .debug_ranges  0x00000c28       0xd0 .\CortexM3\ARM_GCC_541\Debug\write_fonction_spi.a(USBP.o)
 .debug_ranges  0x00000cf8       0x88 .\CortexM3\ARM_GCC_541\Debug\write_fonction_spi.a(USBP_drv.o)
 .debug_ranges  0x00000d80       0x28 .\CortexM3\ARM_GCC_541\Debug\write_fonction_spi.a(USBP_episr.o)
 .debug_ranges  0x00000da8       0x30 .\CortexM3\ARM_GCC_541\Debug\write_fonction_spi.a(USBP_pm.o)
 .debug_ranges  0x00000dd8       0x68 .\CortexM3\ARM_GCC_541\Debug\write_fonction_spi.a(USBP_std.o)
 .debug_ranges  0x00000e40       0x10 .\CortexM3\ARM_GCC_541\Debug\write_fonction_spi.a(USBP_vnd.o)
 .debug_ranges  0x00000e50       0x28 .\CortexM3\ARM_GCC_541\Debug\write_fonction_spi.a(LED_2.o)
 .debug_ranges  0x00000e78       0x28 .\CortexM3\ARM_GCC_541\Debug\write_fonction_spi.a(LED_3.o)
 .debug_ranges  0x00000ea0       0x28 .\CortexM3\ARM_GCC_541\Debug\write_fonction_spi.a(LED_4.o)
 .debug_ranges  0x00000ec8       0x38 .\CortexM3\ARM_GCC_541\Debug\write_fonction_spi.a(USBP_Dp.o)
 .debug_ranges  0x00000f00      0x290 .\CortexM3\ARM_GCC_541\Debug\write_fonction_spi.a(CyLib.o)
 .debug_ranges  0x00001190       0x88 .\CortexM3\ARM_GCC_541\Debug\write_fonction_spi.a(cyPm.o)
 .debug_ranges  0x00001218       0x28 .\CortexM3\ARM_GCC_541\Debug\write_fonction_spi.a(GPIOJ11.o)
 .debug_ranges  0x00001240       0x28 .\CortexM3\ARM_GCC_541\Debug\write_fonction_spi.a(GPIOJ12.o)
 .debug_ranges  0x00001268       0x28 .\CortexM3\ARM_GCC_541\Debug\write_fonction_spi.a(GPIOJ13.o)
 .debug_ranges  0x00001290       0x28 .\CortexM3\ARM_GCC_541\Debug\write_fonction_spi.a(GPIOJ14.o)
 .debug_ranges  0x000012b8       0x28 .\CortexM3\ARM_GCC_541\Debug\write_fonction_spi.a(GPIOJ15.o)
 .debug_ranges  0x000012e0       0x10 .\CortexM3\ARM_GCC_541\Debug\write_fonction_spi.a(USBP_cls.o)
 .debug_ranges  0x000012f0       0x78 .\CortexM3\ARM_GCC_541\Debug\write_fonction_spi.a(CyFlash.o)
 .debug_ranges  0x00001368       0x70 .\CortexM3\ARM_GCC_541\Debug\write_fonction_spi.a(CySpc.o)

.comment        0x00000000       0x6e
 .comment       0x00000000       0x6e .\CortexM3\ARM_GCC_541\Debug\croutine.o
                                 0x6f (size before relaxing)
 .comment       0x0000006e       0x6f .\CortexM3\ARM_GCC_541\Debug\event_groups.o
 .comment       0x0000006e       0x6f .\CortexM3\ARM_GCC_541\Debug\heap_2.o
 .comment       0x0000006e       0x6f .\CortexM3\ARM_GCC_541\Debug\list.o
 .comment       0x0000006e       0x6f .\CortexM3\ARM_GCC_541\Debug\mpu_wrappers.o
 .comment       0x0000006e       0x6f .\CortexM3\ARM_GCC_541\Debug\port.o
 .comment       0x0000006e       0x6f .\CortexM3\ARM_GCC_541\Debug\queue.o
 .comment       0x0000006e       0x6f .\CortexM3\ARM_GCC_541\Debug\stream_buffer.o
 .comment       0x0000006e       0x6f .\CortexM3\ARM_GCC_541\Debug\tasks.o
 .comment       0x0000006e       0x6f .\CortexM3\ARM_GCC_541\Debug\timers.o
 .comment       0x0000006e       0x6f .\CortexM3\ARM_GCC_541\Debug\main.o
 .comment       0x0000006e       0x6f .\CortexM3\ARM_GCC_541\Debug\dwm1000.o
 .comment       0x0000006e       0x6f .\CortexM3\ARM_GCC_541\Debug\cyfitter_cfg.o
 .comment       0x0000006e       0x6f .\CortexM3\ARM_GCC_541\Debug\cymetadata.o
 .comment       0x0000006e       0x6f .\CortexM3\ARM_GCC_541\Debug\Cm3Start.o
 .comment       0x0000006e       0x6f .\CortexM3\ARM_GCC_541\Debug\write_fonction_spi.a(SPIM.o)
 .comment       0x0000006e       0x6f .\CortexM3\ARM_GCC_541\Debug\write_fonction_spi.a(SPIM_INT.o)
 .comment       0x0000006e       0x6f .\CortexM3\ARM_GCC_541\Debug\write_fonction_spi.a(IRQ.o)
 .comment       0x0000006e       0x6f .\CortexM3\ARM_GCC_541\Debug\write_fonction_spi.a(pin_1.o)
 .comment       0x0000006e       0x6f .\CortexM3\ARM_GCC_541\Debug\write_fonction_spi.a(LED_1.o)
 .comment       0x0000006e       0x6f .\CortexM3\ARM_GCC_541\Debug\write_fonction_spi.a(USBP.o)
 .comment       0x0000006e       0x6f .\CortexM3\ARM_GCC_541\Debug\write_fonction_spi.a(USBP_drv.o)
 .comment       0x0000006e       0x6f .\CortexM3\ARM_GCC_541\Debug\write_fonction_spi.a(USBP_episr.o)
 .comment       0x0000006e       0x6f .\CortexM3\ARM_GCC_541\Debug\write_fonction_spi.a(USBP_pm.o)
 .comment       0x0000006e       0x6f .\CortexM3\ARM_GCC_541\Debug\write_fonction_spi.a(USBP_std.o)
 .comment       0x0000006e       0x6f .\CortexM3\ARM_GCC_541\Debug\write_fonction_spi.a(USBP_vnd.o)
 .comment       0x0000006e       0x6f .\CortexM3\ARM_GCC_541\Debug\write_fonction_spi.a(LED_2.o)
 .comment       0x0000006e       0x6f .\CortexM3\ARM_GCC_541\Debug\write_fonction_spi.a(LED_3.o)
 .comment       0x0000006e       0x6f .\CortexM3\ARM_GCC_541\Debug\write_fonction_spi.a(LED_4.o)
 .comment       0x0000006e       0x6f .\CortexM3\ARM_GCC_541\Debug\write_fonction_spi.a(USBP_Dp.o)
 .comment       0x0000006e       0x6f .\CortexM3\ARM_GCC_541\Debug\write_fonction_spi.a(CyLib.o)
 .comment       0x0000006e       0x6f .\CortexM3\ARM_GCC_541\Debug\write_fonction_spi.a(cyPm.o)
 .comment       0x0000006e       0x6f .\CortexM3\ARM_GCC_541\Debug\write_fonction_spi.a(GPIOJ11.o)
 .comment       0x0000006e       0x6f .\CortexM3\ARM_GCC_541\Debug\write_fonction_spi.a(GPIOJ12.o)
 .comment       0x0000006e       0x6f .\CortexM3\ARM_GCC_541\Debug\write_fonction_spi.a(GPIOJ13.o)
 .comment       0x0000006e       0x6f .\CortexM3\ARM_GCC_541\Debug\write_fonction_spi.a(GPIOJ14.o)
 .comment       0x0000006e       0x6f .\CortexM3\ARM_GCC_541\Debug\write_fonction_spi.a(GPIOJ15.o)
 .comment       0x0000006e       0x6f .\CortexM3\ARM_GCC_541\Debug\write_fonction_spi.a(USBP_cls.o)
 .comment       0x0000006e       0x6f .\CortexM3\ARM_GCC_541\Debug\write_fonction_spi.a(USBP_descr.o)
 .comment       0x0000006e       0x6f .\CortexM3\ARM_GCC_541\Debug\write_fonction_spi.a(CyFlash.o)
 .comment       0x0000006e       0x6f .\CortexM3\ARM_GCC_541\Debug\write_fonction_spi.a(CySpc.o)

.debug_weaknames
 *(.debug_weaknames)

.debug_funcnames
 *(.debug_funcnames)

.debug_typenames
 *(.debug_typenames)

.debug_varnames
 *(.debug_varnames)

.note.gnu.arm.ident
 *(.note.gnu.arm.ident)

.ARM.attributes
                0x00000000       0x29
 *(.ARM.attributes)
 .ARM.attributes
                0x00000000       0x1d c:/program files (x86)/cypress/psoc creator/4.3/psoc creator/import/gnu/arm/5.4.1/bin/../lib/gcc/arm-none-eabi/5.4.1/armv7-m/crti.o
 .ARM.attributes
                0x0000001d       0x2d c:/program files (x86)/cypress/psoc creator/4.3/psoc creator/import/gnu/arm/5.4.1/bin/../lib/gcc/arm-none-eabi/5.4.1/armv7-m/crtbegin.o
 .ARM.attributes
                0x0000004a       0x1b c:/program files (x86)/cypress/psoc creator/4.3/psoc creator/import/gnu/arm/5.4.1/bin/../lib/gcc/arm-none-eabi/5.4.1/../../../../arm-none-eabi/lib/armv7-m/crt0.o
 .ARM.attributes
                0x00000065       0x33 .\CortexM3\ARM_GCC_541\Debug\croutine.o
 .ARM.attributes
                0x00000098       0x33 .\CortexM3\ARM_GCC_541\Debug\event_groups.o
 .ARM.attributes
                0x000000cb       0x33 .\CortexM3\ARM_GCC_541\Debug\heap_2.o
 .ARM.attributes
                0x000000fe       0x33 .\CortexM3\ARM_GCC_541\Debug\list.o
 .ARM.attributes
                0x00000131       0x33 .\CortexM3\ARM_GCC_541\Debug\mpu_wrappers.o
 .ARM.attributes
                0x00000164       0x33 .\CortexM3\ARM_GCC_541\Debug\port.o
 .ARM.attributes
                0x00000197       0x33 .\CortexM3\ARM_GCC_541\Debug\queue.o
 .ARM.attributes
                0x000001ca       0x33 .\CortexM3\ARM_GCC_541\Debug\stream_buffer.o
 .ARM.attributes
                0x000001fd       0x33 .\CortexM3\ARM_GCC_541\Debug\tasks.o
 .ARM.attributes
                0x00000230       0x33 .\CortexM3\ARM_GCC_541\Debug\timers.o
 .ARM.attributes
                0x00000263       0x33 .\CortexM3\ARM_GCC_541\Debug\main.o
 .ARM.attributes
                0x00000296       0x33 .\CortexM3\ARM_GCC_541\Debug\dwm1000.o
 .ARM.attributes
                0x000002c9       0x33 .\CortexM3\ARM_GCC_541\Debug\cyfitter_cfg.o
 .ARM.attributes
                0x000002fc       0x33 .\CortexM3\ARM_GCC_541\Debug\cymetadata.o
 .ARM.attributes
                0x0000032f       0x33 .\CortexM3\ARM_GCC_541\Debug\Cm3Start.o
 .ARM.attributes
                0x00000362       0x33 .\CortexM3\ARM_GCC_541\Debug\write_fonction_spi.a(SPIM.o)
 .ARM.attributes